2382  execve("./pprime", ["./pprime", "5000", "2"], 0x7ffe92ae47d8 /* 18 vars */) = 0
2382  brk(NULL)                         = 0x58f35fe09000
2382  arch_prctl(0x3001 /* ARCH_??? */, 0x7ffe73639bf0) = -1 EINVAL (Invalid argument)
2382  mmap(NULL, 8192, PROT_READ|PROT_WRITE, MAP_PRIVATE|MAP_ANONYMOUS, -1, 0) = 0x7d54881a6000
2382  access("/etc/ld.so.preload", R_OK) = -1 ENOENT (No such file or directory)
2382  openat(AT_FDCWD, "/etc/ld.so.cache", O_RDONLY|O_CLOEXEC) = 3
2382  newfstatat(3, "", {st_mode=S_IFREG|0644, st_size=29392, ...}, AT_EMPTY_PATH) = 0
2382  mmap(NULL, 29392, PROT_READ, MAP_PRIVATE, 3, 0) = 0x7d548819e000
2382  close(3)                          = 0
2382  openat(AT_FDCWD, "/lib/x86_64-linux-gnu/libm.so.6", O_RDONLY|O_CLOEXEC) = 3
2382  read(3, "\177ELF\2\1\1\3\0\0\0\0\0\0\0\0\3\0>\0\1\0\0\0\0\0\0\0\0\0\0\0"..., 832) = 832
2382  newfstatat(3, "", {st_mode=S_IFREG|0644, st_size=940560, ...}, AT_EMPTY_PATH) = 0
2382  mmap(NULL, 942344, PROT_READ, MAP_PRIVATE|MAP_DENYWRITE, 3, 0) = 0x7d54880b7000
2382  mmap(0x7d54880c5000, 507904, PROT_READ|PROT_EXEC, MAP_PRIVATE|MAP_FIXED|MAP_DENYWRITE, 3, 0xe000) = 0x7d54880c5000
2382  mmap(0x7d5488141000, 372736, PROT_READ, MAP_PRIVATE|MAP_FIXED|MAP_DENYWRITE, 3, 0x8a000) = 0x7d5488141000
2382  mmap(0x7d548819c000, 8192, PROT_READ|PROT_WRITE, MAP_PRIVATE|MAP_FIXED|MAP_DENYWRITE, 3, 0xe4000) = 0x7d548819c000
2382  close(3)                          = 0
2382  openat(AT_FDCWD, "/lib/x86_64-linux-gnu/libc.so.6", O_RDONLY|O_CLOEXEC) = 3
2382  read(3, "\177ELF\2\1\1\3\0\0\0\0\0\0\0\0\3\0>\0\1\0\0\0P\237\2\0\0\0\0\0"..., 832) = 832
2382  pread64(3, "\6\0\0\0\4\0\0\0@\0\0\0\0\0\0\0@\0\0\0\0\0\0\0@\0\0\0\0\0\0\0"..., 784, 64) = 784
2382  pread64(3, "\4\0\0\0 \0\0\0\5\0\0\0GNU\0\2\0\0\300\4\0\0\0\3\0\0\0\0\0\0\0"..., 48, 848) = 48
2382  pread64(3, "\4\0\0\0\24\0\0\0\3\0\0\0GNU\0\325\31p\226\367\t\200\30)\261\30\257\33|\366c"..., 68, 896) = 68
2382  newfstatat(3, "", {st_mode=S_IFREG|0755, st_size=2220400, ...}, AT_EMPTY_PATH) = 0
2382  pread64(3, "\6\0\0\0\4\0\0\0@\0\0\0\0\0\0\0@\0\0\0\0\0\0\0@\0\0\0\0\0\0\0"..., 784, 64) = 784
2382  mmap(NULL, 2264656, PROT_READ, MAP_PRIVATE|MAP_DENYWRITE, 3, 0) = 0x7d5487e8e000
2382  mprotect(0x7d5487eb6000, 2023424, PROT_NONE) = 0
2382  mmap(0x7d5487eb6000, 1658880, PROT_READ|PROT_EXEC, MAP_PRIVATE|MAP_FIXED|MAP_DENYWRITE, 3, 0x28000) = 0x7d5487eb6000
2382  mmap(0x7d548804b000, 360448, PROT_READ, MAP_PRIVATE|MAP_FIXED|MAP_DENYWRITE, 3, 0x1bd000) = 0x7d548804b000
2382  mmap(0x7d54880a4000, 24576, PROT_READ|PROT_WRITE, MAP_PRIVATE|MAP_FIXED|MAP_DENYWRITE, 3, 0x215000) = 0x7d54880a4000
2382  mmap(0x7d54880aa000, 52816, PROT_READ|PROT_WRITE, MAP_PRIVATE|MAP_FIXED|MAP_ANONYMOUS, -1, 0) = 0x7d54880aa000
2382  close(3)                          = 0
2382  mmap(NULL, 12288, PROT_READ|PROT_WRITE, MAP_PRIVATE|MAP_ANONYMOUS, -1, 0) = 0x7d5487e8b000
2382  arch_prctl(ARCH_SET_FS, 0x7d5487e8b740) = 0
2382  set_tid_address(0x7d5487e8ba10)   = 2382
2382  set_robust_list(0x7d5487e8ba20, 24) = 0
2382  rseq(0x7d5487e8c0e0, 0x20, 0, 0x53053053) = 0
2382  mprotect(0x7d54880a4000, 16384, PROT_READ) = 0
2382  mprotect(0x7d548819c000, 4096, PROT_READ) = 0
2382  mprotect(0x58f35e5c4000, 4096, PROT_READ) = 0
2382  mprotect(0x7d54881e0000, 8192, PROT_READ) = 0
2382  prlimit64(0, RLIMIT_STACK, NULL, {rlim_cur=8192*1024, rlim_max=RLIM64_INFINITY}) = 0
2382  munmap(0x7d548819e000, 29392)     = 0
2382  clone(child_stack=NULL, flags=CLONE_CHILD_CLEARTID|CLONE_CHILD_SETTID|SIGCHLD, child_tidptr=0x7d5487e8ba10) = 2383
2382  clone(child_stack=NULL, flags=CLONE_CHILD_CLEARTID|CLONE_CHILD_SETTID|SIGCHLD <unfinished ...>
2383  set_robust_list(0x7d5487e8ba20, 24 <unfinished ...>
2382  <... clone resumed>, child_tidptr=0x7d5487e8ba10) = 2384
2383  <... set_robust_list resumed>)    = 0
2382  wait4(-1,  <unfinished ...>
2384  set_robust_list(0x7d5487e8ba20, 24) = 0
2383  exit_group(111)                   = ?
2383  +++ exited with 111 +++
2382  <... wait4 resumed>[{WIFEXITED(s) && WEXITSTATUS(s) == 111}], 0, NULL) = 2383
2382  --- SIGCHLD {si_signo=SIGCHLD, si_code=CLD_EXITED, si_pid=2383, si_uid=1000, si_status=111, si_utime=0, si_stime=0} ---
2382  wait4(-1,  <unfinished ...>
2384  exit_group(46)                    = ?
2384  +++ exited with 46 +++
2382  <... wait4 resumed>[{WIFEXITED(s) && WEXITSTATUS(s) == 46}], 0, NULL) = 2384
2382  --- SIGCHLD {si_signo=SIGCHLD, si_code=CLD_EXITED, si_pid=2384, si_uid=1000, si_status=46, si_utime=0, si_stime=0} ---
2382  newfstatat(1, "", {st_mode=S_IFREG|0664, st_size=69, ...}, AT_EMPTY_PATH) = 0
2382  getrandom("\x0c\x3e\x45\x64\xcf\x71\x3d\xc2", 8, GRND_NONBLOCK) = 8
2382  brk(NULL)                         = 0x58f35fe09000
2382  brk(0x58f35fe2a000)               = 0x58f35fe2a000
2382  write(1, "Testcase 2 Expected: 157 Output:"..., 72) = 72
2382  exit_group(0)                     = ?
2382  +++ exited with 0 +++
