2394  execve("./pprime", ["./pprime", "50000", "3"], 0x7ffe415887c8 /* 18 vars */) = 0
2394  brk(NULL)                         = 0x59e40c7fd000
2394  arch_prctl(0x3001 /* ARCH_??? */, 0x7ffd2c0eef60) = -1 EINVAL (Invalid argument)
2394  mmap(NULL, 8192, PROT_READ|PROT_WRITE, MAP_PRIVATE|MAP_ANONYMOUS, -1, 0) = 0x7a9dbc511000
2394  access("/etc/ld.so.preload", R_OK) = -1 ENOENT (No such file or directory)
2394  openat(AT_FDCWD, "/etc/ld.so.cache", O_RDONLY|O_CLOEXEC) = 3
2394  newfstatat(3, "", {st_mode=S_IFREG|0644, st_size=29392, ...}, AT_EMPTY_PATH) = 0
2394  mmap(NULL, 29392, PROT_READ, MAP_PRIVATE, 3, 0) = 0x7a9dbc509000
2394  close(3)                          = 0
2394  openat(AT_FDCWD, "/lib/x86_64-linux-gnu/libm.so.6", O_RDONLY|O_CLOEXEC) = 3
2394  read(3, "\177ELF\2\1\1\3\0\0\0\0\0\0\0\0\3\0>\0\1\0\0\0\0\0\0\0\0\0\0\0"..., 832) = 832
2394  newfstatat(3, "", {st_mode=S_IFREG|0644, st_size=940560, ...}, AT_EMPTY_PATH) = 0
2394  mmap(NULL, 942344, PROT_READ, MAP_PRIVATE|MAP_DENYWRITE, 3, 0) = 0x7a9dbc422000
2394  mmap(0x7a9dbc430000, 507904, PROT_READ|PROT_EXEC, MAP_PRIVATE|MAP_FIXED|MAP_DENYWRITE, 3, 0xe000) = 0x7a9dbc430000
2394  mmap(0x7a9dbc4ac000, 372736, PROT_READ, MAP_PRIVATE|MAP_FIXED|MAP_DENYWRITE, 3, 0x8a000) = 0x7a9dbc4ac000
2394  mmap(0x7a9dbc507000, 8192, PROT_READ|PROT_WRITE, MAP_PRIVATE|MAP_FIXED|MAP_DENYWRITE, 3, 0xe4000) = 0x7a9dbc507000
2394  close(3)                          = 0
2394  openat(AT_FDCWD, "/lib/x86_64-linux-gnu/libc.so.6", O_RDONLY|O_CLOEXEC) = 3
2394  read(3, "\177ELF\2\1\1\3\0\0\0\0\0\0\0\0\3\0>\0\1\0\0\0P\237\2\0\0\0\0\0"..., 832) = 832
2394  pread64(3, "\6\0\0\0\4\0\0\0@\0\0\0\0\0\0\0@\0\0\0\0\0\0\0@\0\0\0\0\0\0\0"..., 784, 64) = 784
2394  pread64(3, "\4\0\0\0 \0\0\0\5\0\0\0GNU\0\2\0\0\300\4\0\0\0\3\0\0\0\0\0\0\0"..., 48, 848) = 48
2394  pread64(3, "\4\0\0\0\24\0\0\0\3\0\0\0GNU\0\325\31p\226\367\t\200\30)\261\30\257\33|\366c"..., 68, 896) = 68
2394  newfstatat(3, "", {st_mode=S_IFREG|0755, st_size=2220400, ...}, AT_EMPTY_PATH) = 0
2394  pread64(3, "\6\0\0\0\4\0\0\0@\0\0\0\0\0\0\0@\0\0\0\0\0\0\0@\0\0\0\0\0\0\0"..., 784, 64) = 784
2394  mmap(NULL, 2264656, PROT_READ, MAP_PRIVATE|MAP_DENYWRITE, 3, 0) = 0x7a9dbc1f9000
2394  mprotect(0x7a9dbc221000, 2023424, PROT_NONE) = 0
2394  mmap(0x7a9dbc221000, 1658880, PROT_READ|PROT_EXEC, MAP_PRIVATE|MAP_FIXED|MAP_DENYWRITE, 3, 0x28000) = 0x7a9dbc221000
2394  mmap(0x7a9dbc3b6000, 360448, PROT_READ, MAP_PRIVATE|MAP_FIXED|MAP_DENYWRITE, 3, 0x1bd000) = 0x7a9dbc3b6000
2394  mmap(0x7a9dbc40f000, 24576, PROT_READ|PROT_WRITE, MAP_PRIVATE|MAP_FIXED|MAP_DENYWRITE, 3, 0x215000) = 0x7a9dbc40f000
2394  mmap(0x7a9dbc415000, 52816, PROT_READ|PROT_WRITE, MAP_PRIVATE|MAP_FIXED|MAP_ANONYMOUS, -1, 0) = 0x7a9dbc415000
2394  close(3)                          = 0
2394  mmap(NULL, 12288, PROT_READ|PROT_WRITE, MAP_PRIVATE|MAP_ANONYMOUS, -1, 0) = 0x7a9dbc1f6000
2394  arch_prctl(ARCH_SET_FS, 0x7a9dbc1f6740) = 0
2394  set_tid_address(0x7a9dbc1f6a10)   = 2394
2394  set_robust_list(0x7a9dbc1f6a20, 24) = 0
2394  rseq(0x7a9dbc1f70e0, 0x20, 0, 0x53053053) = 0
2394  mprotect(0x7a9dbc40f000, 16384, PROT_READ) = 0
2394  mprotect(0x7a9dbc507000, 4096, PROT_READ) = 0
2394  mprotect(0x59e40aad1000, 4096, PROT_READ) = 0
2394  mprotect(0x7a9dbc54b000, 8192, PROT_READ) = 0
2394  prlimit64(0, RLIMIT_STACK, NULL, {rlim_cur=8192*1024, rlim_max=RLIM64_INFINITY}) = 0
2394  munmap(0x7a9dbc509000, 29392)     = 0
2394  clone(child_stack=NULL, flags=CLONE_CHILD_CLEARTID|CLONE_CHILD_SETTID|SIGCHLD, child_tidptr=0x7a9dbc1f6a10) = 2395
2394  clone(child_stack=NULL, flags=CLONE_CHILD_CLEARTID|CLONE_CHILD_SETTID|SIGCHLD <unfinished ...>
2395  set_robust_list(0x7a9dbc1f6a20, 24) = 0
2394  <... clone resumed>, child_tidptr=0x7a9dbc1f6a10) = 2396
2394  wait4(-1,  <unfinished ...>
2396  set_robust_list(0x7a9dbc1f6a20, 24) = 0
2395  exit_group(202)                   = ?
2395  +++ exited with 202 +++
2394  <... wait4 resumed>[{WIFEXITED(s) && WEXITSTATUS(s) == 202}], 0, NULL) = 2395
2394  --- SIGCHLD {si_signo=SIGCHLD, si_code=CLD_EXITED, si_pid=2395, si_uid=1000, si_status=202, si_utime=0, si_stime=0} ---
2394  wait4(-1,  <unfinished ...>
2396  exit_group(67)                    = ?
2396  +++ exited with 67 +++
2394  <... wait4 resumed>[{WIFEXITED(s) && WEXITSTATUS(s) == 67}], 0, NULL) = 2396
2394  --- SIGCHLD {si_signo=SIGCHLD, si_code=CLD_EXITED, si_pid=2396, si_uid=1000, si_status=67, si_utime=0, si_stime=0} ---
2394  newfstatat(1, "", {st_mode=S_IFREG|0664, st_size=141, ...}, AT_EMPTY_PATH) = 0
2394  getrandom("\xa4\x79\x60\xf3\x85\x6a\x6d\x1c", 8, GRND_NONBLOCK) = 8
2394  brk(NULL)                         = 0x59e40c7fd000
2394  brk(0x59e40c81e000)               = 0x59e40c81e000
2394  write(1, "Testcase 3 Expected: 13 Output: "..., 72) = 72
2394  exit_group(0)                     = ?
2394  +++ exited with 0 +++
