2406  execve("./pprime", ["./pprime", "500000", "4"], 0x7fff83a7c7f8 /* 18 vars */) = 0
2406  brk(NULL)                         = 0x57f277f94000
2406  arch_prctl(0x3001 /* ARCH_??? */, 0x7fffd7abe920) = -1 EINVAL (Invalid argument)
2406  mmap(NULL, 8192, PROT_READ|PROT_WRITE, MAP_PRIVATE|MAP_ANONYMOUS, -1, 0) = 0x76eda47d4000
2406  access("/etc/ld.so.preload", R_OK) = -1 ENOENT (No such file or directory)
2406  openat(AT_FDCWD, "/etc/ld.so.cache", O_RDONLY|O_CLOEXEC) = 3
2406  newfstatat(3, "", {st_mode=S_IFREG|0644, st_size=29392, ...}, AT_EMPTY_PATH) = 0
2406  mmap(NULL, 29392, PROT_READ, MAP_PRIVATE, 3, 0) = 0x76eda47cc000
2406  close(3)                          = 0
2406  openat(AT_FDCWD, "/lib/x86_64-linux-gnu/libm.so.6", O_RDONLY|O_CLOEXEC) = 3
2406  read(3, "\177ELF\2\1\1\3\0\0\0\0\0\0\0\0\3\0>\0\1\0\0\0\0\0\0\0\0\0\0\0"..., 832) = 832
2406  newfstatat(3, "", {st_mode=S_IFREG|0644, st_size=940560, ...}, AT_EMPTY_PATH) = 0
2406  mmap(NULL, 942344, PROT_READ, MAP_PRIVATE|MAP_DENYWRITE, 3, 0) = 0x76eda46e5000
2406  mmap(0x76eda46f3000, 507904, PROT_READ|PROT_EXEC, MAP_PRIVATE|MAP_FIXED|MAP_DENYWRITE, 3, 0xe000) = 0x76eda46f3000
2406  mmap(0x76eda476f000, 372736, PROT_READ, MAP_PRIVATE|MAP_FIXED|MAP_DENYWRITE, 3, 0x8a000) = 0x76eda476f000
2406  mmap(0x76eda47ca000, 8192, PROT_READ|PROT_WRITE, MAP_PRIVATE|MAP_FIXED|MAP_DENYWRITE, 3, 0xe4000) = 0x76eda47ca000
2406  close(3)                          = 0
2406  openat(AT_FDCWD, "/lib/x86_64-linux-gnu/libc.so.6", O_RDONLY|O_CLOEXEC) = 3
2406  read(3, "\177ELF\2\1\1\3\0\0\0\0\0\0\0\0\3\0>\0\1\0\0\0P\237\2\0\0\0\0\0"..., 832) = 832
2406  pread64(3, "\6\0\0\0\4\0\0\0@\0\0\0\0\0\0\0@\0\0\0\0\0\0\0@\0\0\0\0\0\0\0"..., 784, 64) = 784
2406  pread64(3, "\4\0\0\0 \0\0\0\5\0\0\0GNU\0\2\0\0\300\4\0\0\0\3\0\0\0\0\0\0\0"..., 48, 848) = 48
2406  pread64(3, "\4\0\0\0\24\0\0\0\3\0\0\0GNU\0\325\31p\226\367\t\200\30)\261\30\257\33|\366c"..., 68, 896) = 68
2406  newfstatat(3, "", {st_mode=S_IFREG|0755, st_size=2220400, ...}, AT_EMPTY_PATH) = 0
2406  pread64(3, "\6\0\0\0\4\0\0\0@\0\0\0\0\0\0\0@\0\0\0\0\0\0\0@\0\0\0\0\0\0\0"..., 784, 64) = 784
2406  mmap(NULL, 2264656, PROT_READ, MAP_PRIVATE|MAP_DENYWRITE, 3, 0) = 0x76eda44bc000
2406  mprotect(0x76eda44e4000, 2023424, PROT_NONE) = 0
2406  mmap(0x76eda44e4000, 1658880, PROT_READ|PROT_EXEC, MAP_PRIVATE|MAP_FIXED|MAP_DENYWRITE, 3, 0x28000) = 0x76eda44e4000
2406  mmap(0x76eda4679000, 360448, PROT_READ, MAP_PRIVATE|MAP_FIXED|MAP_DENYWRITE, 3, 0x1bd000) = 0x76eda4679000
2406  mmap(0x76eda46d2000, 24576, PROT_READ|PROT_WRITE, MAP_PRIVATE|MAP_FIXED|MAP_DENYWRITE, 3, 0x215000) = 0x76eda46d2000
2406  mmap(0x76eda46d8000, 52816, PROT_READ|PROT_WRITE, MAP_PRIVATE|MAP_FIXED|MAP_ANONYMOUS, -1, 0) = 0x76eda46d8000
2406  close(3)                          = 0
2406  mmap(NULL, 12288, PROT_READ|PROT_WRITE, MAP_PRIVATE|MAP_ANONYMOUS, -1, 0) = 0x76eda44b9000
2406  arch_prctl(ARCH_SET_FS, 0x76eda44b9740) = 0
2406  set_tid_address(0x76eda44b9a10)   = 2406
2406  set_robust_list(0x76eda44b9a20, 24) = 0
2406  rseq(0x76eda44ba0e0, 0x20, 0, 0x53053053) = 0
2406  mprotect(0x76eda46d2000, 16384, PROT_READ) = 0
2406  mprotect(0x76eda47ca000, 4096, PROT_READ) = 0
2406  mprotect(0x57f277481000, 4096, PROT_READ) = 0
2406  mprotect(0x76eda480e000, 8192, PROT_READ) = 0
2406  prlimit64(0, RLIMIT_STACK, NULL, {rlim_cur=8192*1024, rlim_max=RLIM64_INFINITY}) = 0
2406  munmap(0x76eda47cc000, 29392)     = 0
2406  clone(child_stack=NULL, flags=CLONE_CHILD_CLEARTID|CLONE_CHILD_SETTID|SIGCHLD, child_tidptr=0x76eda44b9a10) = 2407
2406  clone(child_stack=NULL, flags=CLONE_CHILD_CLEARTID|CLONE_CHILD_SETTID|SIGCHLD <unfinished ...>
2407  set_robust_list(0x76eda44b9a20, 24) = 0
2406  <... clone resumed>, child_tidptr=0x76eda44b9a10) = 2408
2406  wait4(-1,  <unfinished ...>
2408  set_robust_list(0x76eda44b9a20, 24) = 0
2407  exit_group(28)                    = ?
2407  +++ exited with 28 +++
2406  <... wait4 resumed>[{WIFEXITED(s) && WEXITSTATUS(s) == 28}], 0, NULL) = 2407
2406  --- SIGCHLD {si_signo=SIGCHLD, si_code=CLD_EXITED, si_pid=2407, si_uid=1000, si_status=28, si_utime=2, si_stime=0} ---
2406  wait4(-1,  <unfinished ...>
2408  exit_group(38)                    = ?
2408  +++ exited with 38 +++
2406  <... wait4 resumed>[{WIFEXITED(s) && WEXITSTATUS(s) == 38}], 0, NULL) = 2408
2406  --- SIGCHLD {si_signo=SIGCHLD, si_code=CLD_EXITED, si_pid=2408, si_uid=1000, si_status=38, si_utime=3, si_stime=0} ---
2406  newfstatat(1, "", {st_mode=S_IFREG|0664, st_size=213, ...}, AT_EMPTY_PATH) = 0
2406  getrandom("\xe3\x1d\x08\x5a\xe2\x2b\xd5\x80", 8, GRND_NONBLOCK) = 8
2406  brk(NULL)                         = 0x57f277f94000
2406  brk(0x57f277fb5000)               = 0x57f277fb5000
2406  write(1, "Testcase 4 Expected: 66 Output: "..., 74) = 74
2406  exit_group(0)                     = ?
2406  +++ exited with 0 +++
