2418  execve("./pprime", ["./pprime", "5000000", "5"], 0x7ffc57428f38 /* 18 vars */) = 0
2418  brk(NULL)                         = 0x5b073280a000
2418  arch_prctl(0x3001 /* ARCH_??? */, 0x7ffe28ef3fe0) = -1 EINVAL (Invalid argument)
2418  mmap(NULL, 8192, PROT_READ|PROT_WRITE, MAP_PRIVATE|MAP_ANONYMOUS, -1, 0) = 0x7fb3e1b46000
2418  access("/etc/ld.so.preload", R_OK) = -1 ENOENT (No such file or directory)
2418  openat(AT_FDCWD, "/etc/ld.so.cache", O_RDONLY|O_CLOEXEC) = 3
2418  newfstatat(3, "", {st_mode=S_IFREG|0644, st_size=29392, ...}, AT_EMPTY_PATH) = 0
2418  mmap(NULL, 29392, PROT_READ, MAP_PRIVATE, 3, 0) = 0x7fb3e1b3e000
2418  close(3)                          = 0
2418  openat(AT_FDCWD, "/lib/x86_64-linux-gnu/libm.so.6", O_RDONLY|O_CLOEXEC) = 3
2418  read(3, "\177ELF\2\1\1\3\0\0\0\0\0\0\0\0\3\0>\0\1\0\0\0\0\0\0\0\0\0\0\0"..., 832) = 832
2418  newfstatat(3, "", {st_mode=S_IFREG|0644, st_size=940560, ...}, AT_EMPTY_PATH) = 0
2418  mmap(NULL, 942344, PROT_READ, MAP_PRIVATE|MAP_DENYWRITE, 3, 0) = 0x7fb3e1a57000
2418  mmap(0x7fb3e1a65000, 507904, PROT_READ|PROT_EXEC, MAP_PRIVATE|MAP_FIXED|MAP_DENYWRITE, 3, 0xe000) = 0x7fb3e1a65000
2418  mmap(0x7fb3e1ae1000, 372736, PROT_READ, MAP_PRIVATE|MAP_FIXED|MAP_DENYWRITE, 3, 0x8a000) = 0x7fb3e1ae1000
2418  mmap(0x7fb3e1b3c000, 8192, PROT_READ|PROT_WRITE, MAP_PRIVATE|MAP_FIXED|MAP_DENYWRITE, 3, 0xe4000) = 0x7fb3e1b3c000
2418  close(3)                          = 0
2418  openat(AT_FDCWD, "/lib/x86_64-linux-gnu/libc.so.6", O_RDONLY|O_CLOEXEC) = 3
2418  read(3, "\177ELF\2\1\1\3\0\0\0\0\0\0\0\0\3\0>\0\1\0\0\0P\237\2\0\0\0\0\0"..., 832) = 832
2418  pread64(3, "\6\0\0\0\4\0\0\0@\0\0\0\0\0\0\0@\0\0\0\0\0\0\0@\0\0\0\0\0\0\0"..., 784, 64) = 784
2418  pread64(3, "\4\0\0\0 \0\0\0\5\0\0\0GNU\0\2\0\0\300\4\0\0\0\3\0\0\0\0\0\0\0"..., 48, 848) = 48
2418  pread64(3, "\4\0\0\0\24\0\0\0\3\0\0\0GNU\0\325\31p\226\367\t\200\30)\261\30\257\33|\366c"..., 68, 896) = 68
2418  newfstatat(3, "", {st_mode=S_IFREG|0755, st_size=2220400, ...}, AT_EMPTY_PATH) = 0
2418  pread64(3, "\6\0\0\0\4\0\0\0@\0\0\0\0\0\0\0@\0\0\0\0\0\0\0@\0\0\0\0\0\0\0"..., 784, 64) = 784
2418  mmap(NULL, 2264656, PROT_READ, MAP_PRIVATE|MAP_DENYWRITE, 3, 0) = 0x7fb3e182e000
2418  mprotect(0x7fb3e1856000, 2023424, PROT_NONE) = 0
2418  mmap(0x7fb3e1856000, 1658880, PROT_READ|PROT_EXEC, MAP_PRIVATE|MAP_FIXED|MAP_DENYWRITE, 3, 0x28000) = 0x7fb3e1856000
2418  mmap(0x7fb3e19eb000, 360448, PROT_READ, MAP_PRIVATE|MAP_FIXED|MAP_DENYWRITE, 3, 0x1bd000) = 0x7fb3e19eb000
2418  mmap(0x7fb3e1a44000, 24576, PROT_READ|PROT_WRITE, MAP_PRIVATE|MAP_FIXED|MAP_DENYWRITE, 3, 0x215000) = 0x7fb3e1a44000
2418  mmap(0x7fb3e1a4a000, 52816, PROT_READ|PROT_WRITE, MAP_PRIVATE|MAP_FIXED|MAP_ANONYMOUS, -1, 0) = 0x7fb3e1a4a000
2418  close(3)                          = 0
2418  mmap(NULL, 12288, PROT_READ|PROT_WRITE, MAP_PRIVATE|MAP_ANONYMOUS, -1, 0) = 0x7fb3e182b000
2418  arch_prctl(ARCH_SET_FS, 0x7fb3e182b740) = 0
2418  set_tid_address(0x7fb3e182ba10)   = 2418
2418  set_robust_list(0x7fb3e182ba20, 24) = 0
2418  rseq(0x7fb3e182c0e0, 0x20, 0, 0x53053053) = 0
2418  mprotect(0x7fb3e1a44000, 16384, PROT_READ) = 0
2418  mprotect(0x7fb3e1b3c000, 4096, PROT_READ) = 0
2418  mprotect(0x5b0732181000, 4096, PROT_READ) = 0
2418  mprotect(0x7fb3e1b80000, 8192, PROT_READ) = 0
2418  prlimit64(0, RLIMIT_STACK, NULL, {rlim_cur=8192*1024, rlim_max=RLIM64_INFINITY}) = 0
2418  munmap(0x7fb3e1b3e000, 29392)     = 0
2418  clone(child_stack=NULL, flags=CLONE_CHILD_CLEARTID|CLONE_CHILD_SETTID|SIGCHLD, child_tidptr=0x7fb3e182ba10) = 2419
2418  clone(child_stack=NULL, flags=CLONE_CHILD_CLEARTID|CLONE_CHILD_SETTID|SIGCHLD, child_tidptr=0x7fb3e182ba10) = 2420
2418  wait4(-1,  <unfinished ...>
2419  set_robust_list(0x7fb3e182ba20, 24) = 0
2420  set_robust_list(0x7fb3e182ba20, 24) = 0
2419  exit_group(32)                    = ?
2419  +++ exited with 32 +++
2418  <... wait4 resumed>[{WIFEXITED(s) && WEXITSTATUS(s) == 32}], 0, NULL) = 2419
2418  --- SIGCHLD {si_signo=SIGCHLD, si_code=CLD_EXITED, si_pid=2419, si_uid=1000, si_status=32, si_utime=48, si_stime=0} ---
2418  wait4(-1,  <unfinished ...>
2420  exit_group(65)                    = ?
2420  +++ exited with 65 +++
2418  <... wait4 resumed>[{WIFEXITED(s) && WEXITSTATUS(s) == 65}], 0, NULL) = 2420
2418  --- SIGCHLD {si_signo=SIGCHLD, si_code=CLD_EXITED, si_pid=2420, si_uid=1000, si_status=65, si_utime=80, si_stime=0} ---
2418  newfstatat(1, "", {st_mode=S_IFREG|0664, st_size=287, ...}, AT_EMPTY_PATH) = 0
2418  getrandom("\xa0\x34\x92\x8e\x2e\x46\x32\xc4", 8, GRND_NONBLOCK) = 8
2418  brk(NULL)                         = 0x5b073280a000
2418  brk(0x5b073282b000)               = 0x5b073282b000
2418  write(1, "Testcase 5 Expected: 97 Output: "..., 77) = 77
2418  exit_group(0)                     = ?
2418  +++ exited with 0 +++
