2445  execve("./fact", ["./fact", "3"], 0x7ffde4cf9a00 /* 18 vars */) = 0
2445  brk(NULL)                         = 0x64996a211000
2445  arch_prctl(0x3001 /* ARCH_??? */, 0x7ffe4c5baf30) = -1 EINVAL (Invalid argument)
2445  mmap(NULL, 8192, PROT_READ|PROT_WRITE, MAP_PRIVATE|MAP_ANONYMOUS, -1, 0) = 0x71265ac2a000
2445  access("/etc/ld.so.preload", R_OK) = -1 ENOENT (No such file or directory)
2445  openat(AT_FDCWD, "/etc/ld.so.cache", O_RDONLY|O_CLOEXEC) = 3
2445  newfstatat(3, "", {st_mode=S_IFREG|0644, st_size=29392, ...}, AT_EMPTY_PATH) = 0
2445  mmap(NULL, 29392, PROT_READ, MAP_PRIVATE, 3, 0) = 0x71265ac22000
2445  close(3)                          = 0
2445  openat(AT_FDCWD, "/lib/x86_64-linux-gnu/libc.so.6", O_RDONLY|O_CLOEXEC) = 3
2445  read(3, "\177ELF\2\1\1\3\0\0\0\0\0\0\0\0\3\0>\0\1\0\0\0P\237\2\0\0\0\0\0"..., 832) = 832
2445  pread64(3, "\6\0\0\0\4\0\0\0@\0\0\0\0\0\0\0@\0\0\0\0\0\0\0@\0\0\0\0\0\0\0"..., 784, 64) = 784
2445  pread64(3, "\4\0\0\0 \0\0\0\5\0\0\0GNU\0\2\0\0\300\4\0\0\0\3\0\0\0\0\0\0\0"..., 48, 848) = 48
2445  pread64(3, "\4\0\0\0\24\0\0\0\3\0\0\0GNU\0\325\31p\226\367\t\200\30)\261\30\257\33|\366c"..., 68, 896) = 68
2445  newfstatat(3, "", {st_mode=S_IFREG|0755, st_size=2220400, ...}, AT_EMPTY_PATH) = 0
2445  pread64(3, "\6\0\0\0\4\0\0\0@\0\0\0\0\0\0\0@\0\0\0\0\0\0\0@\0\0\0\0\0\0\0"..., 784, 64) = 784
2445  mmap(NULL, 2264656, PROT_READ, MAP_PRIVATE|MAP_DENYWRITE, 3, 0) = 0x71265a9f9000
2445  mprotect(0x71265aa21000, 2023424, PROT_NONE) = 0
2445  mmap(0x71265aa21000, 1658880, PROT_READ|PROT_EXEC, MAP_PRIVATE|MAP_FIXED|MAP_DENYWRITE, 3, 0x28000) = 0x71265aa21000
2445  mmap(0x71265abb6000, 360448, PROT_READ, MAP_PRIVATE|MAP_FIXED|MAP_DENYWRITE, 3, 0x1bd000) = 0x71265abb6000
2445  mmap(0x71265ac0f000, 24576, PROT_READ|PROT_WRITE, MAP_PRIVATE|MAP_FIXED|MAP_DENYWRITE, 3, 0x215000) = 0x71265ac0f000
2445  mmap(0x71265ac15000, 52816, PROT_READ|PROT_WRITE, MAP_PRIVATE|MAP_FIXED|MAP_ANONYMOUS, -1, 0) = 0x71265ac15000
2445  close(3)                          = 0
2445  mmap(NULL, 12288, PROT_READ|PROT_WRITE, MAP_PRIVATE|MAP_ANONYMOUS, -1, 0) = 0x71265a9f6000
2445  arch_prctl(ARCH_SET_FS, 0x71265a9f6740) = 0
2445  set_tid_address(0x71265a9f6a10)   = 2445
2445  set_robust_list(0x71265a9f6a20, 24) = 0
2445  rseq(0x71265a9f70e0, 0x20, 0, 0x53053053) = 0
2445  mprotect(0x71265ac0f000, 16384, PROT_READ) = 0
2445  mprotect(0x649968ce7000, 4096, PROT_READ) = 0
2445  mprotect(0x71265ac64000, 8192, PROT_READ) = 0
2445  prlimit64(0, RLIMIT_STACK, NULL, {rlim_cur=8192*1024, rlim_max=RLIM64_INFINITY}) = 0
2445  munmap(0x71265ac22000, 29392)     = 0
2445  getrandom("\xa4\x58\x31\x5b\x05\x56\xdf\xd3", 8, GRND_NONBLOCK) = 8
2445  brk(NULL)                         = 0x64996a211000
2445  brk(0x64996a232000)               = 0x64996a232000
2445  execve("./fact", ["./fact", "2", "3"], NULL) = 0
2445  brk(NULL)                         = 0x59c37da13000
2445  arch_prctl(0x3001 /* ARCH_??? */, 0x7ffd349245a0) = -1 EINVAL (Invalid argument)
2445  mmap(NULL, 8192, PROT_READ|PROT_WRITE, MAP_PRIVATE|MAP_ANONYMOUS, -1, 0) = 0x726a356b3000
2445  access("/etc/ld.so.preload", R_OK) = -1 ENOENT (No such file or directory)
2445  openat(AT_FDCWD, "/etc/ld.so.cache", O_RDONLY|O_CLOEXEC) = 3
2445  newfstatat(3, "", {st_mode=S_IFREG|0644, st_size=29392, ...}, AT_EMPTY_PATH) = 0
2445  mmap(NULL, 29392, PROT_READ, MAP_PRIVATE, 3, 0) = 0x726a356ab000
2445  close(3)                          = 0
2445  openat(AT_FDCWD, "/lib/x86_64-linux-gnu/libc.so.6", O_RDONLY|O_CLOEXEC) = 3
2445  read(3, "\177ELF\2\1\1\3\0\0\0\0\0\0\0\0\3\0>\0\1\0\0\0P\237\2\0\0\0\0\0"..., 832) = 832
2445  pread64(3, "\6\0\0\0\4\0\0\0@\0\0\0\0\0\0\0@\0\0\0\0\0\0\0@\0\0\0\0\0\0\0"..., 784, 64) = 784
2445  pread64(3, "\4\0\0\0 \0\0\0\5\0\0\0GNU\0\2\0\0\300\4\0\0\0\3\0\0\0\0\0\0\0"..., 48, 848) = 48
2445  pread64(3, "\4\0\0\0\24\0\0\0\3\0\0\0GNU\0\325\31p\226\367\t\200\30)\261\30\257\33|\366c"..., 68, 896) = 68
2445  newfstatat(3, "", {st_mode=S_IFREG|0755, st_size=2220400, ...}, AT_EMPTY_PATH) = 0
2445  pread64(3, "\6\0\0\0\4\0\0\0@\0\0\0\0\0\0\0@\0\0\0\0\0\0\0@\0\0\0\0\0\0\0"..., 784, 64) = 784
2445  mmap(NULL, 2264656, PROT_READ, MAP_PRIVATE|MAP_DENYWRITE, 3, 0) = 0x726a35482000
2445  mprotect(0x726a354aa000, 2023424, PROT_NONE) = 0
2445  mmap(0x726a354aa000, 1658880, PROT_READ|PROT_EXEC, MAP_PRIVATE|MAP_FIXED|MAP_DENYWRITE, 3, 0x28000) = 0x726a354aa000
2445  mmap(0x726a3563f000, 360448, PROT_READ, MAP_PRIVATE|MAP_FIXED|MAP_DENYWRITE, 3, 0x1bd000) = 0x726a3563f000
2445  mmap(0x726a35698000, 24576, PROT_READ|PROT_WRITE, MAP_PRIVATE|MAP_FIXED|MAP_DENYWRITE, 3, 0x215000) = 0x726a35698000
2445  mmap(0x726a3569e000, 52816, PROT_READ|PROT_WRITE, MAP_PRIVATE|MAP_FIXED|MAP_ANONYMOUS, -1, 0) = 0x726a3569e000
2445  close(3)                          = 0
2445  mmap(NULL, 12288, PROT_READ|PROT_WRITE, MAP_PRIVATE|MAP_ANONYMOUS, -1, 0) = 0x726a3547f000
2445  arch_prctl(ARCH_SET_FS, 0x726a3547f740) = 0
2445  set_tid_address(0x726a3547fa10)   = 2445
2445  set_robust_list(0x726a3547fa20, 24) = 0
2445  rseq(0x726a354800e0, 0x20, 0, 0x53053053) = 0
2445  mprotect(0x726a35698000, 16384, PROT_READ) = 0
2445  mprotect(0x59c37cc7d000, 4096, PROT_READ) = 0
2445  mprotect(0x726a356ed000, 8192, PROT_READ) = 0
2445  prlimit64(0, RLIMIT_STACK, NULL, {rlim_cur=8192*1024, rlim_max=RLIM64_INFINITY}) = 0
2445  munmap(0x726a356ab000, 29392)     = 0
2445  getrandom("\xa6\x5a\x3b\x05\x25\x8a\xda\x48", 8, GRND_NONBLOCK) = 8
2445  brk(NULL)                         = 0x59c37da13000
2445  brk(0x59c37da34000)               = 0x59c37da34000
2445  newfstatat(1, "", {st_mode=S_IFIFO|0600, st_size=0, ...}, AT_EMPTY_PATH) = 0
2445  write(1, "6\n", 2)                = 2
2445  exit_group(0)                     = ?
2445  +++ exited with 0 +++
