2452  execve("./fact", ["./fact", "4"], 0x7ffe919e78d0 /* 18 vars */) = 0
2452  brk(NULL)                         = 0x59844e6bd000
2452  arch_prctl(0x3001 /* ARCH_??? */, 0x7ffe53a8efd0) = -1 EINVAL (Invalid argument)
2452  mmap(NULL, 8192, PROT_READ|PROT_WRITE, MAP_PRIVATE|MAP_ANONYMOUS, -1, 0) = 0x797ef9551000
2452  access("/etc/ld.so.preload", R_OK) = -1 ENOENT (No such file or directory)
2452  openat(AT_FDCWD, "/etc/ld.so.cache", O_RDONLY|O_CLOEXEC) = 3
2452  newfstatat(3, "", {st_mode=S_IFREG|0644, st_size=29392, ...}, AT_EMPTY_PATH) = 0
2452  mmap(NULL, 29392, PROT_READ, MAP_PRIVATE, 3, 0) = 0x797ef9549000
2452  close(3)                          = 0
2452  openat(AT_FDCWD, "/lib/x86_64-linux-gnu/libc.so.6", O_RDONLY|O_CLOEXEC) = 3
2452  read(3, "\177ELF\2\1\1\3\0\0\0\0\0\0\0\0\3\0>\0\1\0\0\0P\237\2\0\0\0\0\0"..., 832) = 832
2452  pread64(3, "\6\0\0\0\4\0\0\0@\0\0\0\0\0\0\0@\0\0\0\0\0\0\0@\0\0\0\0\0\0\0"..., 784, 64) = 784
2452  pread64(3, "\4\0\0\0 \0\0\0\5\0\0\0GNU\0\2\0\0\300\4\0\0\0\3\0\0\0\0\0\0\0"..., 48, 848) = 48
2452  pread64(3, "\4\0\0\0\24\0\0\0\3\0\0\0GNU\0\325\31p\226\367\t\200\30)\261\30\257\33|\366c"..., 68, 896) = 68
2452  newfstatat(3, "", {st_mode=S_IFREG|0755, st_size=2220400, ...}, AT_EMPTY_PATH) = 0
2452  pread64(3, "\6\0\0\0\4\0\0\0@\0\0\0\0\0\0\0@\0\0\0\0\0\0\0@\0\0\0\0\0\0\0"..., 784, 64) = 784
2452  mmap(NULL, 2264656, PROT_READ, MAP_PRIVATE|MAP_DENYWRITE, 3, 0) = 0x797ef9320000
2452  mprotect(0x797ef9348000, 2023424, PROT_NONE) = 0
2452  mmap(0x797ef9348000, 1658880, PROT_READ|PROT_EXEC, MAP_PRIVATE|MAP_FIXED|MAP_DENYWRITE, 3, 0x28000) = 0x797ef9348000
2452  mmap(0x797ef94dd000, 360448, PROT_READ, MAP_PRIVATE|MAP_FIXED|MAP_DENYWRITE, 3, 0x1bd000) = 0x797ef94dd000
2452  mmap(0x797ef9536000, 24576, PROT_READ|PROT_WRITE, MAP_PRIVATE|MAP_FIXED|MAP_DENYWRITE, 3, 0x215000) = 0x797ef9536000
2452  mmap(0x797ef953c000, 52816, PROT_READ|PROT_WRITE, MAP_PRIVATE|MAP_FIXED|MAP_ANONYMOUS, -1, 0) = 0x797ef953c000
2452  close(3)                          = 0
2452  mmap(NULL, 12288, PROT_READ|PROT_WRITE, MAP_PRIVATE|MAP_ANONYMOUS, -1, 0) = 0x797ef931d000
2452  arch_prctl(ARCH_SET_FS, 0x797ef931d740) = 0
2452  set_tid_address(0x797ef931da10)   = 2452
2452  set_robust_list(0x797ef931da20, 24) = 0
2452  rseq(0x797ef931e0e0, 0x20, 0, 0x53053053) = 0
2452  mprotect(0x797ef9536000, 16384, PROT_READ) = 0
2452  mprotect(0x59844da03000, 4096, PROT_READ) = 0
2452  mprotect(0x797ef958b000, 8192, PROT_READ) = 0
2452  prlimit64(0, RLIMIT_STACK, NULL, {rlim_cur=8192*1024, rlim_max=RLIM64_INFINITY}) = 0
2452  munmap(0x797ef9549000, 29392)     = 0
2452  getrandom("\x67\xc2\x07\x2e\x2d\xda\x94\x7a", 8, GRND_NONBLOCK) = 8
2452  brk(NULL)                         = 0x59844e6bd000
2452  brk(0x59844e6de000)               = 0x59844e6de000
2452  execve("./fact", ["./fact", "3", "4"], NULL) = 0
2452  brk(NULL)                         = 0x5696ac50f000
2452  arch_prctl(0x3001 /* ARCH_??? */, 0x7ffeb8016750) = -1 EINVAL (Invalid argument)
2452  mmap(NULL, 8192, PROT_READ|PROT_WRITE, MAP_PRIVATE|MAP_ANONYMOUS, -1, 0) = 0x774a41e87000
2452  access("/etc/ld.so.preload", R_OK) = -1 ENOENT (No such file or directory)
2452  openat(AT_FDCWD, "/etc/ld.so.cache", O_RDONLY|O_CLOEXEC) = 3
2452  newfstatat(3, "", {st_mode=S_IFREG|0644, st_size=29392, ...}, AT_EMPTY_PATH) = 0
2452  mmap(NULL, 29392, PROT_READ, MAP_PRIVATE, 3, 0) = 0x774a41e7f000
2452  close(3)                          = 0
2452  openat(AT_FDCWD, "/lib/x86_64-linux-gnu/libc.so.6", O_RDONLY|O_CLOEXEC) = 3
2452  read(3, "\177ELF\2\1\1\3\0\0\0\0\0\0\0\0\3\0>\0\1\0\0\0P\237\2\0\0\0\0\0"..., 832) = 832
2452  pread64(3, "\6\0\0\0\4\0\0\0@\0\0\0\0\0\0\0@\0\0\0\0\0\0\0@\0\0\0\0\0\0\0"..., 784, 64) = 784
2452  pread64(3, "\4\0\0\0 \0\0\0\5\0\0\0GNU\0\2\0\0\300\4\0\0\0\3\0\0\0\0\0\0\0"..., 48, 848) = 48
2452  pread64(3, "\4\0\0\0\24\0\0\0\3\0\0\0GNU\0\325\31p\226\367\t\200\30)\261\30\257\33|\366c"..., 68, 896) = 68
2452  newfstatat(3, "", {st_mode=S_IFREG|0755, st_size=2220400, ...}, AT_EMPTY_PATH) = 0
2452  pread64(3, "\6\0\0\0\4\0\0\0@\0\0\0\0\0\0\0@\0\0\0\0\0\0\0@\0\0\0\0\0\0\0"..., 784, 64) = 784
2452  mmap(NULL, 2264656, PROT_READ, MAP_PRIVATE|MAP_DENYWRITE, 3, 0) = 0x774a41c56000
2452  mprotect(0x774a41c7e000, 2023424, PROT_NONE) = 0
2452  mmap(0x774a41c7e000, 1658880, PROT_READ|PROT_EXEC, MAP_PRIVATE|MAP_FIXED|MAP_DENYWRITE, 3, 0x28000) = 0x774a41c7e000
2452  mmap(0x774a41e13000, 360448, PROT_READ, MAP_PRIVATE|MAP_FIXED|MAP_DENYWRITE, 3, 0x1bd000) = 0x774a41e13000
2452  mmap(0x774a41e6c000, 24576, PROT_READ|PROT_WRITE, MAP_PRIVATE|MAP_FIXED|MAP_DENYWRITE, 3, 0x215000) = 0x774a41e6c000
2452  mmap(0x774a41e72000, 52816, PROT_READ|PROT_WRITE, MAP_PRIVATE|MAP_FIXED|MAP_ANONYMOUS, -1, 0) = 0x774a41e72000
2452  close(3)                          = 0
2452  mmap(NULL, 12288, PROT_READ|PROT_WRITE, MAP_PRIVATE|MAP_ANONYMOUS, -1, 0) = 0x774a41c53000
2452  arch_prctl(ARCH_SET_FS, 0x774a41c53740) = 0
2452  set_tid_address(0x774a41c53a10)   = 2452
2452  set_robust_list(0x774a41c53a20, 24) = 0
2452  rseq(0x774a41c540e0, 0x20, 0, 0x53053053) = 0
2452  mprotect(0x774a41e6c000, 16384, PROT_READ) = 0
2452  mprotect(0x5696aabeb000, 4096, PROT_READ) = 0
2452  mprotect(0x774a41ec1000, 8192, PROT_READ) = 0
2452  prlimit64(0, RLIMIT_STACK, NULL, {rlim_cur=8192*1024, rlim_max=RLIM64_INFINITY}) = 0
2452  munmap(0x774a41e7f000, 29392)     = 0
2452  getrandom("\x99\x18\xe7\x4c\x30\x6f\x05\xbd", 8, GRND_NONBLOCK) = 8
2452  brk(NULL)                         = 0x5696ac50f000
2452  brk(0x5696ac530000)               = 0x5696ac530000
2452  execve("./fact", ["./fact", "2", "12"], NULL) = 0
2452  brk(NULL)                         = 0x5fd7fed77000
2452  arch_prctl(0x3001 /* ARCH_??? */, 0x7ffd50fb8250) = -1 EINVAL (Invalid argument)
2452  mmap(NULL, 8192, PROT_READ|PROT_WRITE, MAP_PRIVATE|MAP_ANONYMOUS, -1, 0) = 0x76a527745000
2452  access("/etc/ld.so.preload", R_OK) = -1 ENOENT (No such file or directory)
2452  openat(AT_FDCWD, "/etc/ld.so.cache", O_RDONLY|O_CLOEXEC) = 3
2452  newfstatat(3, "", {st_mode=S_IFREG|0644, st_size=29392, ...}, AT_EMPTY_PATH) = 0
2452  mmap(NULL, 29392, PROT_READ, MAP_PRIVATE, 3, 0) = 0x76a52773d000
2452  close(3)                          = 0
2452  openat(AT_FDCWD, "/lib/x86_64-linux-gnu/libc.so.6", O_RDONLY|O_CLOEXEC) = 3
2452  read(3, "\177ELF\2\1\1\3\0\0\0\0\0\0\0\0\3\0>\0\1\0\0\0P\237\2\0\0\0\0\0"..., 832) = 832
2452  pread64(3, "\6\0\0\0\4\0\0\0@\0\0\0\0\0\0\0@\0\0\0\0\0\0\0@\0\0\0\0\0\0\0"..., 784, 64) = 784
2452  pread64(3, "\4\0\0\0 \0\0\0\5\0\0\0GNU\0\2\0\0\300\4\0\0\0\3\0\0\0\0\0\0\0"..., 48, 848) = 48
2452  pread64(3, "\4\0\0\0\24\0\0\0\3\0\0\0GNU\0\325\31p\226\367\t\200\30)\261\30\257\33|\366c"..., 68, 896) = 68
2452  newfstatat(3, "", {st_mode=S_IFREG|0755, st_size=2220400, ...}, AT_EMPTY_PATH) = 0
2452  pread64(3, "\6\0\0\0\4\0\0\0@\0\0\0\0\0\0\0@\0\0\0\0\0\0\0@\0\0\0\0\0\0\0"..., 784, 64) = 784
2452  mmap(NULL, 2264656, PROT_READ, MAP_PRIVATE|MAP_DENYWRITE, 3, 0) = 0x76a527514000
2452  mprotect(0x76a52753c000, 2023424, PROT_NONE) = 0
2452  mmap(0x76a52753c000, 1658880, PROT_READ|PROT_EXEC, MAP_PRIVATE|MAP_FIXED|MAP_DENYWRITE, 3, 0x28000) = 0x76a52753c000
2452  mmap(0x76a5276d1000, 360448, PROT_READ, MAP_PRIVATE|MAP_FIXED|MAP_DENYWRITE, 3, 0x1bd000) = 0x76a5276d1000
2452  mmap(0x76a52772a000, 24576, PROT_READ|PROT_WRITE, MAP_PRIVATE|MAP_FIXED|MAP_DENYWRITE, 3, 0x215000) = 0x76a52772a000
2452  mmap(0x76a527730000, 52816, PROT_READ|PROT_WRITE, MAP_PRIVATE|MAP_FIXED|MAP_ANONYMOUS, -1, 0) = 0x76a527730000
2452  close(3)                          = 0
2452  mmap(NULL, 12288, PROT_READ|PROT_WRITE, MAP_PRIVATE|MAP_ANONYMOUS, -1, 0) = 0x76a527511000
2452  arch_prctl(ARCH_SET_FS, 0x76a527511740) = 0
2452  set_tid_address(0x76a527511a10)   = 2452
2452  set_robust_list(0x76a527511a20, 24) = 0
2452  rseq(0x76a5275120e0, 0x20, 0, 0x53053053) = 0
2452  mprotect(0x76a52772a000, 16384, PROT_READ) = 0
2452  mprotect(0x5fd7fe87c000, 4096, PROT_READ) = 0
2452  mprotect(0x76a52777f000, 8192, PROT_READ) = 0
2452  prlimit64(0, RLIMIT_STACK, NULL, {rlim_cur=8192*1024, rlim_max=RLIM64_INFINITY}) = 0
2452  munmap(0x76a52773d000, 29392)     = 0
2452  getrandom("\xe4\xb3\x31\x14\xaf\xa5\x2b\x51", 8, GRND_NONBLOCK) = 8
2452  brk(NULL)                         = 0x5fd7fed77000
2452  brk(0x5fd7fed98000)               = 0x5fd7fed98000
2452  newfstatat(1, "", {st_mode=S_IFIFO|0600, st_size=0, ...}, AT_EMPTY_PATH) = 0
2452  write(1, "24\n", 3)               = 3
2452  exit_group(0)                     = ?
2452  +++ exited with 0 +++
