2459  execve("./fact", ["./fact", "5"], 0x7ffeb2ad4f50 /* 18 vars */) = 0
2459  brk(NULL)                         = 0x56a9d3d7e000
2459  arch_prctl(0x3001 /* ARCH_??? */, 0x7ffd84b2e070) = -1 EINVAL (Invalid argument)
2459  mmap(NULL, 8192, PROT_READ|PROT_WRITE, MAP_PRIVATE|MAP_ANONYMOUS, -1, 0) = 0x7354d61e5000
2459  access("/etc/ld.so.preload", R_OK) = -1 ENOENT (No such file or directory)
2459  openat(AT_FDCWD, "/etc/ld.so.cache", O_RDONLY|O_CLOEXEC) = 3
2459  newfstatat(3, "", {st_mode=S_IFREG|0644, st_size=29392, ...}, AT_EMPTY_PATH) = 0
2459  mmap(NULL, 29392, PROT_READ, MAP_PRIVATE, 3, 0) = 0x7354d61dd000
2459  close(3)                          = 0
2459  openat(AT_FDCWD, "/lib/x86_64-linux-gnu/libc.so.6", O_RDONLY|O_CLOEXEC) = 3
2459  read(3, "\177ELF\2\1\1\3\0\0\0\0\0\0\0\0\3\0>\0\1\0\0\0P\237\2\0\0\0\0\0"..., 832) = 832
2459  pread64(3, "\6\0\0\0\4\0\0\0@\0\0\0\0\0\0\0@\0\0\0\0\0\0\0@\0\0\0\0\0\0\0"..., 784, 64) = 784
2459  pread64(3, "\4\0\0\0 \0\0\0\5\0\0\0GNU\0\2\0\0\300\4\0\0\0\3\0\0\0\0\0\0\0"..., 48, 848) = 48
2459  pread64(3, "\4\0\0\0\24\0\0\0\3\0\0\0GNU\0\325\31p\226\367\t\200\30)\261\30\257\33|\366c"..., 68, 896) = 68
2459  newfstatat(3, "", {st_mode=S_IFREG|0755, st_size=2220400, ...}, AT_EMPTY_PATH) = 0
2459  pread64(3, "\6\0\0\0\4\0\0\0@\0\0\0\0\0\0\0@\0\0\0\0\0\0\0@\0\0\0\0\0\0\0"..., 784, 64) = 784
2459  mmap(NULL, 2264656, PROT_READ, MAP_PRIVATE|MAP_DENYWRITE, 3, 0) = 0x7354d5fb4000
2459  mprotect(0x7354d5fdc000, 2023424, PROT_NONE) = 0
2459  mmap(0x7354d5fdc000, 1658880, PROT_READ|PROT_EXEC, MAP_PRIVATE|MAP_FIXED|MAP_DENYWRITE, 3, 0x28000) = 0x7354d5fdc000
2459  mmap(0x7354d6171000, 360448, PROT_READ, MAP_PRIVATE|MAP_FIXED|MAP_DENYWRITE, 3, 0x1bd000) = 0x7354d6171000
2459  mmap(0x7354d61ca000, 24576, PROT_READ|PROT_WRITE, MAP_PRIVATE|MAP_FIXED|MAP_DENYWRITE, 3, 0x215000) = 0x7354d61ca000
2459  mmap(0x7354d61d0000, 52816, PROT_READ|PROT_WRITE, MAP_PRIVATE|MAP_FIXED|MAP_ANONYMOUS, -1, 0) = 0x7354d61d0000
2459  close(3)                          = 0
2459  mmap(NULL, 12288, PROT_READ|PROT_WRITE, MAP_PRIVATE|MAP_ANONYMOUS, -1, 0) = 0x7354d5fb1000
2459  arch_prctl(ARCH_SET_FS, 0x7354d5fb1740) = 0
2459  set_tid_address(0x7354d5fb1a10)   = 2459
2459  set_robust_list(0x7354d5fb1a20, 24) = 0
2459  rseq(0x7354d5fb20e0, 0x20, 0, 0x53053053) = 0
2459  mprotect(0x7354d61ca000, 16384, PROT_READ) = 0
2459  mprotect(0x56a9d3d4a000, 4096, PROT_READ) = 0
2459  mprotect(0x7354d621f000, 8192, PROT_READ) = 0
2459  prlimit64(0, RLIMIT_STACK, NULL, {rlim_cur=8192*1024, rlim_max=RLIM64_INFINITY}) = 0
2459  munmap(0x7354d61dd000, 29392)     = 0
2459  getrandom("\x96\xe1\x86\x27\x25\x8e\x68\xa9", 8, GRND_NONBLOCK) = 8
2459  brk(NULL)                         = 0x56a9d3d7e000
2459  brk(0x56a9d3d9f000)               = 0x56a9d3d9f000
2459  execve("./fact", ["./fact", "4", "5"], NULL) = 0
2459  brk(NULL)                         = 0x60c76d262000
2459  arch_prctl(0x3001 /* ARCH_??? */, 0x7ffee794e590) = -1 EINVAL (Invalid argument)
2459  mmap(NULL, 8192, PROT_READ|PROT_WRITE, MAP_PRIVATE|MAP_ANONYMOUS, -1, 0) = 0x79e5abc96000
2459  access("/etc/ld.so.preload", R_OK) = -1 ENOENT (No such file or directory)
2459  openat(AT_FDCWD, "/etc/ld.so.cache", O_RDONLY|O_CLOEXEC) = 3
2459  newfstatat(3, "", {st_mode=S_IFREG|0644, st_size=29392, ...}, AT_EMPTY_PATH) = 0
2459  mmap(NULL, 29392, PROT_READ, MAP_PRIVATE, 3, 0) = 0x79e5abc8e000
2459  close(3)                          = 0
2459  openat(AT_FDCWD, "/lib/x86_64-linux-gnu/libc.so.6", O_RDONLY|O_CLOEXEC) = 3
2459  read(3, "\177ELF\2\1\1\3\0\0\0\0\0\0\0\0\3\0>\0\1\0\0\0P\237\2\0\0\0\0\0"..., 832) = 832
2459  pread64(3, "\6\0\0\0\4\0\0\0@\0\0\0\0\0\0\0@\0\0\0\0\0\0\0@\0\0\0\0\0\0\0"..., 784, 64) = 784
2459  pread64(3, "\4\0\0\0 \0\0\0\5\0\0\0GNU\0\2\0\0\300\4\0\0\0\3\0\0\0\0\0\0\0"..., 48, 848) = 48
2459  pread64(3, "\4\0\0\0\24\0\0\0\3\0\0\0GNU\0\325\31p\226\367\t\200\30)\261\30\257\33|\366c"..., 68, 896) = 68
2459  newfstatat(3, "", {st_mode=S_IFREG|0755, st_size=2220400, ...}, AT_EMPTY_PATH) = 0
2459  pread64(3, "\6\0\0\0\4\0\0\0@\0\0\0\0\0\0\0@\0\0\0\0\0\0\0@\0\0\0\0\0\0\0"..., 784, 64) = 784
2459  mmap(NULL, 2264656, PROT_READ, MAP_PRIVATE|MAP_DENYWRITE, 3, 0) = 0x79e5aba65000
2459  mprotect(0x79e5aba8d000, 2023424, PROT_NONE) = 0
2459  mmap(0x79e5aba8d000, 1658880, PROT_READ|PROT_EXEC, MAP_PRIVATE|MAP_FIXED|MAP_DENYWRITE, 3, 0x28000) = 0x79e5aba8d000
2459  mmap(0x79e5abc22000, 360448, PROT_READ, MAP_PRIVATE|MAP_FIXED|MAP_DENYWRITE, 3, 0x1bd000) = 0x79e5abc22000
2459  mmap(0x79e5abc7b000, 24576, PROT_READ|PROT_WRITE, MAP_PRIVATE|MAP_FIXED|MAP_DENYWRITE, 3, 0x215000) = 0x79e5abc7b000
2459  mmap(0x79e5abc81000, 52816, PROT_READ|PROT_WRITE, MAP_PRIVATE|MAP_FIXED|MAP_ANONYMOUS, -1, 0) = 0x79e5abc81000
2459  close(3)                          = 0
2459  mmap(NULL, 12288, PROT_READ|PROT_WRITE, MAP_PRIVATE|MAP_ANONYMOUS, -1, 0) = 0x79e5aba62000
2459  arch_prctl(ARCH_SET_FS, 0x79e5aba62740) = 0
2459  set_tid_address(0x79e5aba62a10)   = 2459
2459  set_robust_list(0x79e5aba62a20, 24) = 0
2459  rseq(0x79e5aba630e0, 0x20, 0, 0x53053053) = 0
2459  mprotect(0x79e5abc7b000, 16384, PROT_READ) = 0
2459  mprotect(0x60c76ce95000, 4096, PROT_READ) = 0
2459  mprotect(0x79e5abcd0000, 8192, PROT_READ) = 0
2459  prlimit64(0, RLIMIT_STACK, NULL, {rlim_cur=8192*1024, rlim_max=RLIM64_INFINITY}) = 0
2459  munmap(0x79e5abc8e000, 29392)     = 0
2459  getrandom("\xaa\x5e\x11\x20\x6b\x6f\x93\x44", 8, GRND_NONBLOCK) = 8
2459  brk(NULL)                         = 0x60c76d262000
2459  brk(0x60c76d283000)               = 0x60c76d283000
2459  execve("./fact", ["./fact", "3", "20"], NULL) = 0
2459  brk(NULL)                         = 0x57d0f839a000
2459  arch_prctl(0x3001 /* ARCH_??? */, 0x7fffc2c6d080) = -1 EINVAL (Invalid argument)
2459  mmap(NULL, 8192, PROT_READ|PROT_WRITE, MAP_PRIVATE|MAP_ANONYMOUS, -1, 0) = 0x72bec7f62000
2459  access("/etc/ld.so.preload", R_OK) = -1 ENOENT (No such file or directory)
2459  openat(AT_FDCWD, "/etc/ld.so.cache", O_RDONLY|O_CLOEXEC) = 3
2459  newfstatat(3, "", {st_mode=S_IFREG|0644, st_size=29392, ...}, AT_EMPTY_PATH) = 0
2459  mmap(NULL, 29392, PROT_READ, MAP_PRIVATE, 3, 0) = 0x72bec7f5a000
2459  close(3)                          = 0
2459  openat(AT_FDCWD, "/lib/x86_64-linux-gnu/libc.so.6", O_RDONLY|O_CLOEXEC) = 3
2459  read(3, "\177ELF\2\1\1\3\0\0\0\0\0\0\0\0\3\0>\0\1\0\0\0P\237\2\0\0\0\0\0"..., 832) = 832
2459  pread64(3, "\6\0\0\0\4\0\0\0@\0\0\0\0\0\0\0@\0\0\0\0\0\0\0@\0\0\0\0\0\0\0"..., 784, 64) = 784
2459  pread64(3, "\4\0\0\0 \0\0\0\5\0\0\0GNU\0\2\0\0\300\4\0\0\0\3\0\0\0\0\0\0\0"..., 48, 848) = 48
2459  pread64(3, "\4\0\0\0\24\0\0\0\3\0\0\0GNU\0\325\31p\226\367\t\200\30)\261\30\257\33|\366c"..., 68, 896) = 68
2459  newfstatat(3, "", {st_mode=S_IFREG|0755, st_size=2220400, ...}, AT_EMPTY_PATH) = 0
2459  pread64(3, "\6\0\0\0\4\0\0\0@\0\0\0\0\0\0\0@\0\0\0\0\0\0\0@\0\0\0\0\0\0\0"..., 784, 64) = 784
2459  mmap(NULL, 2264656, PROT_READ, MAP_PRIVATE|MAP_DENYWRITE, 3, 0) = 0x72bec7d31000
2459  mprotect(0x72bec7d59000, 2023424, PROT_NONE) = 0
2459  mmap(0x72bec7d59000, 1658880, PROT_READ|PROT_EXEC, MAP_PRIVATE|MAP_FIXED|MAP_DENYWRITE, 3, 0x28000) = 0x72bec7d59000
2459  mmap(0x72bec7eee000, 360448, PROT_READ, MAP_PRIVATE|MAP_FIXED|MAP_DENYWRITE, 3, 0x1bd000) = 0x72bec7eee000
2459  mmap(0x72bec7f47000, 24576, PROT_READ|PROT_WRITE, MAP_PRIVATE|MAP_FIXED|MAP_DENYWRITE, 3, 0x215000) = 0x72bec7f47000
2459  mmap(0x72bec7f4d000, 52816, PROT_READ|PROT_WRITE, MAP_PRIVATE|MAP_FIXED|MAP_ANONYMOUS, -1, 0) = 0x72bec7f4d000
2459  close(3)                          = 0
2459  mmap(NULL, 12288, PROT_READ|PROT_WRITE, MAP_PRIVATE|MAP_ANONYMOUS, -1, 0) = 0x72bec7d2e000
2459  arch_prctl(ARCH_SET_FS, 0x72bec7d2e740) = 0
2459  set_tid_address(0x72bec7d2ea10)   = 2459
2459  set_robust_list(0x72bec7d2ea20, 24) = 0
2459  rseq(0x72bec7d2f0e0, 0x20, 0, 0x53053053) = 0
2459  mprotect(0x72bec7f47000, 16384, PROT_READ) = 0
2459  mprotect(0x57d0f7256000, 4096, PROT_READ) = 0
2459  mprotect(0x72bec7f9c000, 8192, PROT_READ) = 0
2459  prlimit64(0, RLIMIT_STACK, NULL, {rlim_cur=8192*1024, rlim_max=RLIM64_INFINITY}) = 0
2459  munmap(0x72bec7f5a000, 29392)     = 0
2459  getrandom("\x05\x8b\x0c\x00\x1a\x93\xe7\x84", 8, GRND_NONBLOCK) = 8
2459  brk(NULL)                         = 0x57d0f839a000
2459  brk(0x57d0f83bb000)               = 0x57d0f83bb000
2459  execve("./fact", ["./fact", "2", "60"], NULL) = 0
2459  brk(NULL)                         = 0x602ee61b8000
2459  arch_prctl(0x3001 /* ARCH_??? */, 0x7ffd62345e70) = -1 EINVAL (Invalid argument)
2459  mmap(NULL, 8192, PROT_READ|PROT_WRITE, MAP_PRIVATE|MAP_ANONYMOUS, -1, 0) = 0x74785b140000
2459  access("/etc/ld.so.preload", R_OK) = -1 ENOENT (No such file or directory)
2459  openat(AT_FDCWD, "/etc/ld.so.cache", O_RDONLY|O_CLOEXEC) = 3
2459  newfstatat(3, "", {st_mode=S_IFREG|0644, st_size=29392, ...}, AT_EMPTY_PATH) = 0
2459  mmap(NULL, 29392, PROT_READ, MAP_PRIVATE, 3, 0) = 0x74785b138000
2459  close(3)                          = 0
2459  openat(AT_FDCWD, "/lib/x86_64-linux-gnu/libc.so.6", O_RDONLY|O_CLOEXEC) = 3
2459  read(3, "\177ELF\2\1\1\3\0\0\0\0\0\0\0\0\3\0>\0\1\0\0\0P\237\2\0\0\0\0\0"..., 832) = 832
2459  pread64(3, "\6\0\0\0\4\0\0\0@\0\0\0\0\0\0\0@\0\0\0\0\0\0\0@\0\0\0\0\0\0\0"..., 784, 64) = 784
2459  pread64(3, "\4\0\0\0 \0\0\0\5\0\0\0GNU\0\2\0\0\300\4\0\0\0\3\0\0\0\0\0\0\0"..., 48, 848) = 48
2459  pread64(3, "\4\0\0\0\24\0\0\0\3\0\0\0GNU\0\325\31p\226\367\t\200\30)\261\30\257\33|\366c"..., 68, 896) = 68
2459  newfstatat(3, "", {st_mode=S_IFREG|0755, st_size=2220400, ...}, AT_EMPTY_PATH) = 0
2459  pread64(3, "\6\0\0\0\4\0\0\0@\0\0\0\0\0\0\0@\0\0\0\0\0\0\0@\0\0\0\0\0\0\0"..., 784, 64) = 784
2459  mmap(NULL, 2264656, PROT_READ, MAP_PRIVATE|MAP_DENYWRITE, 3, 0) = 0x74785af0f000
2459  mprotect(0x74785af37000, 2023424, PROT_NONE) = 0
2459  mmap(0x74785af37000, 1658880, PROT_READ|PROT_EXEC, MAP_PRIVATE|MAP_FIXED|MAP_DENYWRITE, 3, 0x28000) = 0x74785af37000
2459  mmap(0x74785b0cc000, 360448, PROT_READ, MAP_PRIVATE|MAP_FIXED|MAP_DENYWRITE, 3, 0x1bd000) = 0x74785b0cc000
2459  mmap(0x74785b125000, 24576, PROT_READ|PROT_WRITE, MAP_PRIVATE|MAP_FIXED|MAP_DENYWRITE, 3, 0x215000) = 0x74785b125000
2459  mmap(0x74785b12b000, 52816, PROT_READ|PROT_WRITE, MAP_PRIVATE|MAP_FIXED|MAP_ANONYMOUS, -1, 0) = 0x74785b12b000
2459  close(3)                          = 0
2459  mmap(NULL, 12288, PROT_READ|PROT_WRITE, MAP_PRIVATE|MAP_ANONYMOUS, -1, 0) = 0x74785af0c000
2459  arch_prctl(ARCH_SET_FS, 0x74785af0c740) = 0
2459  set_tid_address(0x74785af0ca10)   = 2459
2459  set_robust_list(0x74785af0ca20, 24) = 0
2459  rseq(0x74785af0d0e0, 0x20, 0, 0x53053053) = 0
2459  mprotect(0x74785b125000, 16384, PROT_READ) = 0
2459  mprotect(0x602ee5aac000, 4096, PROT_READ) = 0
2459  mprotect(0x74785b17a000, 8192, PROT_READ) = 0
2459  prlimit64(0, RLIMIT_STACK, NULL, {rlim_cur=8192*1024, rlim_max=RLIM64_INFINITY}) = 0
2459  munmap(0x74785b138000, 29392)     = 0
2459  getrandom("\x60\xb2\xae\x36\xf2\xf2\xa5\x2d", 8, GRND_NONBLOCK) = 8
2459  brk(NULL)                         = 0x602ee61b8000
2459  brk(0x602ee61d9000)               = 0x602ee61d9000
2459  newfstatat(1, "", {st_mode=S_IFIFO|0600, st_size=0, ...}, AT_EMPTY_PATH) = 0
2459  write(1, "120\n", 4)              = 4
2459  exit_group(0)                     = ?
2459  +++ exited with 0 +++
