2466  execve("./fact", ["./fact", "6"], 0x7ffc3b6e1610 /* 18 vars */) = 0
2466  brk(NULL)                         = 0x5bbba567d000
2466  arch_prctl(0x3001 /* ARCH_??? */, 0x7ffed9fd5a20) = -1 EINVAL (Invalid argument)
2466  mmap(NULL, 8192, PROT_READ|PROT_WRITE, MAP_PRIVATE|MAP_ANONYMOUS, -1, 0) = 0x71c50b054000
2466  access("/etc/ld.so.preload", R_OK) = -1 ENOENT (No such file or directory)
2466  openat(AT_FDCWD, "/etc/ld.so.cache", O_RDONLY|O_CLOEXEC) = 3
2466  newfstatat(3, "", {st_mode=S_IFREG|0644, st_size=29392, ...}, AT_EMPTY_PATH) = 0
2466  mmap(NULL, 29392, PROT_READ, MAP_PRIVATE, 3, 0) = 0x71c50b04c000
2466  close(3)                          = 0
2466  openat(AT_FDCWD, "/lib/x86_64-linux-gnu/libc.so.6", O_RDONLY|O_CLOEXEC) = 3
2466  read(3, "\177ELF\2\1\1\3\0\0\0\0\0\0\0\0\3\0>\0\1\0\0\0P\237\2\0\0\0\0\0"..., 832) = 832
2466  pread64(3, "\6\0\0\0\4\0\0\0@\0\0\0\0\0\0\0@\0\0\0\0\0\0\0@\0\0\0\0\0\0\0"..., 784, 64) = 784
2466  pread64(3, "\4\0\0\0 \0\0\0\5\0\0\0GNU\0\2\0\0\300\4\0\0\0\3\0\0\0\0\0\0\0"..., 48, 848) = 48
2466  pread64(3, "\4\0\0\0\24\0\0\0\3\0\0\0GNU\0\325\31p\226\367\t\200\30)\261\30\257\33|\366c"..., 68, 896) = 68
2466  newfstatat(3, "", {st_mode=S_IFREG|0755, st_size=2220400, ...}, AT_EMPTY_PATH) = 0
2466  pread64(3, "\6\0\0\0\4\0\0\0@\0\0\0\0\0\0\0@\0\0\0\0\0\0\0@\0\0\0\0\0\0\0"..., 784, 64) = 784
2466  mmap(NULL, 2264656, PROT_READ, MAP_PRIVATE|MAP_DENYWRITE, 3, 0) = 0x71c50ae23000
2466  mprotect(0x71c50ae4b000, 2023424, PROT_NONE) = 0
2466  mmap(0x71c50ae4b000, 1658880, PROT_READ|PROT_EXEC, MAP_PRIVATE|MAP_FIXED|MAP_DENYWRITE, 3, 0x28000) = 0x71c50ae4b000
2466  mmap(0x71c50afe0000, 360448, PROT_READ, MAP_PRIVATE|MAP_FIXED|MAP_DENYWRITE, 3, 0x1bd000) = 0x71c50afe0000
2466  mmap(0x71c50b039000, 24576, PROT_READ|PROT_WRITE, MAP_PRIVATE|MAP_FIXED|MAP_DENYWRITE, 3, 0x215000) = 0x71c50b039000
2466  mmap(0x71c50b03f000, 52816, PROT_READ|PROT_WRITE, MAP_PRIVATE|MAP_FIXED|MAP_ANONYMOUS, -1, 0) = 0x71c50b03f000
2466  close(3)                          = 0
2466  mmap(NULL, 12288, PROT_READ|PROT_WRITE, MAP_PRIVATE|MAP_ANONYMOUS, -1, 0) = 0x71c50ae20000
2466  arch_prctl(ARCH_SET_FS, 0x71c50ae20740) = 0
2466  set_tid_address(0x71c50ae20a10)   = 2466
2466  set_robust_list(0x71c50ae20a20, 24) = 0
2466  rseq(0x71c50ae210e0, 0x20, 0, 0x53053053) = 0
2466  mprotect(0x71c50b039000, 16384, PROT_READ) = 0
2466  mprotect(0x5bbba4902000, 4096, PROT_READ) = 0
2466  mprotect(0x71c50b08e000, 8192, PROT_READ) = 0
2466  prlimit64(0, RLIMIT_STACK, NULL, {rlim_cur=8192*1024, rlim_max=RLIM64_INFINITY}) = 0
2466  munmap(0x71c50b04c000, 29392)     = 0
2466  getrandom("\xae\xa3\xcf\x8c\x1b\x6f\xfa\xc4", 8, GRND_NONBLOCK) = 8
2466  brk(NULL)                         = 0x5bbba567d000
2466  brk(0x5bbba569e000)               = 0x5bbba569e000
2466  execve("./fact", ["./fact", "5", "6"], NULL) = 0
2466  brk(NULL)                         = 0x6065aaae0000
2466  arch_prctl(0x3001 /* ARCH_??? */, 0x7fffa35afcf0) = -1 EINVAL (Invalid argument)
2466  mmap(NULL, 8192, PROT_READ|PROT_WRITE, MAP_PRIVATE|MAP_ANONYMOUS, -1, 0) = 0x7de95d6b5000
2466  access("/etc/ld.so.preload", R_OK) = -1 ENOENT (No such file or directory)
2466  openat(AT_FDCWD, "/etc/ld.so.cache", O_RDONLY|O_CLOEXEC) = 3
2466  newfstatat(3, "", {st_mode=S_IFREG|0644, st_size=29392, ...}, AT_EMPTY_PATH) = 0
2466  mmap(NULL, 29392, PROT_READ, MAP_PRIVATE, 3, 0) = 0x7de95d6ad000
2466  close(3)                          = 0
2466  openat(AT_FDCWD, "/lib/x86_64-linux-gnu/libc.so.6", O_RDONLY|O_CLOEXEC) = 3
2466  read(3, "\177ELF\2\1\1\3\0\0\0\0\0\0\0\0\3\0>\0\1\0\0\0P\237\2\0\0\0\0\0"..., 832) = 832
2466  pread64(3, "\6\0\0\0\4\0\0\0@\0\0\0\0\0\0\0@\0\0\0\0\0\0\0@\0\0\0\0\0\0\0"..., 784, 64) = 784
2466  pread64(3, "\4\0\0\0 \0\0\0\5\0\0\0GNU\0\2\0\0\300\4\0\0\0\3\0\0\0\0\0\0\0"..., 48, 848) = 48
2466  pread64(3, "\4\0\0\0\24\0\0\0\3\0\0\0GNU\0\325\31p\226\367\t\200\30)\261\30\257\33|\366c"..., 68, 896) = 68
2466  newfstatat(3, "", {st_mode=S_IFREG|0755, st_size=2220400, ...}, AT_EMPTY_PATH) = 0
2466  pread64(3, "\6\0\0\0\4\0\0\0@\0\0\0\0\0\0\0@\0\0\0\0\0\0\0@\0\0\0\0\0\0\0"..., 784, 64) = 784
2466  mmap(NULL, 2264656, PROT_READ, MAP_PRIVATE|MAP_DENYWRITE, 3, 0) = 0x7de95d484000
2466  mprotect(0x7de95d4ac000, 2023424, PROT_NONE) = 0
2466  mmap(0x7de95d4ac000, 1658880, PROT_READ|PROT_EXEC, MAP_PRIVATE|MAP_FIXED|MAP_DENYWRITE, 3, 0x28000) = 0x7de95d4ac000
2466  mmap(0x7de95d641000, 360448, PROT_READ, MAP_PRIVATE|MAP_FIXED|MAP_DENYWRITE, 3, 0x1bd000) = 0x7de95d641000
2466  mmap(0x7de95d69a000, 24576, PROT_READ|PROT_WRITE, MAP_PRIVATE|MAP_FIXED|MAP_DENYWRITE, 3, 0x215000) = 0x7de95d69a000
2466  mmap(0x7de95d6a0000, 52816, PROT_READ|PROT_WRITE, MAP_PRIVATE|MAP_FIXED|MAP_ANONYMOUS, -1, 0) = 0x7de95d6a0000
2466  close(3)                          = 0
2466  mmap(NULL, 12288, PROT_READ|PROT_WRITE, MAP_PRIVATE|MAP_ANONYMOUS, -1, 0) = 0x7de95d481000
2466  arch_prctl(ARCH_SET_FS, 0x7de95d481740) = 0
2466  set_tid_address(0x7de95d481a10)   = 2466
2466  set_robust_list(0x7de95d481a20, 24) = 0
2466  rseq(0x7de95d4820e0, 0x20, 0, 0x53053053) = 0
2466  mprotect(0x7de95d69a000, 16384, PROT_READ) = 0
2466  mprotect(0x6065a9a1e000, 4096, PROT_READ) = 0
2466  mprotect(0x7de95d6ef000, 8192, PROT_READ) = 0
2466  prlimit64(0, RLIMIT_STACK, NULL, {rlim_cur=8192*1024, rlim_max=RLIM64_INFINITY}) = 0
2466  munmap(0x7de95d6ad000, 29392)     = 0
2466  getrandom("\x8a\x88\xe0\x6e\xcc\x6b\x7b\x65", 8, GRND_NONBLOCK) = 8
2466  brk(NULL)                         = 0x6065aaae0000
2466  brk(0x6065aab01000)               = 0x6065aab01000
2466  execve("./fact", ["./fact", "4", "30"], NULL) = 0
2466  brk(NULL)                         = 0x64a3c1129000
2466  arch_prctl(0x3001 /* ARCH_??? */, 0x7ffe7b63e440) = -1 EINVAL (Invalid argument)
2466  mmap(NULL, 8192, PROT_READ|PROT_WRITE, MAP_PRIVATE|MAP_ANONYMOUS, -1, 0) = 0x70c7e64d3000
2466  access("/etc/ld.so.preload", R_OK) = -1 ENOENT (No such file or directory)
2466  openat(AT_FDCWD, "/etc/ld.so.cache", O_RDONLY|O_CLOEXEC) = 3
2466  newfstatat(3, "", {st_mode=S_IFREG|0644, st_size=29392, ...}, AT_EMPTY_PATH) = 0
2466  mmap(NULL, 29392, PROT_READ, MAP_PRIVATE, 3, 0) = 0x70c7e64cb000
2466  close(3)                          = 0
2466  openat(AT_FDCWD, "/lib/x86_64-linux-gnu/libc.so.6", O_RDONLY|O_CLOEXEC) = 3
2466  read(3, "\177ELF\2\1\1\3\0\0\0\0\0\0\0\0\3\0>\0\1\0\0\0P\237\2\0\0\0\0\0"..., 832) = 832
2466  pread64(3, "\6\0\0\0\4\0\0\0@\0\0\0\0\0\0\0@\0\0\0\0\0\0\0@\0\0\0\0\0\0\0"..., 784, 64) = 784
2466  pread64(3, "\4\0\0\0 \0\0\0\5\0\0\0GNU\0\2\0\0\300\4\0\0\0\3\0\0\0\0\0\0\0"..., 48, 848) = 48
2466  pread64(3, "\4\0\0\0\24\0\0\0\3\0\0\0GNU\0\325\31p\226\367\t\200\30)\261\30\257\33|\366c"..., 68, 896) = 68
2466  newfstatat(3, "", {st_mode=S_IFREG|0755, st_size=2220400, ...}, AT_EMPTY_PATH) = 0
2466  pread64(3, "\6\0\0\0\4\0\0\0@\0\0\0\0\0\0\0@\0\0\0\0\0\0\0@\0\0\0\0\0\0\0"..., 784, 64) = 784
2466  mmap(NULL, 2264656, PROT_READ, MAP_PRIVATE|MAP_DENYWRITE, 3, 0) = 0x70c7e62a2000
2466  mprotect(0x70c7e62ca000, 2023424, PROT_NONE) = 0
2466  mmap(0x70c7e62ca000, 1658880, PROT_READ|PROT_EXEC, MAP_PRIVATE|MAP_FIXED|MAP_DENYWRITE, 3, 0x28000) = 0x70c7e62ca000
2466  mmap(0x70c7e645f000, 360448, PROT_READ, MAP_PRIVATE|MAP_FIXED|MAP_DENYWRITE, 3, 0x1bd000) = 0x70c7e645f000
2466  mmap(0x70c7e64b8000, 24576, PROT_READ|PROT_WRITE, MAP_PRIVATE|MAP_FIXED|MAP_DENYWRITE, 3, 0x215000) = 0x70c7e64b8000
2466  mmap(0x70c7e64be000, 52816, PROT_READ|PROT_WRITE, MAP_PRIVATE|MAP_FIXED|MAP_ANONYMOUS, -1, 0) = 0x70c7e64be000
2466  close(3)                          = 0
2466  mmap(NULL, 12288, PROT_READ|PROT_WRITE, MAP_PRIVATE|MAP_ANONYMOUS, -1, 0) = 0x70c7e629f000
2466  arch_prctl(ARCH_SET_FS, 0x70c7e629f740) = 0
2466  set_tid_address(0x70c7e629fa10)   = 2466
2466  set_robust_list(0x70c7e629fa20, 24) = 0
2466  rseq(0x70c7e62a00e0, 0x20, 0, 0x53053053) = 0
2466  mprotect(0x70c7e64b8000, 16384, PROT_READ) = 0
2466  mprotect(0x64a3c04b0000, 4096, PROT_READ) = 0
2466  mprotect(0x70c7e650d000, 8192, PROT_READ) = 0
2466  prlimit64(0, RLIMIT_STACK, NULL, {rlim_cur=8192*1024, rlim_max=RLIM64_INFINITY}) = 0
2466  munmap(0x70c7e64cb000, 29392)     = 0
2466  getrandom("\x78\xf7\xbe\xac\x33\x47\x52\x20", 8, GRND_NONBLOCK) = 8
2466  brk(NULL)                         = 0x64a3c1129000
2466  brk(0x64a3c114a000)               = 0x64a3c114a000
2466  execve("./fact", ["./fact", "3", "120"], NULL) = 0
2466  brk(NULL)                         = 0x57ac04590000
2466  arch_prctl(0x3001 /* ARCH_??? */, 0x7ffc73791a70) = -1 EINVAL (Invalid argument)
2466  mmap(NULL, 8192, PROT_READ|PROT_WRITE, MAP_PRIVATE|MAP_ANONYMOUS, -1, 0) = 0x77a918de1000
2466  access("/etc/ld.so.preload", R_OK) = -1 ENOENT (No such file or directory)
2466  openat(AT_FDCWD, "/etc/ld.so.cache", O_RDONLY|O_CLOEXEC) = 3
2466  newfstatat(3, "", {st_mode=S_IFREG|0644, st_size=29392, ...}, AT_EMPTY_PATH) = 0
2466  mmap(NULL, 29392, PROT_READ, MAP_PRIVATE, 3, 0) = 0x77a918dd9000
2466  close(3)                          = 0
2466  openat(AT_FDCWD, "/lib/x86_64-linux-gnu/libc.so.6", O_RDONLY|O_CLOEXEC) = 3
2466  read(3, "\177ELF\2\1\1\3\0\0\0\0\0\0\0\0\3\0>\0\1\0\0\0P\237\2\0\0\0\0\0"..., 832) = 832
2466  pread64(3, "\6\0\0\0\4\0\0\0@\0\0\0\0\0\0\0@\0\0\0\0\0\0\0@\0\0\0\0\0\0\0"..., 784, 64) = 784
2466  pread64(3, "\4\0\0\0 \0\0\0\5\0\0\0GNU\0\2\0\0\300\4\0\0\0\3\0\0\0\0\0\0\0"..., 48, 848) = 48
2466  pread64(3, "\4\0\0\0\24\0\0\0\3\0\0\0GNU\0\325\31p\226\367\t\200\30)\261\30\257\33|\366c"..., 68, 896) = 68
2466  newfstatat(3, "", {st_mode=S_IFREG|0755, st_size=2220400, ...}, AT_EMPTY_PATH) = 0
2466  pread64(3, "\6\0\0\0\4\0\0\0@\0\0\0\0\0\0\0@\0\0\0\0\0\0\0@\0\0\0\0\0\0\0"..., 784, 64) = 784
2466  mmap(NULL, 2264656, PROT_READ, MAP_PRIVATE|MAP_DENYWRITE, 3, 0) = 0x77a918bb0000
2466  mprotect(0x77a918bd8000, 2023424, PROT_NONE) = 0
2466  mmap(0x77a918bd8000, 1658880, PROT_READ|PROT_EXEC, MAP_PRIVATE|MAP_FIXED|MAP_DENYWRITE, 3, 0x28000) = 0x77a918bd8000
2466  mmap(0x77a918d6d000, 360448, PROT_READ, MAP_PRIVATE|MAP_FIXED|MAP_DENYWRITE, 3, 0x1bd000) = 0x77a918d6d000
2466  mmap(0x77a918dc6000, 24576, PROT_READ|PROT_WRITE, MAP_PRIVATE|MAP_FIXED|MAP_DENYWRITE, 3, 0x215000) = 0x77a918dc6000
2466  mmap(0x77a918dcc000, 52816, PROT_READ|PROT_WRITE, MAP_PRIVATE|MAP_FIXED|MAP_ANONYMOUS, -1, 0) = 0x77a918dcc000
2466  close(3)                          = 0
2466  mmap(NULL, 12288, PROT_READ|PROT_WRITE, MAP_PRIVATE|MAP_ANONYMOUS, -1, 0) = 0x77a918bad000
2466  arch_prctl(ARCH_SET_FS, 0x77a918bad740) = 0
2466  set_tid_address(0x77a918bada10)   = 2466
2466  set_robust_list(0x77a918bada20, 24) = 0
2466  rseq(0x77a918bae0e0, 0x20, 0, 0x53053053) = 0
2466  mprotect(0x77a918dc6000, 16384, PROT_READ) = 0
2466  mprotect(0x57ac0267c000, 4096, PROT_READ) = 0
2466  mprotect(0x77a918e1b000, 8192, PROT_READ) = 0
2466  prlimit64(0, RLIMIT_STACK, NULL, {rlim_cur=8192*1024, rlim_max=RLIM64_INFINITY}) = 0
2466  munmap(0x77a918dd9000, 29392)     = 0
2466  getrandom("\xd1\x35\x6b\x46\xbb\xfc\xe6\xa3", 8, GRND_NONBLOCK) = 8
2466  brk(NULL)                         = 0x57ac04590000
2466  brk(0x57ac045b1000)               = 0x57ac045b1000
2466  execve("./fact", ["./fact", "2", "360"], NULL) = 0
2466  brk(NULL)                         = 0x5f1450673000
2466  arch_prctl(0x3001 /* ARCH_??? */, 0x7ffcc1521da0) = -1 EINVAL (Invalid argument)
2466  mmap(NULL, 8192, PROT_READ|PROT_WRITE, MAP_PRIVATE|MAP_ANONYMOUS, -1, 0) = 0x728521819000
2466  access("/etc/ld.so.preload", R_OK) = -1 ENOENT (No such file or directory)
2466  openat(AT_FDCWD, "/etc/ld.so.cache", O_RDONLY|O_CLOEXEC) = 3
2466  newfstatat(3, "", {st_mode=S_IFREG|0644, st_size=29392, ...}, AT_EMPTY_PATH) = 0
2466  mmap(NULL, 29392, PROT_READ, MAP_PRIVATE, 3, 0) = 0x728521811000
2466  close(3)                          = 0
2466  openat(AT_FDCWD, "/lib/x86_64-linux-gnu/libc.so.6", O_RDONLY|O_CLOEXEC) = 3
2466  read(3, "\177ELF\2\1\1\3\0\0\0\0\0\0\0\0\3\0>\0\1\0\0\0P\237\2\0\0\0\0\0"..., 832) = 832
2466  pread64(3, "\6\0\0\0\4\0\0\0@\0\0\0\0\0\0\0@\0\0\0\0\0\0\0@\0\0\0\0\0\0\0"..., 784, 64) = 784
2466  pread64(3, "\4\0\0\0 \0\0\0\5\0\0\0GNU\0\2\0\0\300\4\0\0\0\3\0\0\0\0\0\0\0"..., 48, 848) = 48
2466  pread64(3, "\4\0\0\0\24\0\0\0\3\0\0\0GNU\0\325\31p\226\367\t\200\30)\261\30\257\33|\366c"..., 68, 896) = 68
2466  newfstatat(3, "", {st_mode=S_IFREG|0755, st_size=2220400, ...}, AT_EMPTY_PATH) = 0
2466  pread64(3, "\6\0\0\0\4\0\0\0@\0\0\0\0\0\0\0@\0\0\0\0\0\0\0@\0\0\0\0\0\0\0"..., 784, 64) = 784
2466  mmap(NULL, 2264656, PROT_READ, MAP_PRIVATE|MAP_DENYWRITE, 3, 0) = 0x7285215e8000
2466  mprotect(0x728521610000, 2023424, PROT_NONE) = 0
2466  mmap(0x728521610000, 1658880, PROT_READ|PROT_EXEC, MAP_PRIVATE|MAP_FIXED|MAP_DENYWRITE, 3, 0x28000) = 0x728521610000
2466  mmap(0x7285217a5000, 360448, PROT_READ, MAP_PRIVATE|MAP_FIXED|MAP_DENYWRITE, 3, 0x1bd000) = 0x7285217a5000
2466  mmap(0x7285217fe000, 24576, PROT_READ|PROT_WRITE, MAP_PRIVATE|MAP_FIXED|MAP_DENYWRITE, 3, 0x215000) = 0x7285217fe000
2466  mmap(0x728521804000, 52816, PROT_READ|PROT_WRITE, MAP_PRIVATE|MAP_FIXED|MAP_ANONYMOUS, -1, 0) = 0x728521804000
2466  close(3)                          = 0
2466  mmap(NULL, 12288, PROT_READ|PROT_WRITE, MAP_PRIVATE|MAP_ANONYMOUS, -1, 0) = 0x7285215e5000
2466  arch_prctl(ARCH_SET_FS, 0x7285215e5740) = 0
2466  set_tid_address(0x7285215e5a10)   = 2466
2466  set_robust_list(0x7285215e5a20, 24) = 0
2466  rseq(0x7285215e60e0, 0x20, 0, 0x53053053) = 0
2466  mprotect(0x7285217fe000, 16384, PROT_READ) = 0
2466  mprotect(0x5f144ea9a000, 4096, PROT_READ) = 0
2466  mprotect(0x728521853000, 8192, PROT_READ) = 0
2466  prlimit64(0, RLIMIT_STACK, NULL, {rlim_cur=8192*1024, rlim_max=RLIM64_INFINITY}) = 0
2466  munmap(0x728521811000, 29392)     = 0
2466  getrandom("\x81\xa2\xcc\x95\xc9\x14\x7d\x5c", 8, GRND_NONBLOCK) = 8
2466  brk(NULL)                         = 0x5f1450673000
2466  brk(0x5f1450694000)               = 0x5f1450694000
2466  newfstatat(1, "", {st_mode=S_IFIFO|0600, st_size=0, ...}, AT_EMPTY_PATH) = 0
2466  write(1, "720\n", 4)              = 4
2466  exit_group(0)                     = ?
2466  +++ exited with 0 +++
