2473  execve("./fact", ["./fact", "7"], 0x7ffe76863160 /* 18 vars */) = 0
2473  brk(NULL)                         = 0x60732c489000
2473  arch_prctl(0x3001 /* ARCH_??? */, 0x7ffd69d1f730) = -1 EINVAL (Invalid argument)
2473  mmap(NULL, 8192, PROT_READ|PROT_WRITE, MAP_PRIVATE|MAP_ANONYMOUS, -1, 0) = 0x794a95bd6000
2473  access("/etc/ld.so.preload", R_OK) = -1 ENOENT (No such file or directory)
2473  openat(AT_FDCWD, "/etc/ld.so.cache", O_RDONLY|O_CLOEXEC) = 3
2473  newfstatat(3, "", {st_mode=S_IFREG|0644, st_size=29392, ...}, AT_EMPTY_PATH) = 0
2473  mmap(NULL, 29392, PROT_READ, MAP_PRIVATE, 3, 0) = 0x794a95bce000
2473  close(3)                          = 0
2473  openat(AT_FDCWD, "/lib/x86_64-linux-gnu/libc.so.6", O_RDONLY|O_CLOEXEC) = 3
2473  read(3, "\177ELF\2\1\1\3\0\0\0\0\0\0\0\0\3\0>\0\1\0\0\0P\237\2\0\0\0\0\0"..., 832) = 832
2473  pread64(3, "\6\0\0\0\4\0\0\0@\0\0\0\0\0\0\0@\0\0\0\0\0\0\0@\0\0\0\0\0\0\0"..., 784, 64) = 784
2473  pread64(3, "\4\0\0\0 \0\0\0\5\0\0\0GNU\0\2\0\0\300\4\0\0\0\3\0\0\0\0\0\0\0"..., 48, 848) = 48
2473  pread64(3, "\4\0\0\0\24\0\0\0\3\0\0\0GNU\0\325\31p\226\367\t\200\30)\261\30\257\33|\366c"..., 68, 896) = 68
2473  newfstatat(3, "", {st_mode=S_IFREG|0755, st_size=2220400, ...}, AT_EMPTY_PATH) = 0
2473  pread64(3, "\6\0\0\0\4\0\0\0@\0\0\0\0\0\0\0@\0\0\0\0\0\0\0@\0\0\0\0\0\0\0"..., 784, 64) = 784
2473  mmap(NULL, 2264656, PROT_READ, MAP_PRIVATE|MAP_DENYWRITE, 3, 0) = 0x794a959a5000
2473  mprotect(0x794a959cd000, 2023424, PROT_NONE) = 0
2473  mmap(0x794a959cd000, 1658880, PROT_READ|PROT_EXEC, MAP_PRIVATE|MAP_FIXED|MAP_DENYWRITE, 3, 0x28000) = 0x794a959cd000
2473  mmap(0x794a95b62000, 360448, PROT_READ, MAP_PRIVATE|MAP_FIXED|MAP_DENYWRITE, 3, 0x1bd000) = 0x794a95b62000
2473  mmap(0x794a95bbb000, 24576, PROT_READ|PROT_WRITE, MAP_PRIVATE|MAP_FIXED|MAP_DENYWRITE, 3, 0x215000) = 0x794a95bbb000
2473  mmap(0x794a95bc1000, 52816, PROT_READ|PROT_WRITE, MAP_PRIVATE|MAP_FIXED|MAP_ANONYMOUS, -1, 0) = 0x794a95bc1000
2473  close(3)                          = 0
2473  mmap(NULL, 12288, PROT_READ|PROT_WRITE, MAP_PRIVATE|MAP_ANONYMOUS, -1, 0) = 0x794a959a2000
2473  arch_prctl(ARCH_SET_FS, 0x794a959a2740) = 0
2473  set_tid_address(0x794a959a2a10)   = 2473
2473  set_robust_list(0x794a959a2a20, 24) = 0
2473  rseq(0x794a959a30e0, 0x20, 0, 0x53053053) = 0
2473  mprotect(0x794a95bbb000, 16384, PROT_READ) = 0
2473  mprotect(0x60732b35f000, 4096, PROT_READ) = 0
2473  mprotect(0x794a95c10000, 8192, PROT_READ) = 0
2473  prlimit64(0, RLIMIT_STACK, NULL, {rlim_cur=8192*1024, rlim_max=RLIM64_INFINITY}) = 0
2473  munmap(0x794a95bce000, 29392)     = 0
2473  getrandom("\x96\x4b\xb1\x5a\x43\xf1\x39\xae", 8, GRND_NONBLOCK) = 8
2473  brk(NULL)                         = 0x60732c489000
2473  brk(0x60732c4aa000)               = 0x60732c4aa000
2473  execve("./fact", ["./fact", "6", "7"], NULL) = 0
2473  brk(NULL)                         = 0x5f1bf6345000
2473  arch_prctl(0x3001 /* ARCH_??? */, 0x7ffd3e318af0) = -1 EINVAL (Invalid argument)
2473  mmap(NULL, 8192, PROT_READ|PROT_WRITE, MAP_PRIVATE|MAP_ANONYMOUS, -1, 0) = 0x729517adf000
2473  access("/etc/ld.so.preload", R_OK) = -1 ENOENT (No such file or directory)
2473  openat(AT_FDCWD, "/etc/ld.so.cache", O_RDONLY|O_CLOEXEC) = 3
2473  newfstatat(3, "", {st_mode=S_IFREG|0644, st_size=29392, ...}, AT_EMPTY_PATH) = 0
2473  mmap(NULL, 29392, PROT_READ, MAP_PRIVATE, 3, 0) = 0x729517ad7000
2473  close(3)                          = 0
2473  openat(AT_FDCWD, "/lib/x86_64-linux-gnu/libc.so.6", O_RDONLY|O_CLOEXEC) = 3
2473  read(3, "\177ELF\2\1\1\3\0\0\0\0\0\0\0\0\3\0>\0\1\0\0\0P\237\2\0\0\0\0\0"..., 832) = 832
2473  pread64(3, "\6\0\0\0\4\0\0\0@\0\0\0\0\0\0\0@\0\0\0\0\0\0\0@\0\0\0\0\0\0\0"..., 784, 64) = 784
2473  pread64(3, "\4\0\0\0 \0\0\0\5\0\0\0GNU\0\2\0\0\300\4\0\0\0\3\0\0\0\0\0\0\0"..., 48, 848) = 48
2473  pread64(3, "\4\0\0\0\24\0\0\0\3\0\0\0GNU\0\325\31p\226\367\t\200\30)\261\30\257\33|\366c"..., 68, 896) = 68
2473  newfstatat(3, "", {st_mode=S_IFREG|0755, st_size=2220400, ...}, AT_EMPTY_PATH) = 0
2473  pread64(3, "\6\0\0\0\4\0\0\0@\0\0\0\0\0\0\0@\0\0\0\0\0\0\0@\0\0\0\0\0\0\0"..., 784, 64) = 784
2473  mmap(NULL, 2264656, PROT_READ, MAP_PRIVATE|MAP_DENYWRITE, 3, 0) = 0x7295178ae000
2473  mprotect(0x7295178d6000, 2023424, PROT_NONE) = 0
2473  mmap(0x7295178d6000, 1658880, PROT_READ|PROT_EXEC, MAP_PRIVATE|MAP_FIXED|MAP_DENYWRITE, 3, 0x28000) = 0x7295178d6000
2473  mmap(0x729517a6b000, 360448, PROT_READ, MAP_PRIVATE|MAP_FIXED|MAP_DENYWRITE, 3, 0x1bd000) = 0x729517a6b000
2473  mmap(0x729517ac4000, 24576, PROT_READ|PROT_WRITE, MAP_PRIVATE|MAP_FIXED|MAP_DENYWRITE, 3, 0x215000) = 0x729517ac4000
2473  mmap(0x729517aca000, 52816, PROT_READ|PROT_WRITE, MAP_PRIVATE|MAP_FIXED|MAP_ANONYMOUS, -1, 0) = 0x729517aca000
2473  close(3)                          = 0
2473  mmap(NULL, 12288, PROT_READ|PROT_WRITE, MAP_PRIVATE|MAP_ANONYMOUS, -1, 0) = 0x7295178ab000
2473  arch_prctl(ARCH_SET_FS, 0x7295178ab740) = 0
2473  set_tid_address(0x7295178aba10)   = 2473
2473  set_robust_list(0x7295178aba20, 24) = 0
2473  rseq(0x7295178ac0e0, 0x20, 0, 0x53053053) = 0
2473  mprotect(0x729517ac4000, 16384, PROT_READ) = 0
2473  mprotect(0x5f1bf5b2a000, 4096, PROT_READ) = 0
2473  mprotect(0x729517b19000, 8192, PROT_READ) = 0
2473  prlimit64(0, RLIMIT_STACK, NULL, {rlim_cur=8192*1024, rlim_max=RLIM64_INFINITY}) = 0
2473  munmap(0x729517ad7000, 29392)     = 0
2473  getrandom("\x6d\xc8\x8e\x0b\xa1\xfe\x0d\xc8", 8, GRND_NONBLOCK) = 8
2473  brk(NULL)                         = 0x5f1bf6345000
2473  brk(0x5f1bf6366000)               = 0x5f1bf6366000
2473  execve("./fact", ["./fact", "5", "42"], NULL) = 0
2473  brk(NULL)                         = 0x634c2e5fc000
2473  arch_prctl(0x3001 /* ARCH_??? */, 0x7ffe1f9396a0) = -1 EINVAL (Invalid argument)
2473  mmap(NULL, 8192, PROT_READ|PROT_WRITE, MAP_PRIVATE|MAP_ANONYMOUS, -1, 0) = 0x74c4c54c9000
2473  access("/etc/ld.so.preload", R_OK) = -1 ENOENT (No such file or directory)
2473  openat(AT_FDCWD, "/etc/ld.so.cache", O_RDONLY|O_CLOEXEC) = 3
2473  newfstatat(3, "", {st_mode=S_IFREG|0644, st_size=29392, ...}, AT_EMPTY_PATH) = 0
2473  mmap(NULL, 29392, PROT_READ, MAP_PRIVATE, 3, 0) = 0x74c4c54c1000
2473  close(3)                          = 0
2473  openat(AT_FDCWD, "/lib/x86_64-linux-gnu/libc.so.6", O_RDONLY|O_CLOEXEC) = 3
2473  read(3, "\177ELF\2\1\1\3\0\0\0\0\0\0\0\0\3\0>\0\1\0\0\0P\237\2\0\0\0\0\0"..., 832) = 832
2473  pread64(3, "\6\0\0\0\4\0\0\0@\0\0\0\0\0\0\0@\0\0\0\0\0\0\0@\0\0\0\0\0\0\0"..., 784, 64) = 784
2473  pread64(3, "\4\0\0\0 \0\0\0\5\0\0\0GNU\0\2\0\0\300\4\0\0\0\3\0\0\0\0\0\0\0"..., 48, 848) = 48
2473  pread64(3, "\4\0\0\0\24\0\0\0\3\0\0\0GNU\0\325\31p\226\367\t\200\30)\261\30\257\33|\366c"..., 68, 896) = 68
2473  newfstatat(3, "", {st_mode=S_IFREG|0755, st_size=2220400, ...}, AT_EMPTY_PATH) = 0
2473  pread64(3, "\6\0\0\0\4\0\0\0@\0\0\0\0\0\0\0@\0\0\0\0\0\0\0@\0\0\0\0\0\0\0"..., 784, 64) = 784
2473  mmap(NULL, 2264656, PROT_READ, MAP_PRIVATE|MAP_DENYWRITE, 3, 0) = 0x74c4c5298000
2473  mprotect(0x74c4c52c0000, 2023424, PROT_NONE) = 0
2473  mmap(0x74c4c52c0000, 1658880, PROT_READ|PROT_EXEC, MAP_PRIVATE|MAP_FIXED|MAP_DENYWRITE, 3, 0x28000) = 0x74c4c52c0000
2473  mmap(0x74c4c5455000, 360448, PROT_READ, MAP_PRIVATE|MAP_FIXED|MAP_DENYWRITE, 3, 0x1bd000) = 0x74c4c5455000
2473  mmap(0x74c4c54ae000, 24576, PROT_READ|PROT_WRITE, MAP_PRIVATE|MAP_FIXED|MAP_DENYWRITE, 3, 0x215000) = 0x74c4c54ae000
2473  mmap(0x74c4c54b4000, 52816, PROT_READ|PROT_WRITE, MAP_PRIVATE|MAP_FIXED|MAP_ANONYMOUS, -1, 0) = 0x74c4c54b4000
2473  close(3)                          = 0
2473  mmap(NULL, 12288, PROT_READ|PROT_WRITE, MAP_PRIVATE|MAP_ANONYMOUS, -1, 0) = 0x74c4c5295000
2473  arch_prctl(ARCH_SET_FS, 0x74c4c5295740) = 0
2473  set_tid_address(0x74c4c5295a10)   = 2473
2473  set_robust_list(0x74c4c5295a20, 24) = 0
2473  rseq(0x74c4c52960e0, 0x20, 0, 0x53053053) = 0
2473  mprotect(0x74c4c54ae000, 16384, PROT_READ) = 0
2473  mprotect(0x634c2dd19000, 4096, PROT_READ) = 0
2473  mprotect(0x74c4c5503000, 8192, PROT_READ) = 0
2473  prlimit64(0, RLIMIT_STACK, NULL, {rlim_cur=8192*1024, rlim_max=RLIM64_INFINITY}) = 0
2473  munmap(0x74c4c54c1000, 29392)     = 0
2473  getrandom("\x62\x4d\x07\x87\xae\x2a\xd7\x26", 8, GRND_NONBLOCK) = 8
2473  brk(NULL)                         = 0x634c2e5fc000
2473  brk(0x634c2e61d000)               = 0x634c2e61d000
2473  execve("./fact", ["./fact", "4", "210"], NULL) = 0
2473  brk(NULL)                         = 0x5d5981fbf000
2473  arch_prctl(0x3001 /* ARCH_??? */, 0x7ffdf19ea610) = -1 EINVAL (Invalid argument)
2473  mmap(NULL, 8192, PROT_READ|PROT_WRITE, MAP_PRIVATE|MAP_ANONYMOUS, -1, 0) = 0x7b2afe7bc000
2473  access("/etc/ld.so.preload", R_OK) = -1 ENOENT (No such file or directory)
2473  openat(AT_FDCWD, "/etc/ld.so.cache", O_RDONLY|O_CLOEXEC) = 3
2473  newfstatat(3, "", {st_mode=S_IFREG|0644, st_size=29392, ...}, AT_EMPTY_PATH) = 0
2473  mmap(NULL, 29392, PROT_READ, MAP_PRIVATE, 3, 0) = 0x7b2afe7b4000
2473  close(3)                          = 0
2473  openat(AT_FDCWD, "/lib/x86_64-linux-gnu/libc.so.6", O_RDONLY|O_CLOEXEC) = 3
2473  read(3, "\177ELF\2\1\1\3\0\0\0\0\0\0\0\0\3\0>\0\1\0\0\0P\237\2\0\0\0\0\0"..., 832) = 832
2473  pread64(3, "\6\0\0\0\4\0\0\0@\0\0\0\0\0\0\0@\0\0\0\0\0\0\0@\0\0\0\0\0\0\0"..., 784, 64) = 784
2473  pread64(3, "\4\0\0\0 \0\0\0\5\0\0\0GNU\0\2\0\0\300\4\0\0\0\3\0\0\0\0\0\0\0"..., 48, 848) = 48
2473  pread64(3, "\4\0\0\0\24\0\0\0\3\0\0\0GNU\0\325\31p\226\367\t\200\30)\261\30\257\33|\366c"..., 68, 896) = 68
2473  newfstatat(3, "", {st_mode=S_IFREG|0755, st_size=2220400, ...}, AT_EMPTY_PATH) = 0
2473  pread64(3, "\6\0\0\0\4\0\0\0@\0\0\0\0\0\0\0@\0\0\0\0\0\0\0@\0\0\0\0\0\0\0"..., 784, 64) = 784
2473  mmap(NULL, 2264656, PROT_READ, MAP_PRIVATE|MAP_DENYWRITE, 3, 0) = 0x7b2afe58b000
2473  mprotect(0x7b2afe5b3000, 2023424, PROT_NONE) = 0
2473  mmap(0x7b2afe5b3000, 1658880, PROT_READ|PROT_EXEC, MAP_PRIVATE|MAP_FIXED|MAP_DENYWRITE, 3, 0x28000) = 0x7b2afe5b3000
2473  mmap(0x7b2afe748000, 360448, PROT_READ, MAP_PRIVATE|MAP_FIXED|MAP_DENYWRITE, 3, 0x1bd000) = 0x7b2afe748000
2473  mmap(0x7b2afe7a1000, 24576, PROT_READ|PROT_WRITE, MAP_PRIVATE|MAP_FIXED|MAP_DENYWRITE, 3, 0x215000) = 0x7b2afe7a1000
2473  mmap(0x7b2afe7a7000, 52816, PROT_READ|PROT_WRITE, MAP_PRIVATE|MAP_FIXED|MAP_ANONYMOUS, -1, 0) = 0x7b2afe7a7000
2473  close(3)                          = 0
2473  mmap(NULL, 12288, PROT_READ|PROT_WRITE, MAP_PRIVATE|MAP_ANONYMOUS, -1, 0) = 0x7b2afe588000
2473  arch_prctl(ARCH_SET_FS, 0x7b2afe588740) = 0
2473  set_tid_address(0x7b2afe588a10)   = 2473
2473  set_robust_list(0x7b2afe588a20, 24) = 0
2473  rseq(0x7b2afe5890e0, 0x20, 0, 0x53053053) = 0
2473  mprotect(0x7b2afe7a1000, 16384, PROT_READ) = 0
2473  mprotect(0x5d5981ec8000, 4096, PROT_READ) = 0
2473  mprotect(0x7b2afe7f6000, 8192, PROT_READ) = 0
2473  prlimit64(0, RLIMIT_STACK, NULL, {rlim_cur=8192*1024, rlim_max=RLIM64_INFINITY}) = 0
2473  munmap(0x7b2afe7b4000, 29392)     = 0
2473  getrandom("\xbd\x5c\xbe\xfe\x45\xa9\xa2\x12", 8, GRND_NONBLOCK) = 8
2473  brk(NULL)                         = 0x5d5981fbf000
2473  brk(0x5d5981fe0000)               = 0x5d5981fe0000
2473  execve("./fact", ["./fact", "3", "840"], NULL) = 0
2473  brk(NULL)                         = 0x61e134ad7000
2473  arch_prctl(0x3001 /* ARCH_??? */, 0x7ffe7df81ea0) = -1 EINVAL (Invalid argument)
2473  mmap(NULL, 8192, PROT_READ|PROT_WRITE, MAP_PRIVATE|MAP_ANONYMOUS, -1, 0) = 0x7af2c14ae000
2473  access("/etc/ld.so.preload", R_OK) = -1 ENOENT (No such file or directory)
2473  openat(AT_FDCWD, "/etc/ld.so.cache", O_RDONLY|O_CLOEXEC) = 3
2473  newfstatat(3, "", {st_mode=S_IFREG|0644, st_size=29392, ...}, AT_EMPTY_PATH) = 0
2473  mmap(NULL, 29392, PROT_READ, MAP_PRIVATE, 3, 0) = 0x7af2c14a6000
2473  close(3)                          = 0
2473  openat(AT_FDCWD, "/lib/x86_64-linux-gnu/libc.so.6", O_RDONLY|O_CLOEXEC) = 3
2473  read(3, "\177ELF\2\1\1\3\0\0\0\0\0\0\0\0\3\0>\0\1\0\0\0P\237\2\0\0\0\0\0"..., 832) = 832
2473  pread64(3, "\6\0\0\0\4\0\0\0@\0\0\0\0\0\0\0@\0\0\0\0\0\0\0@\0\0\0\0\0\0\0"..., 784, 64) = 784
2473  pread64(3, "\4\0\0\0 \0\0\0\5\0\0\0GNU\0\2\0\0\300\4\0\0\0\3\0\0\0\0\0\0\0"..., 48, 848) = 48
2473  pread64(3, "\4\0\0\0\24\0\0\0\3\0\0\0GNU\0\325\31p\226\367\t\200\30)\261\30\257\33|\366c"..., 68, 896) = 68
2473  newfstatat(3, "", {st_mode=S_IFREG|0755, st_size=2220400, ...}, AT_EMPTY_PATH) = 0
2473  pread64(3, "\6\0\0\0\4\0\0\0@\0\0\0\0\0\0\0@\0\0\0\0\0\0\0@\0\0\0\0\0\0\0"..., 784, 64) = 784
2473  mmap(NULL, 2264656, PROT_READ, MAP_PRIVATE|MAP_DENYWRITE, 3, 0) = 0x7af2c127d000
2473  mprotect(0x7af2c12a5000, 2023424, PROT_NONE) = 0
2473  mmap(0x7af2c12a5000, 1658880, PROT_READ|PROT_EXEC, MAP_PRIVATE|MAP_FIXED|MAP_DENYWRITE, 3, 0x28000) = 0x7af2c12a5000
2473  mmap(0x7af2c143a000, 360448, PROT_READ, MAP_PRIVATE|MAP_FIXED|MAP_DENYWRITE, 3, 0x1bd000) = 0x7af2c143a000
2473  mmap(0x7af2c1493000, 24576, PROT_READ|PROT_WRITE, MAP_PRIVATE|MAP_FIXED|MAP_DENYWRITE, 3, 0x215000) = 0x7af2c1493000
2473  mmap(0x7af2c1499000, 52816, PROT_READ|PROT_WRITE, MAP_PRIVATE|MAP_FIXED|MAP_ANONYMOUS, -1, 0) = 0x7af2c1499000
2473  close(3)                          = 0
2473  mmap(NULL, 12288, PROT_READ|PROT_WRITE, MAP_PRIVATE|MAP_ANONYMOUS, -1, 0) = 0x7af2c127a000
2473  arch_prctl(ARCH_SET_FS, 0x7af2c127a740) = 0
2473  set_tid_address(0x7af2c127aa10)   = 2473
2473  set_robust_list(0x7af2c127aa20, 24) = 0
2473  rseq(0x7af2c127b0e0, 0x20, 0, 0x53053053) = 0
2473  mprotect(0x7af2c1493000, 16384, PROT_READ) = 0
2473  mprotect(0x61e134312000, 4096, PROT_READ) = 0
2473  mprotect(0x7af2c14e8000, 8192, PROT_READ) = 0
2473  prlimit64(0, RLIMIT_STACK, NULL, {rlim_cur=8192*1024, rlim_max=RLIM64_INFINITY}) = 0
2473  munmap(0x7af2c14a6000, 29392)     = 0
2473  getrandom("\x63\xd9\xc8\x40\x0d\xe3\x42\x94", 8, GRND_NONBLOCK) = 8
2473  brk(NULL)                         = 0x61e134ad7000
2473  brk(0x61e134af8000)               = 0x61e134af8000
2473  execve("./fact", ["./fact", "2", "2520"], NULL) = 0
2473  brk(NULL)                         = 0x5a4ca48f9000
2473  arch_prctl(0x3001 /* ARCH_??? */, 0x7ffc932ad270) = -1 EINVAL (Invalid argument)
2473  mmap(NULL, 8192, PROT_READ|PROT_WRITE, MAP_PRIVATE|MAP_ANONYMOUS, -1, 0) = 0x749fb3cb0000
2473  access("/etc/ld.so.preload", R_OK) = -1 ENOENT (No such file or directory)
2473  openat(AT_FDCWD, "/etc/ld.so.cache", O_RDONLY|O_CLOEXEC) = 3
2473  newfstatat(3, "", {st_mode=S_IFREG|0644, st_size=29392, ...}, AT_EMPTY_PATH) = 0
2473  mmap(NULL, 29392, PROT_READ, MAP_PRIVATE, 3, 0) = 0x749fb3ca8000
2473  close(3)                          = 0
2473  openat(AT_FDCWD, "/lib/x86_64-linux-gnu/libc.so.6", O_RDONLY|O_CLOEXEC) = 3
2473  read(3, "\177ELF\2\1\1\3\0\0\0\0\0\0\0\0\3\0>\0\1\0\0\0P\237\2\0\0\0\0\0"..., 832) = 832
2473  pread64(3, "\6\0\0\0\4\0\0\0@\0\0\0\0\0\0\0@\0\0\0\0\0\0\0@\0\0\0\0\0\0\0"..., 784, 64) = 784
2473  pread64(3, "\4\0\0\0 \0\0\0\5\0\0\0GNU\0\2\0\0\300\4\0\0\0\3\0\0\0\0\0\0\0"..., 48, 848) = 48
2473  pread64(3, "\4\0\0\0\24\0\0\0\3\0\0\0GNU\0\325\31p\226\367\t\200\30)\261\30\257\33|\366c"..., 68, 896) = 68
2473  newfstatat(3, "", {st_mode=S_IFREG|0755, st_size=2220400, ...}, AT_EMPTY_PATH) = 0
2473  pread64(3, "\6\0\0\0\4\0\0\0@\0\0\0\0\0\0\0@\0\0\0\0\0\0\0@\0\0\0\0\0\0\0"..., 784, 64) = 784
2473  mmap(NULL, 2264656, PROT_READ, MAP_PRIVATE|MAP_DENYWRITE, 3, 0) = 0x749fb3a7f000
2473  mprotect(0x749fb3aa7000, 2023424, PROT_NONE) = 0
2473  mmap(0x749fb3aa7000, 1658880, PROT_READ|PROT_EXEC, MAP_PRIVATE|MAP_FIXED|MAP_DENYWRITE, 3, 0x28000) = 0x749fb3aa7000
2473  mmap(0x749fb3c3c000, 360448, PROT_READ, MAP_PRIVATE|MAP_FIXED|MAP_DENYWRITE, 3, 0x1bd000) = 0x749fb3c3c000
2473  mmap(0x749fb3c95000, 24576, PROT_READ|PROT_WRITE, MAP_PRIVATE|MAP_FIXED|MAP_DENYWRITE, 3, 0x215000) = 0x749fb3c95000
2473  mmap(0x749fb3c9b000, 52816, PROT_READ|PROT_WRITE, MAP_PRIVATE|MAP_FIXED|MAP_ANONYMOUS, -1, 0) = 0x749fb3c9b000
2473  close(3)                          = 0
2473  mmap(NULL, 12288, PROT_READ|PROT_WRITE, MAP_PRIVATE|MAP_ANONYMOUS, -1, 0) = 0x749fb3a7c000
2473  arch_prctl(ARCH_SET_FS, 0x749fb3a7c740) = 0
2473  set_tid_address(0x749fb3a7ca10)   = 2473
2473  set_robust_list(0x749fb3a7ca20, 24) = 0
2473  rseq(0x749fb3a7d0e0, 0x20, 0, 0x53053053) = 0
2473  mprotect(0x749fb3c95000, 16384, PROT_READ) = 0
2473  mprotect(0x5a4ca3add000, 4096, PROT_READ) = 0
2473  mprotect(0x749fb3cea000, 8192, PROT_READ) = 0
2473  prlimit64(0, RLIMIT_STACK, NULL, {rlim_cur=8192*1024, rlim_max=RLIM64_INFINITY}) = 0
2473  munmap(0x749fb3ca8000, 29392)     = 0
2473  getrandom("\xd8\x3c\x74\x11\x44\x9a\x99\x0b", 8, GRND_NONBLOCK) = 8
2473  brk(NULL)                         = 0x5a4ca48f9000
2473  brk(0x5a4ca491a000)               = 0x5a4ca491a000
2473  newfstatat(1, "", {st_mode=S_IFIFO|0600, st_size=0, ...}, AT_EMPTY_PATH) = 0
2473  write(1, "5040\n", 5)             = 5
2473  exit_group(0)                     = ?
2473  +++ exited with 0 +++
