2480  execve("./fact", ["./fact", "8"], 0x7ffe36551d80 /* 18 vars */) = 0
2480  brk(NULL)                         = 0x61b4985cc000
2480  arch_prctl(0x3001 /* ARCH_??? */, 0x7ffc01ab20f0) = -1 EINVAL (Invalid argument)
2480  mmap(NULL, 8192, PROT_READ|PROT_WRITE, MAP_PRIVATE|MAP_ANONYMOUS, -1, 0) = 0x7a20bc2a1000
2480  access("/etc/ld.so.preload", R_OK) = -1 ENOENT (No such file or directory)
2480  openat(AT_FDCWD, "/etc/ld.so.cache", O_RDONLY|O_CLOEXEC) = 3
2480  newfstatat(3, "", {st_mode=S_IFREG|0644, st_size=29392, ...}, AT_EMPTY_PATH) = 0
2480  mmap(NULL, 29392, PROT_READ, MAP_PRIVATE, 3, 0) = 0x7a20bc299000
2480  close(3)                          = 0
2480  openat(AT_FDCWD, "/lib/x86_64-linux-gnu/libc.so.6", O_RDONLY|O_CLOEXEC) = 3
2480  read(3, "\177ELF\2\1\1\3\0\0\0\0\0\0\0\0\3\0>\0\1\0\0\0P\237\2\0\0\0\0\0"..., 832) = 832
2480  pread64(3, "\6\0\0\0\4\0\0\0@\0\0\0\0\0\0\0@\0\0\0\0\0\0\0@\0\0\0\0\0\0\0"..., 784, 64) = 784
2480  pread64(3, "\4\0\0\0 \0\0\0\5\0\0\0GNU\0\2\0\0\300\4\0\0\0\3\0\0\0\0\0\0\0"..., 48, 848) = 48
2480  pread64(3, "\4\0\0\0\24\0\0\0\3\0\0\0GNU\0\325\31p\226\367\t\200\30)\261\30\257\33|\366c"..., 68, 896) = 68
2480  newfstatat(3, "", {st_mode=S_IFREG|0755, st_size=2220400, ...}, AT_EMPTY_PATH) = 0
2480  pread64(3, "\6\0\0\0\4\0\0\0@\0\0\0\0\0\0\0@\0\0\0\0\0\0\0@\0\0\0\0\0\0\0"..., 784, 64) = 784
2480  mmap(NULL, 2264656, PROT_READ, MAP_PRIVATE|MAP_DENYWRITE, 3, 0) = 0x7a20bc070000
2480  mprotect(0x7a20bc098000, 2023424, PROT_NONE) = 0
2480  mmap(0x7a20bc098000, 1658880, PROT_READ|PROT_EXEC, MAP_PRIVATE|MAP_FIXED|MAP_DENYWRITE, 3, 0x28000) = 0x7a20bc098000
2480  mmap(0x7a20bc22d000, 360448, PROT_READ, MAP_PRIVATE|MAP_FIXED|MAP_DENYWRITE, 3, 0x1bd000) = 0x7a20bc22d000
2480  mmap(0x7a20bc286000, 24576, PROT_READ|PROT_WRITE, MAP_PRIVATE|MAP_FIXED|MAP_DENYWRITE, 3, 0x215000) = 0x7a20bc286000
2480  mmap(0x7a20bc28c000, 52816, PROT_READ|PROT_WRITE, MAP_PRIVATE|MAP_FIXED|MAP_ANONYMOUS, -1, 0) = 0x7a20bc28c000
2480  close(3)                          = 0
2480  mmap(NULL, 12288, PROT_READ|PROT_WRITE, MAP_PRIVATE|MAP_ANONYMOUS, -1, 0) = 0x7a20bc06d000
2480  arch_prctl(ARCH_SET_FS, 0x7a20bc06d740) = 0
2480  set_tid_address(0x7a20bc06da10)   = 2480
2480  set_robust_list(0x7a20bc06da20, 24) = 0
2480  rseq(0x7a20bc06e0e0, 0x20, 0, 0x53053053) = 0
2480  mprotect(0x7a20bc286000, 16384, PROT_READ) = 0
2480  mprotect(0x61b496980000, 4096, PROT_READ) = 0
2480  mprotect(0x7a20bc2db000, 8192, PROT_READ) = 0
2480  prlimit64(0, RLIMIT_STACK, NULL, {rlim_cur=8192*1024, rlim_max=RLIM64_INFINITY}) = 0
2480  munmap(0x7a20bc299000, 29392)     = 0
2480  getrandom("\xff\x96\xe9\x36\x85\x70\x68\xf4", 8, GRND_NONBLOCK) = 8
2480  brk(NULL)                         = 0x61b4985cc000
2480  brk(0x61b4985ed000)               = 0x61b4985ed000
2480  execve("./fact", ["./fact", "7", "8"], NULL) = 0
2480  brk(NULL)                         = 0x623eeb07d000
2480  arch_prctl(0x3001 /* ARCH_??? */, 0x7fff79656650) = -1 EINVAL (Invalid argument)
2480  mmap(NULL, 8192, PROT_READ|PROT_WRITE, MAP_PRIVATE|MAP_ANONYMOUS, -1, 0) = 0x7123c45ee000
2480  access("/etc/ld.so.preload", R_OK) = -1 ENOENT (No such file or directory)
2480  openat(AT_FDCWD, "/etc/ld.so.cache", O_RDONLY|O_CLOEXEC) = 3
2480  newfstatat(3, "", {st_mode=S_IFREG|0644, st_size=29392, ...}, AT_EMPTY_PATH) = 0
2480  mmap(NULL, 29392, PROT_READ, MAP_PRIVATE, 3, 0) = 0x7123c45e6000
2480  close(3)                          = 0
2480  openat(AT_FDCWD, "/lib/x86_64-linux-gnu/libc.so.6", O_RDONLY|O_CLOEXEC) = 3
2480  read(3, "\177ELF\2\1\1\3\0\0\0\0\0\0\0\0\3\0>\0\1\0\0\0P\237\2\0\0\0\0\0"..., 832) = 832
2480  pread64(3, "\6\0\0\0\4\0\0\0@\0\0\0\0\0\0\0@\0\0\0\0\0\0\0@\0\0\0\0\0\0\0"..., 784, 64) = 784
2480  pread64(3, "\4\0\0\0 \0\0\0\5\0\0\0GNU\0\2\0\0\300\4\0\0\0\3\0\0\0\0\0\0\0"..., 48, 848) = 48
2480  pread64(3, "\4\0\0\0\24\0\0\0\3\0\0\0GNU\0\325\31p\226\367\t\200\30)\261\30\257\33|\366c"..., 68, 896) = 68
2480  newfstatat(3, "", {st_mode=S_IFREG|0755, st_size=2220400, ...}, AT_EMPTY_PATH) = 0
2480  pread64(3, "\6\0\0\0\4\0\0\0@\0\0\0\0\0\0\0@\0\0\0\0\0\0\0@\0\0\0\0\0\0\0"..., 784, 64) = 784
2480  mmap(NULL, 2264656, PROT_READ, MAP_PRIVATE|MAP_DENYWRITE, 3, 0) = 0x7123c43bd000
2480  mprotect(0x7123c43e5000, 2023424, PROT_NONE) = 0
2480  mmap(0x7123c43e5000, 1658880, PROT_READ|PROT_EXEC, MAP_PRIVATE|MAP_FIXED|MAP_DENYWRITE, 3, 0x28000) = 0x7123c43e5000
2480  mmap(0x7123c457a000, 360448, PROT_READ, MAP_PRIVATE|MAP_FIXED|MAP_DENYWRITE, 3, 0x1bd000) = 0x7123c457a000
2480  mmap(0x7123c45d3000, 24576, PROT_READ|PROT_WRITE, MAP_PRIVATE|MAP_FIXED|MAP_DENYWRITE, 3, 0x215000) = 0x7123c45d3000
2480  mmap(0x7123c45d9000, 52816, PROT_READ|PROT_WRITE, MAP_PRIVATE|MAP_FIXED|MAP_ANONYMOUS, -1, 0) = 0x7123c45d9000
2480  close(3)                          = 0
2480  mmap(NULL, 12288, PROT_READ|PROT_WRITE, MAP_PRIVATE|MAP_ANONYMOUS, -1, 0) = 0x7123c43ba000
2480  arch_prctl(ARCH_SET_FS, 0x7123c43ba740) = 0
2480  set_tid_address(0x7123c43baa10)   = 2480
2480  set_robust_list(0x7123c43baa20, 24) = 0
2480  rseq(0x7123c43bb0e0, 0x20, 0, 0x53053053) = 0
2480  mprotect(0x7123c45d3000, 16384, PROT_READ) = 0
2480  mprotect(0x623eea9bc000, 4096, PROT_READ) = 0
2480  mprotect(0x7123c4628000, 8192, PROT_READ) = 0
2480  prlimit64(0, RLIMIT_STACK, NULL, {rlim_cur=8192*1024, rlim_max=RLIM64_INFINITY}) = 0
2480  munmap(0x7123c45e6000, 29392)     = 0
2480  getrandom("\x8f\x98\xfb\xbc\xd4\xc1\x3d\x5f", 8, GRND_NONBLOCK) = 8
2480  brk(NULL)                         = 0x623eeb07d000
2480  brk(0x623eeb09e000)               = 0x623eeb09e000
2480  execve("./fact", ["./fact", "6", "56"], NULL) = 0
2480  brk(NULL)                         = 0x6369dc86c000
2480  arch_prctl(0x3001 /* ARCH_??? */, 0x7ffefe683a10) = -1 EINVAL (Invalid argument)
2480  mmap(NULL, 8192, PROT_READ|PROT_WRITE, MAP_PRIVATE|MAP_ANONYMOUS, -1, 0) = 0x7ee7891ae000
2480  access("/etc/ld.so.preload", R_OK) = -1 ENOENT (No such file or directory)
2480  openat(AT_FDCWD, "/etc/ld.so.cache", O_RDONLY|O_CLOEXEC) = 3
2480  newfstatat(3, "", {st_mode=S_IFREG|0644, st_size=29392, ...}, AT_EMPTY_PATH) = 0
2480  mmap(NULL, 29392, PROT_READ, MAP_PRIVATE, 3, 0) = 0x7ee7891a6000
2480  close(3)                          = 0
2480  openat(AT_FDCWD, "/lib/x86_64-linux-gnu/libc.so.6", O_RDONLY|O_CLOEXEC) = 3
2480  read(3, "\177ELF\2\1\1\3\0\0\0\0\0\0\0\0\3\0>\0\1\0\0\0P\237\2\0\0\0\0\0"..., 832) = 832
2480  pread64(3, "\6\0\0\0\4\0\0\0@\0\0\0\0\0\0\0@\0\0\0\0\0\0\0@\0\0\0\0\0\0\0"..., 784, 64) = 784
2480  pread64(3, "\4\0\0\0 \0\0\0\5\0\0\0GNU\0\2\0\0\300\4\0\0\0\3\0\0\0\0\0\0\0"..., 48, 848) = 48
2480  pread64(3, "\4\0\0\0\24\0\0\0\3\0\0\0GNU\0\325\31p\226\367\t\200\30)\261\30\257\33|\366c"..., 68, 896) = 68
2480  newfstatat(3, "", {st_mode=S_IFREG|0755, st_size=2220400, ...}, AT_EMPTY_PATH) = 0
2480  pread64(3, "\6\0\0\0\4\0\0\0@\0\0\0\0\0\0\0@\0\0\0\0\0\0\0@\0\0\0\0\0\0\0"..., 784, 64) = 784
2480  mmap(NULL, 2264656, PROT_READ, MAP_PRIVATE|MAP_DENYWRITE, 3, 0) = 0x7ee788f7d000
2480  mprotect(0x7ee788fa5000, 2023424, PROT_NONE) = 0
2480  mmap(0x7ee788fa5000, 1658880, PROT_READ|PROT_EXEC, MAP_PRIVATE|MAP_FIXED|MAP_DENYWRITE, 3, 0x28000) = 0x7ee788fa5000
2480  mmap(0x7ee78913a000, 360448, PROT_READ, MAP_PRIVATE|MAP_FIXED|MAP_DENYWRITE, 3, 0x1bd000) = 0x7ee78913a000
2480  mmap(0x7ee789193000, 24576, PROT_READ|PROT_WRITE, MAP_PRIVATE|MAP_FIXED|MAP_DENYWRITE, 3, 0x215000) = 0x7ee789193000
2480  mmap(0x7ee789199000, 52816, PROT_READ|PROT_WRITE, MAP_PRIVATE|MAP_FIXED|MAP_ANONYMOUS, -1, 0) = 0x7ee789199000
2480  close(3)                          = 0
2480  mmap(NULL, 12288, PROT_READ|PROT_WRITE, MAP_PRIVATE|MAP_ANONYMOUS, -1, 0) = 0x7ee788f7a000
2480  arch_prctl(ARCH_SET_FS, 0x7ee788f7a740) = 0
2480  set_tid_address(0x7ee788f7aa10)   = 2480
2480  set_robust_list(0x7ee788f7aa20, 24) = 0
2480  rseq(0x7ee788f7b0e0, 0x20, 0, 0x53053053) = 0
2480  mprotect(0x7ee789193000, 16384, PROT_READ) = 0
2480  mprotect(0x6369dbeae000, 4096, PROT_READ) = 0
2480  mprotect(0x7ee7891e8000, 8192, PROT_READ) = 0
2480  prlimit64(0, RLIMIT_STACK, NULL, {rlim_cur=8192*1024, rlim_max=RLIM64_INFINITY}) = 0
2480  munmap(0x7ee7891a6000, 29392)     = 0
2480  getrandom("\x7d\xf9\xbc\x45\x06\xd3\x7b\xa1", 8, GRND_NONBLOCK) = 8
2480  brk(NULL)                         = 0x6369dc86c000
2480  brk(0x6369dc88d000)               = 0x6369dc88d000
2480  execve("./fact", ["./fact", "5", "336"], NULL) = 0
2480  brk(NULL)                         = 0x5f8f03e57000
2480  arch_prctl(0x3001 /* ARCH_??? */, 0x7fff640de690) = -1 EINVAL (Invalid argument)
2480  mmap(NULL, 8192, PROT_READ|PROT_WRITE, MAP_PRIVATE|MAP_ANONYMOUS, -1, 0) = 0x78c5ed711000
2480  access("/etc/ld.so.preload", R_OK) = -1 ENOENT (No such file or directory)
2480  openat(AT_FDCWD, "/etc/ld.so.cache", O_RDONLY|O_CLOEXEC) = 3
2480  newfstatat(3, "", {st_mode=S_IFREG|0644, st_size=29392, ...}, AT_EMPTY_PATH) = 0
2480  mmap(NULL, 29392, PROT_READ, MAP_PRIVATE, 3, 0) = 0x78c5ed709000
2480  close(3)                          = 0
2480  openat(AT_FDCWD, "/lib/x86_64-linux-gnu/libc.so.6", O_RDONLY|O_CLOEXEC) = 3
2480  read(3, "\177ELF\2\1\1\3\0\0\0\0\0\0\0\0\3\0>\0\1\0\0\0P\237\2\0\0\0\0\0"..., 832) = 832
2480  pread64(3, "\6\0\0\0\4\0\0\0@\0\0\0\0\0\0\0@\0\0\0\0\0\0\0@\0\0\0\0\0\0\0"..., 784, 64) = 784
2480  pread64(3, "\4\0\0\0 \0\0\0\5\0\0\0GNU\0\2\0\0\300\4\0\0\0\3\0\0\0\0\0\0\0"..., 48, 848) = 48
2480  pread64(3, "\4\0\0\0\24\0\0\0\3\0\0\0GNU\0\325\31p\226\367\t\200\30)\261\30\257\33|\366c"..., 68, 896) = 68
2480  newfstatat(3, "", {st_mode=S_IFREG|0755, st_size=2220400, ...}, AT_EMPTY_PATH) = 0
2480  pread64(3, "\6\0\0\0\4\0\0\0@\0\0\0\0\0\0\0@\0\0\0\0\0\0\0@\0\0\0\0\0\0\0"..., 784, 64) = 784
2480  mmap(NULL, 2264656, PROT_READ, MAP_PRIVATE|MAP_DENYWRITE, 3, 0) = 0x78c5ed4e0000
2480  mprotect(0x78c5ed508000, 2023424, PROT_NONE) = 0
2480  mmap(0x78c5ed508000, 1658880, PROT_READ|PROT_EXEC, MAP_PRIVATE|MAP_FIXED|MAP_DENYWRITE, 3, 0x28000) = 0x78c5ed508000
2480  mmap(0x78c5ed69d000, 360448, PROT_READ, MAP_PRIVATE|MAP_FIXED|MAP_DENYWRITE, 3, 0x1bd000) = 0x78c5ed69d000
2480  mmap(0x78c5ed6f6000, 24576, PROT_READ|PROT_WRITE, MAP_PRIVATE|MAP_FIXED|MAP_DENYWRITE, 3, 0x215000) = 0x78c5ed6f6000
2480  mmap(0x78c5ed6fc000, 52816, PROT_READ|PROT_WRITE, MAP_PRIVATE|MAP_FIXED|MAP_ANONYMOUS, -1, 0) = 0x78c5ed6fc000
2480  close(3)                          = 0
2480  mmap(NULL, 12288, PROT_READ|PROT_WRITE, MAP_PRIVATE|MAP_ANONYMOUS, -1, 0) = 0x78c5ed4dd000
2480  arch_prctl(ARCH_SET_FS, 0x78c5ed4dd740) = 0
2480  set_tid_address(0x78c5ed4dda10)   = 2480
2480  set_robust_list(0x78c5ed4dda20, 24) = 0
2480  rseq(0x78c5ed4de0e0, 0x20, 0, 0x53053053) = 0
2480  mprotect(0x78c5ed6f6000, 16384, PROT_READ) = 0
2480  mprotect(0x5f8f024ef000, 4096, PROT_READ) = 0
2480  mprotect(0x78c5ed74b000, 8192, PROT_READ) = 0
2480  prlimit64(0, RLIMIT_STACK, NULL, {rlim_cur=8192*1024, rlim_max=RLIM64_INFINITY}) = 0
2480  munmap(0x78c5ed709000, 29392)     = 0
2480  getrandom("\xc5\xd4\x6f\x9e\x8d\xa5\x0b\x4b", 8, GRND_NONBLOCK) = 8
2480  brk(NULL)                         = 0x5f8f03e57000
2480  brk(0x5f8f03e78000)               = 0x5f8f03e78000
2480  execve("./fact", ["./fact", "4", "1680"], NULL) = 0
2480  brk(NULL)                         = 0x5fa30d51e000
2480  arch_prctl(0x3001 /* ARCH_??? */, 0x7ffc1003af20) = -1 EINVAL (Invalid argument)
2480  mmap(NULL, 8192, PROT_READ|PROT_WRITE, MAP_PRIVATE|MAP_ANONYMOUS, -1, 0) = 0x7eb596688000
2480  access("/etc/ld.so.preload", R_OK) = -1 ENOENT (No such file or directory)
2480  openat(AT_FDCWD, "/etc/ld.so.cache", O_RDONLY|O_CLOEXEC) = 3
2480  newfstatat(3, "", {st_mode=S_IFREG|0644, st_size=29392, ...}, AT_EMPTY_PATH) = 0
2480  mmap(NULL, 29392, PROT_READ, MAP_PRIVATE, 3, 0) = 0x7eb596680000
2480  close(3)                          = 0
2480  openat(AT_FDCWD, "/lib/x86_64-linux-gnu/libc.so.6", O_RDONLY|O_CLOEXEC) = 3
2480  read(3, "\177ELF\2\1\1\3\0\0\0\0\0\0\0\0\3\0>\0\1\0\0\0P\237\2\0\0\0\0\0"..., 832) = 832
2480  pread64(3, "\6\0\0\0\4\0\0\0@\0\0\0\0\0\0\0@\0\0\0\0\0\0\0@\0\0\0\0\0\0\0"..., 784, 64) = 784
2480  pread64(3, "\4\0\0\0 \0\0\0\5\0\0\0GNU\0\2\0\0\300\4\0\0\0\3\0\0\0\0\0\0\0"..., 48, 848) = 48
2480  pread64(3, "\4\0\0\0\24\0\0\0\3\0\0\0GNU\0\325\31p\226\367\t\200\30)\261\30\257\33|\366c"..., 68, 896) = 68
2480  newfstatat(3, "", {st_mode=S_IFREG|0755, st_size=2220400, ...}, AT_EMPTY_PATH) = 0
2480  pread64(3, "\6\0\0\0\4\0\0\0@\0\0\0\0\0\0\0@\0\0\0\0\0\0\0@\0\0\0\0\0\0\0"..., 784, 64) = 784
2480  mmap(NULL, 2264656, PROT_READ, MAP_PRIVATE|MAP_DENYWRITE, 3, 0) = 0x7eb596457000
2480  mprotect(0x7eb59647f000, 2023424, PROT_NONE) = 0
2480  mmap(0x7eb59647f000, 1658880, PROT_READ|PROT_EXEC, MAP_PRIVATE|MAP_FIXED|MAP_DENYWRITE, 3, 0x28000) = 0x7eb59647f000
2480  mmap(0x7eb596614000, 360448, PROT_READ, MAP_PRIVATE|MAP_FIXED|MAP_DENYWRITE, 3, 0x1bd000) = 0x7eb596614000
2480  mmap(0x7eb59666d000, 24576, PROT_READ|PROT_WRITE, MAP_PRIVATE|MAP_FIXED|MAP_DENYWRITE, 3, 0x215000) = 0x7eb59666d000
2480  mmap(0x7eb596673000, 52816, PROT_READ|PROT_WRITE, MAP_PRIVATE|MAP_FIXED|MAP_ANONYMOUS, -1, 0) = 0x7eb596673000
2480  close(3)                          = 0
2480  mmap(NULL, 12288, PROT_READ|PROT_WRITE, MAP_PRIVATE|MAP_ANONYMOUS, -1, 0) = 0x7eb596454000
2480  arch_prctl(ARCH_SET_FS, 0x7eb596454740) = 0
2480  set_tid_address(0x7eb596454a10)   = 2480
2480  set_robust_list(0x7eb596454a20, 24) = 0
2480  rseq(0x7eb5964550e0, 0x20, 0, 0x53053053) = 0
2480  mprotect(0x7eb59666d000, 16384, PROT_READ) = 0
2480  mprotect(0x5fa30bc10000, 4096, PROT_READ) = 0
2480  mprotect(0x7eb5966c2000, 8192, PROT_READ) = 0
2480  prlimit64(0, RLIMIT_STACK, NULL, {rlim_cur=8192*1024, rlim_max=RLIM64_INFINITY}) = 0
2480  munmap(0x7eb596680000, 29392)     = 0
2480  getrandom("\x3d\x17\x1d\x3e\xfa\xd1\xe7\x82", 8, GRND_NONBLOCK) = 8
2480  brk(NULL)                         = 0x5fa30d51e000
2480  brk(0x5fa30d53f000)               = 0x5fa30d53f000
2480  execve("./fact", ["./fact", "3", "6720"], NULL) = 0
2480  brk(NULL)                         = 0x5912a1b5a000
2480  arch_prctl(0x3001 /* ARCH_??? */, 0x7ffc83819c50) = -1 EINVAL (Invalid argument)
2480  mmap(NULL, 8192, PROT_READ|PROT_WRITE, MAP_PRIVATE|MAP_ANONYMOUS, -1, 0) = 0x7be269032000
2480  access("/etc/ld.so.preload", R_OK) = -1 ENOENT (No such file or directory)
2480  openat(AT_FDCWD, "/etc/ld.so.cache", O_RDONLY|O_CLOEXEC) = 3
2480  newfstatat(3, "", {st_mode=S_IFREG|0644, st_size=29392, ...}, AT_EMPTY_PATH) = 0
2480  mmap(NULL, 29392, PROT_READ, MAP_PRIVATE, 3, 0) = 0x7be26902a000
2480  close(3)                          = 0
2480  openat(AT_FDCWD, "/lib/x86_64-linux-gnu/libc.so.6", O_RDONLY|O_CLOEXEC) = 3
2480  read(3, "\177ELF\2\1\1\3\0\0\0\0\0\0\0\0\3\0>\0\1\0\0\0P\237\2\0\0\0\0\0"..., 832) = 832
2480  pread64(3, "\6\0\0\0\4\0\0\0@\0\0\0\0\0\0\0@\0\0\0\0\0\0\0@\0\0\0\0\0\0\0"..., 784, 64) = 784
2480  pread64(3, "\4\0\0\0 \0\0\0\5\0\0\0GNU\0\2\0\0\300\4\0\0\0\3\0\0\0\0\0\0\0"..., 48, 848) = 48
2480  pread64(3, "\4\0\0\0\24\0\0\0\3\0\0\0GNU\0\325\31p\226\367\t\200\30)\261\30\257\33|\366c"..., 68, 896) = 68
2480  newfstatat(3, "", {st_mode=S_IFREG|0755, st_size=2220400, ...}, AT_EMPTY_PATH) = 0
2480  pread64(3, "\6\0\0\0\4\0\0\0@\0\0\0\0\0\0\0@\0\0\0\0\0\0\0@\0\0\0\0\0\0\0"..., 784, 64) = 784
2480  mmap(NULL, 2264656, PROT_READ, MAP_PRIVATE|MAP_DENYWRITE, 3, 0) = 0x7be268e01000
2480  mprotect(0x7be268e29000, 2023424, PROT_NONE) = 0
2480  mmap(0x7be268e29000, 1658880, PROT_READ|PROT_EXEC, MAP_PRIVATE|MAP_FIXED|MAP_DENYWRITE, 3, 0x28000) = 0x7be268e29000
2480  mmap(0x7be268fbe000, 360448, PROT_READ, MAP_PRIVATE|MAP_FIXED|MAP_DENYWRITE, 3, 0x1bd000) = 0x7be268fbe000
2480  mmap(0x7be269017000, 24576, PROT_READ|PROT_WRITE, MAP_PRIVATE|MAP_FIXED|MAP_DENYWRITE, 3, 0x215000) = 0x7be269017000
2480  mmap(0x7be26901d000, 52816, PROT_READ|PROT_WRITE, MAP_PRIVATE|MAP_FIXED|MAP_ANONYMOUS, -1, 0) = 0x7be26901d000
2480  close(3)                          = 0
2480  mmap(NULL, 12288, PROT_READ|PROT_WRITE, MAP_PRIVATE|MAP_ANONYMOUS, -1, 0) = 0x7be268dfe000
2480  arch_prctl(ARCH_SET_FS, 0x7be268dfe740) = 0
2480  set_tid_address(0x7be268dfea10)   = 2480
2480  set_robust_list(0x7be268dfea20, 24) = 0
2480  rseq(0x7be268dff0e0, 0x20, 0, 0x53053053) = 0
2480  mprotect(0x7be269017000, 16384, PROT_READ) = 0
2480  mprotect(0x59129fdb0000, 4096, PROT_READ) = 0
2480  mprotect(0x7be26906c000, 8192, PROT_READ) = 0
2480  prlimit64(0, RLIMIT_STACK, NULL, {rlim_cur=8192*1024, rlim_max=RLIM64_INFINITY}) = 0
2480  munmap(0x7be26902a000, 29392)     = 0
2480  getrandom("\x04\x59\xab\x43\x3a\x56\x88\xe8", 8, GRND_NONBLOCK) = 8
2480  brk(NULL)                         = 0x5912a1b5a000
2480  brk(0x5912a1b7b000)               = 0x5912a1b7b000
2480  execve("./fact", ["./fact", "2", "20160"], NULL) = 0
2480  brk(NULL)                         = 0x5a8baaaed000
2480  arch_prctl(0x3001 /* ARCH_??? */, 0x7ffcdfa37920) = -1 EINVAL (Invalid argument)
2480  mmap(NULL, 8192, PROT_READ|PROT_WRITE, MAP_PRIVATE|MAP_ANONYMOUS, -1, 0) = 0x75bf6f92c000
2480  access("/etc/ld.so.preload", R_OK) = -1 ENOENT (No such file or directory)
2480  openat(AT_FDCWD, "/etc/ld.so.cache", O_RDONLY|O_CLOEXEC) = 3
2480  newfstatat(3, "", {st_mode=S_IFREG|0644, st_size=29392, ...}, AT_EMPTY_PATH) = 0
2480  mmap(NULL, 29392, PROT_READ, MAP_PRIVATE, 3, 0) = 0x75bf6f924000
2480  close(3)                          = 0
2480  openat(AT_FDCWD, "/lib/x86_64-linux-gnu/libc.so.6", O_RDONLY|O_CLOEXEC) = 3
2480  read(3, "\177ELF\2\1\1\3\0\0\0\0\0\0\0\0\3\0>\0\1\0\0\0P\237\2\0\0\0\0\0"..., 832) = 832
2480  pread64(3, "\6\0\0\0\4\0\0\0@\0\0\0\0\0\0\0@\0\0\0\0\0\0\0@\0\0\0\0\0\0\0"..., 784, 64) = 784
2480  pread64(3, "\4\0\0\0 \0\0\0\5\0\0\0GNU\0\2\0\0\300\4\0\0\0\3\0\0\0\0\0\0\0"..., 48, 848) = 48
2480  pread64(3, "\4\0\0\0\24\0\0\0\3\0\0\0GNU\0\325\31p\226\367\t\200\30)\261\30\257\33|\366c"..., 68, 896) = 68
2480  newfstatat(3, "", {st_mode=S_IFREG|0755, st_size=2220400, ...}, AT_EMPTY_PATH) = 0
2480  pread64(3, "\6\0\0\0\4\0\0\0@\0\0\0\0\0\0\0@\0\0\0\0\0\0\0@\0\0\0\0\0\0\0"..., 784, 64) = 784
2480  mmap(NULL, 2264656, PROT_READ, MAP_PRIVATE|MAP_DENYWRITE, 3, 0) = 0x75bf6f6fb000
2480  mprotect(0x75bf6f723000, 2023424, PROT_NONE) = 0
2480  mmap(0x75bf6f723000, 1658880, PROT_READ|PROT_EXEC, MAP_PRIVATE|MAP_FIXED|MAP_DENYWRITE, 3, 0x28000) = 0x75bf6f723000
2480  mmap(0x75bf6f8b8000, 360448, PROT_READ, MAP_PRIVATE|MAP_FIXED|MAP_DENYWRITE, 3, 0x1bd000) = 0x75bf6f8b8000
2480  mmap(0x75bf6f911000, 24576, PROT_READ|PROT_WRITE, MAP_PRIVATE|MAP_FIXED|MAP_DENYWRITE, 3, 0x215000) = 0x75bf6f911000
2480  mmap(0x75bf6f917000, 52816, PROT_READ|PROT_WRITE, MAP_PRIVATE|MAP_FIXED|MAP_ANONYMOUS, -1, 0) = 0x75bf6f917000
2480  close(3)                          = 0
2480  mmap(NULL, 12288, PROT_READ|PROT_WRITE, MAP_PRIVATE|MAP_ANONYMOUS, -1, 0) = 0x75bf6f6f8000
2480  arch_prctl(ARCH_SET_FS, 0x75bf6f6f8740) = 0
2480  set_tid_address(0x75bf6f6f8a10)   = 2480
2480  set_robust_list(0x75bf6f6f8a20, 24) = 0
2480  rseq(0x75bf6f6f90e0, 0x20, 0, 0x53053053) = 0
2480  mprotect(0x75bf6f911000, 16384, PROT_READ) = 0
2480  mprotect(0x5a8ba9741000, 4096, PROT_READ) = 0
2480  mprotect(0x75bf6f966000, 8192, PROT_READ) = 0
2480  prlimit64(0, RLIMIT_STACK, NULL, {rlim_cur=8192*1024, rlim_max=RLIM64_INFINITY}) = 0
2480  munmap(0x75bf6f924000, 29392)     = 0
2480  getrandom("\xe8\x1a\x05\xc4\xc3\x66\x5e\xbd", 8, GRND_NONBLOCK) = 8
2480  brk(NULL)                         = 0x5a8baaaed000
2480  brk(0x5a8baab0e000)               = 0x5a8baab0e000
2480  newfstatat(1, "", {st_mode=S_IFIFO|0600, st_size=0, ...}, AT_EMPTY_PATH) = 0
2480  write(1, "40320\n", 6)            = 6
2480  exit_group(0)                     = ?
2480  +++ exited with 0 +++
