2487  execve("./fact", ["./fact", "9"], 0x7ffcd3f2d3f0 /* 18 vars */) = 0
2487  brk(NULL)                         = 0x5ec42daa0000
2487  arch_prctl(0x3001 /* ARCH_??? */, 0x7ffc17a97d00) = -1 EINVAL (Invalid argument)
2487  mmap(NULL, 8192, PROT_READ|PROT_WRITE, MAP_PRIVATE|MAP_ANONYMOUS, -1, 0) = 0x7507d5757000
2487  access("/etc/ld.so.preload", R_OK) = -1 ENOENT (No such file or directory)
2487  openat(AT_FDCWD, "/etc/ld.so.cache", O_RDONLY|O_CLOEXEC) = 3
2487  newfstatat(3, "", {st_mode=S_IFREG|0644, st_size=29392, ...}, AT_EMPTY_PATH) = 0
2487  mmap(NULL, 29392, PROT_READ, MAP_PRIVATE, 3, 0) = 0x7507d574f000
2487  close(3)                          = 0
2487  openat(AT_FDCWD, "/lib/x86_64-linux-gnu/libc.so.6", O_RDONLY|O_CLOEXEC) = 3
2487  read(3, "\177ELF\2\1\1\3\0\0\0\0\0\0\0\0\3\0>\0\1\0\0\0P\237\2\0\0\0\0\0"..., 832) = 832
2487  pread64(3, "\6\0\0\0\4\0\0\0@\0\0\0\0\0\0\0@\0\0\0\0\0\0\0@\0\0\0\0\0\0\0"..., 784, 64) = 784
2487  pread64(3, "\4\0\0\0 \0\0\0\5\0\0\0GNU\0\2\0\0\300\4\0\0\0\3\0\0\0\0\0\0\0"..., 48, 848) = 48
2487  pread64(3, "\4\0\0\0\24\0\0\0\3\0\0\0GNU\0\325\31p\226\367\t\200\30)\261\30\257\33|\366c"..., 68, 896) = 68
2487  newfstatat(3, "", {st_mode=S_IFREG|0755, st_size=2220400, ...}, AT_EMPTY_PATH) = 0
2487  pread64(3, "\6\0\0\0\4\0\0\0@\0\0\0\0\0\0\0@\0\0\0\0\0\0\0@\0\0\0\0\0\0\0"..., 784, 64) = 784
2487  mmap(NULL, 2264656, PROT_READ, MAP_PRIVATE|MAP_DENYWRITE, 3, 0) = 0x7507d5526000
2487  mprotect(0x7507d554e000, 2023424, PROT_NONE) = 0
2487  mmap(0x7507d554e000, 1658880, PROT_READ|PROT_EXEC, MAP_PRIVATE|MAP_FIXED|MAP_DENYWRITE, 3, 0x28000) = 0x7507d554e000
2487  mmap(0x7507d56e3000, 360448, PROT_READ, MAP_PRIVATE|MAP_FIXED|MAP_DENYWRITE, 3, 0x1bd000) = 0x7507d56e3000
2487  mmap(0x7507d573c000, 24576, PROT_READ|PROT_WRITE, MAP_PRIVATE|MAP_FIXED|MAP_DENYWRITE, 3, 0x215000) = 0x7507d573c000
2487  mmap(0x7507d5742000, 52816, PROT_READ|PROT_WRITE, MAP_PRIVATE|MAP_FIXED|MAP_ANONYMOUS, -1, 0) = 0x7507d5742000
2487  close(3)                          = 0
2487  mmap(NULL, 12288, PROT_READ|PROT_WRITE, MAP_PRIVATE|MAP_ANONYMOUS, -1, 0) = 0x7507d5523000
2487  arch_prctl(ARCH_SET_FS, 0x7507d5523740) = 0
2487  set_tid_address(0x7507d5523a10)   = 2487
2487  set_robust_list(0x7507d5523a20, 24) = 0
2487  rseq(0x7507d55240e0, 0x20, 0, 0x53053053) = 0
2487  mprotect(0x7507d573c000, 16384, PROT_READ) = 0
2487  mprotect(0x5ec42cfdc000, 4096, PROT_READ) = 0
2487  mprotect(0x7507d5791000, 8192, PROT_READ) = 0
2487  prlimit64(0, RLIMIT_STACK, NULL, {rlim_cur=8192*1024, rlim_max=RLIM64_INFINITY}) = 0
2487  munmap(0x7507d574f000, 29392)     = 0
2487  getrandom("\x47\x77\x90\x82\xd5\x24\x4c\x3d", 8, GRND_NONBLOCK) = 8
2487  brk(NULL)                         = 0x5ec42daa0000
2487  brk(0x5ec42dac1000)               = 0x5ec42dac1000
2487  execve("./fact", ["./fact", "8", "9"], NULL) = 0
2487  brk(NULL)                         = 0x5784169e9000
2487  arch_prctl(0x3001 /* ARCH_??? */, 0x7ffcfc569c70) = -1 EINVAL (Invalid argument)
2487  mmap(NULL, 8192, PROT_READ|PROT_WRITE, MAP_PRIVATE|MAP_ANONYMOUS, -1, 0) = 0x7cfaab24e000
2487  access("/etc/ld.so.preload", R_OK) = -1 ENOENT (No such file or directory)
2487  openat(AT_FDCWD, "/etc/ld.so.cache", O_RDONLY|O_CLOEXEC) = 3
2487  newfstatat(3, "", {st_mode=S_IFREG|0644, st_size=29392, ...}, AT_EMPTY_PATH) = 0
2487  mmap(NULL, 29392, PROT_READ, MAP_PRIVATE, 3, 0) = 0x7cfaab246000
2487  close(3)                          = 0
2487  openat(AT_FDCWD, "/lib/x86_64-linux-gnu/libc.so.6", O_RDONLY|O_CLOEXEC) = 3
2487  read(3, "\177ELF\2\1\1\3\0\0\0\0\0\0\0\0\3\0>\0\1\0\0\0P\237\2\0\0\0\0\0"..., 832) = 832
2487  pread64(3, "\6\0\0\0\4\0\0\0@\0\0\0\0\0\0\0@\0\0\0\0\0\0\0@\0\0\0\0\0\0\0"..., 784, 64) = 784
2487  pread64(3, "\4\0\0\0 \0\0\0\5\0\0\0GNU\0\2\0\0\300\4\0\0\0\3\0\0\0\0\0\0\0"..., 48, 848) = 48
2487  pread64(3, "\4\0\0\0\24\0\0\0\3\0\0\0GNU\0\325\31p\226\367\t\200\30)\261\30\257\33|\366c"..., 68, 896) = 68
2487  newfstatat(3, "", {st_mode=S_IFREG|0755, st_size=2220400, ...}, AT_EMPTY_PATH) = 0
2487  pread64(3, "\6\0\0\0\4\0\0\0@\0\0\0\0\0\0\0@\0\0\0\0\0\0\0@\0\0\0\0\0\0\0"..., 784, 64) = 784
2487  mmap(NULL, 2264656, PROT_READ, MAP_PRIVATE|MAP_DENYWRITE, 3, 0) = 0x7cfaab01d000
2487  mprotect(0x7cfaab045000, 2023424, PROT_NONE) = 0
2487  mmap(0x7cfaab045000, 1658880, PROT_READ|PROT_EXEC, MAP_PRIVATE|MAP_FIXED|MAP_DENYWRITE, 3, 0x28000) = 0x7cfaab045000
2487  mmap(0x7cfaab1da000, 360448, PROT_READ, MAP_PRIVATE|MAP_FIXED|MAP_DENYWRITE, 3, 0x1bd000) = 0x7cfaab1da000
2487  mmap(0x7cfaab233000, 24576, PROT_READ|PROT_WRITE, MAP_PRIVATE|MAP_FIXED|MAP_DENYWRITE, 3, 0x215000) = 0x7cfaab233000
2487  mmap(0x7cfaab239000, 52816, PROT_READ|PROT_WRITE, MAP_PRIVATE|MAP_FIXED|MAP_ANONYMOUS, -1, 0) = 0x7cfaab239000
2487  close(3)                          = 0
2487  mmap(NULL, 12288, PROT_READ|PROT_WRITE, MAP_PRIVATE|MAP_ANONYMOUS, -1, 0) = 0x7cfaab01a000
2487  arch_prctl(ARCH_SET_FS, 0x7cfaab01a740) = 0
2487  set_tid_address(0x7cfaab01aa10)   = 2487
2487  set_robust_list(0x7cfaab01aa20, 24) = 0
2487  rseq(0x7cfaab01b0e0, 0x20, 0, 0x53053053) = 0
2487  mprotect(0x7cfaab233000, 16384, PROT_READ) = 0
2487  mprotect(0x578414dac000, 4096, PROT_READ) = 0
2487  mprotect(0x7cfaab288000, 8192, PROT_READ) = 0
2487  prlimit64(0, RLIMIT_STACK, NULL, {rlim_cur=8192*1024, rlim_max=RLIM64_INFINITY}) = 0
2487  munmap(0x7cfaab246000, 29392)     = 0
2487  getrandom("\x0e\xb5\x8f\x36\xb0\x7f\xf4\x45", 8, GRND_NONBLOCK) = 8
2487  brk(NULL)                         = 0x5784169e9000
2487  brk(0x578416a0a000)               = 0x578416a0a000
2487  execve("./fact", ["./fact", "7", "72"], NULL) = 0
2487  brk(NULL)                         = 0x60545ff4d000
2487  arch_prctl(0x3001 /* ARCH_??? */, 0x7ffcd714d7f0) = -1 EINVAL (Invalid argument)
2487  mmap(NULL, 8192, PROT_READ|PROT_WRITE, MAP_PRIVATE|MAP_ANONYMOUS, -1, 0) = 0x70a2b0311000
2487  access("/etc/ld.so.preload", R_OK) = -1 ENOENT (No such file or directory)
2487  openat(AT_FDCWD, "/etc/ld.so.cache", O_RDONLY|O_CLOEXEC) = 3
2487  newfstatat(3, "", {st_mode=S_IFREG|0644, st_size=29392, ...}, AT_EMPTY_PATH) = 0
2487  mmap(NULL, 29392, PROT_READ, MAP_PRIVATE, 3, 0) = 0x70a2b0309000
2487  close(3)                          = 0
2487  openat(AT_FDCWD, "/lib/x86_64-linux-gnu/libc.so.6", O_RDONLY|O_CLOEXEC) = 3
2487  read(3, "\177ELF\2\1\1\3\0\0\0\0\0\0\0\0\3\0>\0\1\0\0\0P\237\2\0\0\0\0\0"..., 832) = 832
2487  pread64(3, "\6\0\0\0\4\0\0\0@\0\0\0\0\0\0\0@\0\0\0\0\0\0\0@\0\0\0\0\0\0\0"..., 784, 64) = 784
2487  pread64(3, "\4\0\0\0 \0\0\0\5\0\0\0GNU\0\2\0\0\300\4\0\0\0\3\0\0\0\0\0\0\0"..., 48, 848) = 48
2487  pread64(3, "\4\0\0\0\24\0\0\0\3\0\0\0GNU\0\325\31p\226\367\t\200\30)\261\30\257\33|\366c"..., 68, 896) = 68
2487  newfstatat(3, "", {st_mode=S_IFREG|0755, st_size=2220400, ...}, AT_EMPTY_PATH) = 0
2487  pread64(3, "\6\0\0\0\4\0\0\0@\0\0\0\0\0\0\0@\0\0\0\0\0\0\0@\0\0\0\0\0\0\0"..., 784, 64) = 784
2487  mmap(NULL, 2264656, PROT_READ, MAP_PRIVATE|MAP_DENYWRITE, 3, 0) = 0x70a2b00e0000
2487  mprotect(0x70a2b0108000, 2023424, PROT_NONE) = 0
2487  mmap(0x70a2b0108000, 1658880, PROT_READ|PROT_EXEC, MAP_PRIVATE|MAP_FIXED|MAP_DENYWRITE, 3, 0x28000) = 0x70a2b0108000
2487  mmap(0x70a2b029d000, 360448, PROT_READ, MAP_PRIVATE|MAP_FIXED|MAP_DENYWRITE, 3, 0x1bd000) = 0x70a2b029d000
2487  mmap(0x70a2b02f6000, 24576, PROT_READ|PROT_WRITE, MAP_PRIVATE|MAP_FIXED|MAP_DENYWRITE, 3, 0x215000) = 0x70a2b02f6000
2487  mmap(0x70a2b02fc000, 52816, PROT_READ|PROT_WRITE, MAP_PRIVATE|MAP_FIXED|MAP_ANONYMOUS, -1, 0) = 0x70a2b02fc000
2487  close(3)                          = 0
2487  mmap(NULL, 12288, PROT_READ|PROT_WRITE, MAP_PRIVATE|MAP_ANONYMOUS, -1, 0) = 0x70a2b00dd000
2487  arch_prctl(ARCH_SET_FS, 0x70a2b00dd740) = 0
2487  set_tid_address(0x70a2b00dda10)   = 2487
2487  set_robust_list(0x70a2b00dda20, 24) = 0
2487  rseq(0x70a2b00de0e0, 0x20, 0, 0x53053053) = 0
2487  mprotect(0x70a2b02f6000, 16384, PROT_READ) = 0
2487  mprotect(0x60545ec74000, 4096, PROT_READ) = 0
2487  mprotect(0x70a2b034b000, 8192, PROT_READ) = 0
2487  prlimit64(0, RLIMIT_STACK, NULL, {rlim_cur=8192*1024, rlim_max=RLIM64_INFINITY}) = 0
2487  munmap(0x70a2b0309000, 29392)     = 0
2487  getrandom("\xe1\x12\x6f\x10\x10\xdd\x74\x83", 8, GRND_NONBLOCK) = 8
2487  brk(NULL)                         = 0x60545ff4d000
2487  brk(0x60545ff6e000)               = 0x60545ff6e000
2487  execve("./fact", ["./fact", "6", "504"], NULL) = 0
2487  brk(NULL)                         = 0x5c29c8378000
2487  arch_prctl(0x3001 /* ARCH_??? */, 0x7ffd0b93e560) = -1 EINVAL (Invalid argument)
2487  mmap(NULL, 8192, PROT_READ|PROT_WRITE, MAP_PRIVATE|MAP_ANONYMOUS, -1, 0) = 0x7ce117608000
2487  access("/etc/ld.so.preload", R_OK) = -1 ENOENT (No such file or directory)
2487  openat(AT_FDCWD, "/etc/ld.so.cache", O_RDONLY|O_CLOEXEC) = 3
2487  newfstatat(3, "", {st_mode=S_IFREG|0644, st_size=29392, ...}, AT_EMPTY_PATH) = 0
2487  mmap(NULL, 29392, PROT_READ, MAP_PRIVATE, 3, 0) = 0x7ce117600000
2487  close(3)                          = 0
2487  openat(AT_FDCWD, "/lib/x86_64-linux-gnu/libc.so.6", O_RDONLY|O_CLOEXEC) = 3
2487  read(3, "\177ELF\2\1\1\3\0\0\0\0\0\0\0\0\3\0>\0\1\0\0\0P\237\2\0\0\0\0\0"..., 832) = 832
2487  pread64(3, "\6\0\0\0\4\0\0\0@\0\0\0\0\0\0\0@\0\0\0\0\0\0\0@\0\0\0\0\0\0\0"..., 784, 64) = 784
2487  pread64(3, "\4\0\0\0 \0\0\0\5\0\0\0GNU\0\2\0\0\300\4\0\0\0\3\0\0\0\0\0\0\0"..., 48, 848) = 48
2487  pread64(3, "\4\0\0\0\24\0\0\0\3\0\0\0GNU\0\325\31p\226\367\t\200\30)\261\30\257\33|\366c"..., 68, 896) = 68
2487  newfstatat(3, "", {st_mode=S_IFREG|0755, st_size=2220400, ...}, AT_EMPTY_PATH) = 0
2487  pread64(3, "\6\0\0\0\4\0\0\0@\0\0\0\0\0\0\0@\0\0\0\0\0\0\0@\0\0\0\0\0\0\0"..., 784, 64) = 784
2487  mmap(NULL, 2264656, PROT_READ, MAP_PRIVATE|MAP_DENYWRITE, 3, 0) = 0x7ce1173d7000
2487  mprotect(0x7ce1173ff000, 2023424, PROT_NONE) = 0
2487  mmap(0x7ce1173ff000, 1658880, PROT_READ|PROT_EXEC, MAP_PRIVATE|MAP_FIXED|MAP_DENYWRITE, 3, 0x28000) = 0x7ce1173ff000
2487  mmap(0x7ce117594000, 360448, PROT_READ, MAP_PRIVATE|MAP_FIXED|MAP_DENYWRITE, 3, 0x1bd000) = 0x7ce117594000
2487  mmap(0x7ce1175ed000, 24576, PROT_READ|PROT_WRITE, MAP_PRIVATE|MAP_FIXED|MAP_DENYWRITE, 3, 0x215000) = 0x7ce1175ed000
2487  mmap(0x7ce1175f3000, 52816, PROT_READ|PROT_WRITE, MAP_PRIVATE|MAP_FIXED|MAP_ANONYMOUS, -1, 0) = 0x7ce1175f3000
2487  close(3)                          = 0
2487  mmap(NULL, 12288, PROT_READ|PROT_WRITE, MAP_PRIVATE|MAP_ANONYMOUS, -1, 0) = 0x7ce1173d4000
2487  arch_prctl(ARCH_SET_FS, 0x7ce1173d4740) = 0
2487  set_tid_address(0x7ce1173d4a10)   = 2487
2487  set_robust_list(0x7ce1173d4a20, 24) = 0
2487  rseq(0x7ce1173d50e0, 0x20, 0, 0x53053053) = 0
2487  mprotect(0x7ce1175ed000, 16384, PROT_READ) = 0
2487  mprotect(0x5c29c8048000, 4096, PROT_READ) = 0
2487  mprotect(0x7ce117642000, 8192, PROT_READ) = 0
2487  prlimit64(0, RLIMIT_STACK, NULL, {rlim_cur=8192*1024, rlim_max=RLIM64_INFINITY}) = 0
2487  munmap(0x7ce117600000, 29392)     = 0
2487  getrandom("\x60\x45\xfd\x70\xe1\x9e\xc4\x32", 8, GRND_NONBLOCK) = 8
2487  brk(NULL)                         = 0x5c29c8378000
2487  brk(0x5c29c8399000)               = 0x5c29c8399000
2487  execve("./fact", ["./fact", "5", "3024"], NULL) = 0
2487  brk(NULL)                         = 0x597e9030c000
2487  arch_prctl(0x3001 /* ARCH_??? */, 0x7ffcdadb9350) = -1 EINVAL (Invalid argument)
2487  mmap(NULL, 8192, PROT_READ|PROT_WRITE, MAP_PRIVATE|MAP_ANONYMOUS, -1, 0) = 0x7361cbf5d000
2487  access("/etc/ld.so.preload", R_OK) = -1 ENOENT (No such file or directory)
2487  openat(AT_FDCWD, "/etc/ld.so.cache", O_RDONLY|O_CLOEXEC) = 3
2487  newfstatat(3, "", {st_mode=S_IFREG|0644, st_size=29392, ...}, AT_EMPTY_PATH) = 0
2487  mmap(NULL, 29392, PROT_READ, MAP_PRIVATE, 3, 0) = 0x7361cbf55000
2487  close(3)                          = 0
2487  openat(AT_FDCWD, "/lib/x86_64-linux-gnu/libc.so.6", O_RDONLY|O_CLOEXEC) = 3
2487  read(3, "\177ELF\2\1\1\3\0\0\0\0\0\0\0\0\3\0>\0\1\0\0\0P\237\2\0\0\0\0\0"..., 832) = 832
2487  pread64(3, "\6\0\0\0\4\0\0\0@\0\0\0\0\0\0\0@\0\0\0\0\0\0\0@\0\0\0\0\0\0\0"..., 784, 64) = 784
2487  pread64(3, "\4\0\0\0 \0\0\0\5\0\0\0GNU\0\2\0\0\300\4\0\0\0\3\0\0\0\0\0\0\0"..., 48, 848) = 48
2487  pread64(3, "\4\0\0\0\24\0\0\0\3\0\0\0GNU\0\325\31p\226\367\t\200\30)\261\30\257\33|\366c"..., 68, 896) = 68
2487  newfstatat(3, "", {st_mode=S_IFREG|0755, st_size=2220400, ...}, AT_EMPTY_PATH) = 0
2487  pread64(3, "\6\0\0\0\4\0\0\0@\0\0\0\0\0\0\0@\0\0\0\0\0\0\0@\0\0\0\0\0\0\0"..., 784, 64) = 784
2487  mmap(NULL, 2264656, PROT_READ, MAP_PRIVATE|MAP_DENYWRITE, 3, 0) = 0x7361cbd2c000
2487  mprotect(0x7361cbd54000, 2023424, PROT_NONE) = 0
2487  mmap(0x7361cbd54000, 1658880, PROT_READ|PROT_EXEC, MAP_PRIVATE|MAP_FIXED|MAP_DENYWRITE, 3, 0x28000) = 0x7361cbd54000
2487  mmap(0x7361cbee9000, 360448, PROT_READ, MAP_PRIVATE|MAP_FIXED|MAP_DENYWRITE, 3, 0x1bd000) = 0x7361cbee9000
2487  mmap(0x7361cbf42000, 24576, PROT_READ|PROT_WRITE, MAP_PRIVATE|MAP_FIXED|MAP_DENYWRITE, 3, 0x215000) = 0x7361cbf42000
2487  mmap(0x7361cbf48000, 52816, PROT_READ|PROT_WRITE, MAP_PRIVATE|MAP_FIXED|MAP_ANONYMOUS, -1, 0) = 0x7361cbf48000
2487  close(3)                          = 0
2487  mmap(NULL, 12288, PROT_READ|PROT_WRITE, MAP_PRIVATE|MAP_ANONYMOUS, -1, 0) = 0x7361cbd29000
2487  arch_prctl(ARCH_SET_FS, 0x7361cbd29740) = 0
2487  set_tid_address(0x7361cbd29a10)   = 2487
2487  set_robust_list(0x7361cbd29a20, 24) = 0
2487  rseq(0x7361cbd2a0e0, 0x20, 0, 0x53053053) = 0
2487  mprotect(0x7361cbf42000, 16384, PROT_READ) = 0
2487  mprotect(0x597e8faad000, 4096, PROT_READ) = 0
2487  mprotect(0x7361cbf97000, 8192, PROT_READ) = 0
2487  prlimit64(0, RLIMIT_STACK, NULL, {rlim_cur=8192*1024, rlim_max=RLIM64_INFINITY}) = 0
2487  munmap(0x7361cbf55000, 29392)     = 0
2487  getrandom("\x96\x6e\x5d\x31\x96\xca\xb3\x6f", 8, GRND_NONBLOCK) = 8
2487  brk(NULL)                         = 0x597e9030c000
2487  brk(0x597e9032d000)               = 0x597e9032d000
2487  execve("./fact", ["./fact", "4", "15120"], NULL) = 0
2487  brk(NULL)                         = 0x5911b9964000
2487  arch_prctl(0x3001 /* ARCH_??? */, 0x7fff8f8b4630) = -1 EINVAL (Invalid argument)
2487  mmap(NULL, 8192, PROT_READ|PROT_WRITE, MAP_PRIVATE|MAP_ANONYMOUS, -1, 0) = 0x7e4b0fdf7000
2487  access("/etc/ld.so.preload", R_OK) = -1 ENOENT (No such file or directory)
2487  openat(AT_FDCWD, "/etc/ld.so.cache", O_RDONLY|O_CLOEXEC) = 3
2487  newfstatat(3, "", {st_mode=S_IFREG|0644, st_size=29392, ...}, AT_EMPTY_PATH) = 0
2487  mmap(NULL, 29392, PROT_READ, MAP_PRIVATE, 3, 0) = 0x7e4b0fdef000
2487  close(3)                          = 0
2487  openat(AT_FDCWD, "/lib/x86_64-linux-gnu/libc.so.6", O_RDONLY|O_CLOEXEC) = 3
2487  read(3, "\177ELF\2\1\1\3\0\0\0\0\0\0\0\0\3\0>\0\1\0\0\0P\237\2\0\0\0\0\0"..., 832) = 832
2487  pread64(3, "\6\0\0\0\4\0\0\0@\0\0\0\0\0\0\0@\0\0\0\0\0\0\0@\0\0\0\0\0\0\0"..., 784, 64) = 784
2487  pread64(3, "\4\0\0\0 \0\0\0\5\0\0\0GNU\0\2\0\0\300\4\0\0\0\3\0\0\0\0\0\0\0"..., 48, 848) = 48
2487  pread64(3, "\4\0\0\0\24\0\0\0\3\0\0\0GNU\0\325\31p\226\367\t\200\30)\261\30\257\33|\366c"..., 68, 896) = 68
2487  newfstatat(3, "", {st_mode=S_IFREG|0755, st_size=2220400, ...}, AT_EMPTY_PATH) = 0
2487  pread64(3, "\6\0\0\0\4\0\0\0@\0\0\0\0\0\0\0@\0\0\0\0\0\0\0@\0\0\0\0\0\0\0"..., 784, 64) = 784
2487  mmap(NULL, 2264656, PROT_READ, MAP_PRIVATE|MAP_DENYWRITE, 3, 0) = 0x7e4b0fbc6000
2487  mprotect(0x7e4b0fbee000, 2023424, PROT_NONE) = 0
2487  mmap(0x7e4b0fbee000, 1658880, PROT_READ|PROT_EXEC, MAP_PRIVATE|MAP_FIXED|MAP_DENYWRITE, 3, 0x28000) = 0x7e4b0fbee000
2487  mmap(0x7e4b0fd83000, 360448, PROT_READ, MAP_PRIVATE|MAP_FIXED|MAP_DENYWRITE, 3, 0x1bd000) = 0x7e4b0fd83000
2487  mmap(0x7e4b0fddc000, 24576, PROT_READ|PROT_WRITE, MAP_PRIVATE|MAP_FIXED|MAP_DENYWRITE, 3, 0x215000) = 0x7e4b0fddc000
2487  mmap(0x7e4b0fde2000, 52816, PROT_READ|PROT_WRITE, MAP_PRIVATE|MAP_FIXED|MAP_ANONYMOUS, -1, 0) = 0x7e4b0fde2000
2487  close(3)                          = 0
2487  mmap(NULL, 12288, PROT_READ|PROT_WRITE, MAP_PRIVATE|MAP_ANONYMOUS, -1, 0) = 0x7e4b0fbc3000
2487  arch_prctl(ARCH_SET_FS, 0x7e4b0fbc3740) = 0
2487  set_tid_address(0x7e4b0fbc3a10)   = 2487
2487  set_robust_list(0x7e4b0fbc3a20, 24) = 0
2487  rseq(0x7e4b0fbc40e0, 0x20, 0, 0x53053053) = 0
2487  mprotect(0x7e4b0fddc000, 16384, PROT_READ) = 0
2487  mprotect(0x5911b7d44000, 4096, PROT_READ) = 0
2487  mprotect(0x7e4b0fe31000, 8192, PROT_READ) = 0
2487  prlimit64(0, RLIMIT_STACK, NULL, {rlim_cur=8192*1024, rlim_max=RLIM64_INFINITY}) = 0
2487  munmap(0x7e4b0fdef000, 29392)     = 0
2487  getrandom("\x8a\xf7\x2a\x9e\xd7\x73\x18\x8e", 8, GRND_NONBLOCK) = 8
2487  brk(NULL)                         = 0x5911b9964000
2487  brk(0x5911b9985000)               = 0x5911b9985000
2487  execve("./fact", ["./fact", "3", "60480"], NULL) = 0
2487  brk(NULL)                         = 0x62953d447000
2487  arch_prctl(0x3001 /* ARCH_??? */, 0x7fff8c37b930) = -1 EINVAL (Invalid argument)
2487  mmap(NULL, 8192, PROT_READ|PROT_WRITE, MAP_PRIVATE|MAP_ANONYMOUS, -1, 0) = 0x7d93b27ec000
2487  access("/etc/ld.so.preload", R_OK) = -1 ENOENT (No such file or directory)
2487  openat(AT_FDCWD, "/etc/ld.so.cache", O_RDONLY|O_CLOEXEC) = 3
2487  newfstatat(3, "", {st_mode=S_IFREG|0644, st_size=29392, ...}, AT_EMPTY_PATH) = 0
2487  mmap(NULL, 29392, PROT_READ, MAP_PRIVATE, 3, 0) = 0x7d93b27e4000
2487  close(3)                          = 0
2487  openat(AT_FDCWD, "/lib/x86_64-linux-gnu/libc.so.6", O_RDONLY|O_CLOEXEC) = 3
2487  read(3, "\177ELF\2\1\1\3\0\0\0\0\0\0\0\0\3\0>\0\1\0\0\0P\237\2\0\0\0\0\0"..., 832) = 832
2487  pread64(3, "\6\0\0\0\4\0\0\0@\0\0\0\0\0\0\0@\0\0\0\0\0\0\0@\0\0\0\0\0\0\0"..., 784, 64) = 784
2487  pread64(3, "\4\0\0\0 \0\0\0\5\0\0\0GNU\0\2\0\0\300\4\0\0\0\3\0\0\0\0\0\0\0"..., 48, 848) = 48
2487  pread64(3, "\4\0\0\0\24\0\0\0\3\0\0\0GNU\0\325\31p\226\367\t\200\30)\261\30\257\33|\366c"..., 68, 896) = 68
2487  newfstatat(3, "", {st_mode=S_IFREG|0755, st_size=2220400, ...}, AT_EMPTY_PATH) = 0
2487  pread64(3, "\6\0\0\0\4\0\0\0@\0\0\0\0\0\0\0@\0\0\0\0\0\0\0@\0\0\0\0\0\0\0"..., 784, 64) = 784
2487  mmap(NULL, 2264656, PROT_READ, MAP_PRIVATE|MAP_DENYWRITE, 3, 0) = 0x7d93b25bb000
2487  mprotect(0x7d93b25e3000, 2023424, PROT_NONE) = 0
2487  mmap(0x7d93b25e3000, 1658880, PROT_READ|PROT_EXEC, MAP_PRIVATE|MAP_FIXED|MAP_DENYWRITE, 3, 0x28000) = 0x7d93b25e3000
2487  mmap(0x7d93b2778000, 360448, PROT_READ, MAP_PRIVATE|MAP_FIXED|MAP_DENYWRITE, 3, 0x1bd000) = 0x7d93b2778000
2487  mmap(0x7d93b27d1000, 24576, PROT_READ|PROT_WRITE, MAP_PRIVATE|MAP_FIXED|MAP_DENYWRITE, 3, 0x215000) = 0x7d93b27d1000
2487  mmap(0x7d93b27d7000, 52816, PROT_READ|PROT_WRITE, MAP_PRIVATE|MAP_FIXED|MAP_ANONYMOUS, -1, 0) = 0x7d93b27d7000
2487  close(3)                          = 0
2487  mmap(NULL, 12288, PROT_READ|PROT_WRITE, MAP_PRIVATE|MAP_ANONYMOUS, -1, 0) = 0x7d93b25b8000
2487  arch_prctl(ARCH_SET_FS, 0x7d93b25b8740) = 0
2487  set_tid_address(0x7d93b25b8a10)   = 2487
2487  set_robust_list(0x7d93b25b8a20, 24) = 0
2487  rseq(0x7d93b25b90e0, 0x20, 0, 0x53053053) = 0
2487  mprotect(0x7d93b27d1000, 16384, PROT_READ) = 0
2487  mprotect(0x62953b6f9000, 4096, PROT_READ) = 0
2487  mprotect(0x7d93b2826000, 8192, PROT_READ) = 0
2487  prlimit64(0, RLIMIT_STACK, NULL, {rlim_cur=8192*1024, rlim_max=RLIM64_INFINITY}) = 0
2487  munmap(0x7d93b27e4000, 29392)     = 0
2487  getrandom("\x13\x8b\x88\xe8\x34\x50\x04\x38", 8, GRND_NONBLOCK) = 8
2487  brk(NULL)                         = 0x62953d447000
2487  brk(0x62953d468000)               = 0x62953d468000
2487  execve("./fact", ["./fact", "2", "181440"], NULL) = 0
2487  brk(NULL)                         = 0x584bbe280000
2487  arch_prctl(0x3001 /* ARCH_??? */, 0x7fff00643170) = -1 EINVAL (Invalid argument)
2487  mmap(NULL, 8192, PROT_READ|PROT_WRITE, MAP_PRIVATE|MAP_ANONYMOUS, -1, 0) = 0x76f5e5ef0000
2487  access("/etc/ld.so.preload", R_OK) = -1 ENOENT (No such file or directory)
2487  openat(AT_FDCWD, "/etc/ld.so.cache", O_RDONLY|O_CLOEXEC) = 3
2487  newfstatat(3, "", {st_mode=S_IFREG|0644, st_size=29392, ...}, AT_EMPTY_PATH) = 0
2487  mmap(NULL, 29392, PROT_READ, MAP_PRIVATE, 3, 0) = 0x76f5e5ee8000
2487  close(3)                          = 0
2487  openat(AT_FDCWD, "/lib/x86_64-linux-gnu/libc.so.6", O_RDONLY|O_CLOEXEC) = 3
2487  read(3, "\177ELF\2\1\1\3\0\0\0\0\0\0\0\0\3\0>\0\1\0\0\0P\237\2\0\0\0\0\0"..., 832) = 832
2487  pread64(3, "\6\0\0\0\4\0\0\0@\0\0\0\0\0\0\0@\0\0\0\0\0\0\0@\0\0\0\0\0\0\0"..., 784, 64) = 784
2487  pread64(3, "\4\0\0\0 \0\0\0\5\0\0\0GNU\0\2\0\0\300\4\0\0\0\3\0\0\0\0\0\0\0"..., 48, 848) = 48
2487  pread64(3, "\4\0\0\0\24\0\0\0\3\0\0\0GNU\0\325\31p\226\367\t\200\30)\261\30\257\33|\366c"..., 68, 896) = 68
2487  newfstatat(3, "", {st_mode=S_IFREG|0755, st_size=2220400, ...}, AT_EMPTY_PATH) = 0
2487  pread64(3, "\6\0\0\0\4\0\0\0@\0\0\0\0\0\0\0@\0\0\0\0\0\0\0@\0\0\0\0\0\0\0"..., 784, 64) = 784
2487  mmap(NULL, 2264656, PROT_READ, MAP_PRIVATE|MAP_DENYWRITE, 3, 0) = 0x76f5e5cbf000
2487  mprotect(0x76f5e5ce7000, 2023424, PROT_NONE) = 0
2487  mmap(0x76f5e5ce7000, 1658880, PROT_READ|PROT_EXEC, MAP_PRIVATE|MAP_FIXED|MAP_DENYWRITE, 3, 0x28000) = 0x76f5e5ce7000
2487  mmap(0x76f5e5e7c000, 360448, PROT_READ, MAP_PRIVATE|MAP_FIXED|MAP_DENYWRITE, 3, 0x1bd000) = 0x76f5e5e7c000
2487  mmap(0x76f5e5ed5000, 24576, PROT_READ|PROT_WRITE, MAP_PRIVATE|MAP_FIXED|MAP_DENYWRITE, 3, 0x215000) = 0x76f5e5ed5000
2487  mmap(0x76f5e5edb000, 52816, PROT_READ|PROT_WRITE, MAP_PRIVATE|MAP_FIXED|MAP_ANONYMOUS, -1, 0) = 0x76f5e5edb000
2487  close(3)                          = 0
2487  mmap(NULL, 12288, PROT_READ|PROT_WRITE, MAP_PRIVATE|MAP_ANONYMOUS, -1, 0) = 0x76f5e5cbc000
2487  arch_prctl(ARCH_SET_FS, 0x76f5e5cbc740) = 0
2487  set_tid_address(0x76f5e5cbca10)   = 2487
2487  set_robust_list(0x76f5e5cbca20, 24) = 0
2487  rseq(0x76f5e5cbd0e0, 0x20, 0, 0x53053053) = 0
2487  mprotect(0x76f5e5ed5000, 16384, PROT_READ) = 0
2487  mprotect(0x584bbe011000, 4096, PROT_READ) = 0
2487  mprotect(0x76f5e5f2a000, 8192, PROT_READ) = 0
2487  prlimit64(0, RLIMIT_STACK, NULL, {rlim_cur=8192*1024, rlim_max=RLIM64_INFINITY}) = 0
2487  munmap(0x76f5e5ee8000, 29392)     = 0
2487  getrandom("\xd7\xb0\x03\x86\x2c\x08\x00\xe4", 8, GRND_NONBLOCK) = 8
2487  brk(NULL)                         = 0x584bbe280000
2487  brk(0x584bbe2a1000)               = 0x584bbe2a1000
2487  newfstatat(1, "", {st_mode=S_IFIFO|0600, st_size=0, ...}, AT_EMPTY_PATH) = 0
2487  write(1, "362880\n", 7)           = 7
2487  exit_group(0)                     = ?
2487  +++ exited with 0 +++
