2494  execve("./fact", ["./fact", "10"], 0x7ffe86e21aa0 /* 18 vars */) = 0
2494  brk(NULL)                         = 0x6139f8d97000
2494  arch_prctl(0x3001 /* ARCH_??? */, 0x7ffe034c5ab0) = -1 EINVAL (Invalid argument)
2494  mmap(NULL, 8192, PROT_READ|PROT_WRITE, MAP_PRIVATE|MAP_ANONYMOUS, -1, 0) = 0x775f65924000
2494  access("/etc/ld.so.preload", R_OK) = -1 ENOENT (No such file or directory)
2494  openat(AT_FDCWD, "/etc/ld.so.cache", O_RDONLY|O_CLOEXEC) = 3
2494  newfstatat(3, "", {st_mode=S_IFREG|0644, st_size=29392, ...}, AT_EMPTY_PATH) = 0
2494  mmap(NULL, 29392, PROT_READ, MAP_PRIVATE, 3, 0) = 0x775f6591c000
2494  close(3)                          = 0
2494  openat(AT_FDCWD, "/lib/x86_64-linux-gnu/libc.so.6", O_RDONLY|O_CLOEXEC) = 3
2494  read(3, "\177ELF\2\1\1\3\0\0\0\0\0\0\0\0\3\0>\0\1\0\0\0P\237\2\0\0\0\0\0"..., 832) = 832
2494  pread64(3, "\6\0\0\0\4\0\0\0@\0\0\0\0\0\0\0@\0\0\0\0\0\0\0@\0\0\0\0\0\0\0"..., 784, 64) = 784
2494  pread64(3, "\4\0\0\0 \0\0\0\5\0\0\0GNU\0\2\0\0\300\4\0\0\0\3\0\0\0\0\0\0\0"..., 48, 848) = 48
2494  pread64(3, "\4\0\0\0\24\0\0\0\3\0\0\0GNU\0\325\31p\226\367\t\200\30)\261\30\257\33|\366c"..., 68, 896) = 68
2494  newfstatat(3, "", {st_mode=S_IFREG|0755, st_size=2220400, ...}, AT_EMPTY_PATH) = 0
2494  pread64(3, "\6\0\0\0\4\0\0\0@\0\0\0\0\0\0\0@\0\0\0\0\0\0\0@\0\0\0\0\0\0\0"..., 784, 64) = 784
2494  mmap(NULL, 2264656, PROT_READ, MAP_PRIVATE|MAP_DENYWRITE, 3, 0) = 0x775f656f3000
2494  mprotect(0x775f6571b000, 2023424, PROT_NONE) = 0
2494  mmap(0x775f6571b000, 1658880, PROT_READ|PROT_EXEC, MAP_PRIVATE|MAP_FIXED|MAP_DENYWRITE, 3, 0x28000) = 0x775f6571b000
2494  mmap(0x775f658b0000, 360448, PROT_READ, MAP_PRIVATE|MAP_FIXED|MAP_DENYWRITE, 3, 0x1bd000) = 0x775f658b0000
2494  mmap(0x775f65909000, 24576, PROT_READ|PROT_WRITE, MAP_PRIVATE|MAP_FIXED|MAP_DENYWRITE, 3, 0x215000) = 0x775f65909000
2494  mmap(0x775f6590f000, 52816, PROT_READ|PROT_WRITE, MAP_PRIVATE|MAP_FIXED|MAP_ANONYMOUS, -1, 0) = 0x775f6590f000
2494  close(3)                          = 0
2494  mmap(NULL, 12288, PROT_READ|PROT_WRITE, MAP_PRIVATE|MAP_ANONYMOUS, -1, 0) = 0x775f656f0000
2494  arch_prctl(ARCH_SET_FS, 0x775f656f0740) = 0
2494  set_tid_address(0x775f656f0a10)   = 2494
2494  set_robust_list(0x775f656f0a20, 24) = 0
2494  rseq(0x775f656f10e0, 0x20, 0, 0x53053053) = 0
2494  mprotect(0x775f65909000, 16384, PROT_READ) = 0
2494  mprotect(0x6139f7fbe000, 4096, PROT_READ) = 0
2494  mprotect(0x775f6595e000, 8192, PROT_READ) = 0
2494  prlimit64(0, RLIMIT_STACK, NULL, {rlim_cur=8192*1024, rlim_max=RLIM64_INFINITY}) = 0
2494  munmap(0x775f6591c000, 29392)     = 0
2494  getrandom("\x7d\xfa\xcf\x29\x6d\x22\xcc\xe8", 8, GRND_NONBLOCK) = 8
2494  brk(NULL)                         = 0x6139f8d97000
2494  brk(0x6139f8db8000)               = 0x6139f8db8000
2494  execve("./fact", ["./fact", "9", "10"], NULL) = 0
2494  brk(NULL)                         = 0x645023e9e000
2494  arch_prctl(0x3001 /* ARCH_??? */, 0x7ffe7099a810) = -1 EINVAL (Invalid argument)
2494  mmap(NULL, 8192, PROT_READ|PROT_WRITE, MAP_PRIVATE|MAP_ANONYMOUS, -1, 0) = 0x71dbb4129000
2494  access("/etc/ld.so.preload", R_OK) = -1 ENOENT (No such file or directory)
2494  openat(AT_FDCWD, "/etc/ld.so.cache", O_RDONLY|O_CLOEXEC) = 3
2494  newfstatat(3, "", {st_mode=S_IFREG|0644, st_size=29392, ...}, AT_EMPTY_PATH) = 0
2494  mmap(NULL, 29392, PROT_READ, MAP_PRIVATE, 3, 0) = 0x71dbb4121000
2494  close(3)                          = 0
2494  openat(AT_FDCWD, "/lib/x86_64-linux-gnu/libc.so.6", O_RDONLY|O_CLOEXEC) = 3
2494  read(3, "\177ELF\2\1\1\3\0\0\0\0\0\0\0\0\3\0>\0\1\0\0\0P\237\2\0\0\0\0\0"..., 832) = 832
2494  pread64(3, "\6\0\0\0\4\0\0\0@\0\0\0\0\0\0\0@\0\0\0\0\0\0\0@\0\0\0\0\0\0\0"..., 784, 64) = 784
2494  pread64(3, "\4\0\0\0 \0\0\0\5\0\0\0GNU\0\2\0\0\300\4\0\0\0\3\0\0\0\0\0\0\0"..., 48, 848) = 48
2494  pread64(3, "\4\0\0\0\24\0\0\0\3\0\0\0GNU\0\325\31p\226\367\t\200\30)\261\30\257\33|\366c"..., 68, 896) = 68
2494  newfstatat(3, "", {st_mode=S_IFREG|0755, st_size=2220400, ...}, AT_EMPTY_PATH) = 0
2494  pread64(3, "\6\0\0\0\4\0\0\0@\0\0\0\0\0\0\0@\0\0\0\0\0\0\0@\0\0\0\0\0\0\0"..., 784, 64) = 784
2494  mmap(NULL, 2264656, PROT_READ, MAP_PRIVATE|MAP_DENYWRITE, 3, 0) = 0x71dbb3ef8000
2494  mprotect(0x71dbb3f20000, 2023424, PROT_NONE) = 0
2494  mmap(0x71dbb3f20000, 1658880, PROT_READ|PROT_EXEC, MAP_PRIVATE|MAP_FIXED|MAP_DENYWRITE, 3, 0x28000) = 0x71dbb3f20000
2494  mmap(0x71dbb40b5000, 360448, PROT_READ, MAP_PRIVATE|MAP_FIXED|MAP_DENYWRITE, 3, 0x1bd000) = 0x71dbb40b5000
2494  mmap(0x71dbb410e000, 24576, PROT_READ|PROT_WRITE, MAP_PRIVATE|MAP_FIXED|MAP_DENYWRITE, 3, 0x215000) = 0x71dbb410e000
2494  mmap(0x71dbb4114000, 52816, PROT_READ|PROT_WRITE, MAP_PRIVATE|MAP_FIXED|MAP_ANONYMOUS, -1, 0) = 0x71dbb4114000
2494  close(3)                          = 0
2494  mmap(NULL, 12288, PROT_READ|PROT_WRITE, MAP_PRIVATE|MAP_ANONYMOUS, -1, 0) = 0x71dbb3ef5000
2494  arch_prctl(ARCH_SET_FS, 0x71dbb3ef5740) = 0
2494  set_tid_address(0x71dbb3ef5a10)   = 2494
2494  set_robust_list(0x71dbb3ef5a20, 24) = 0
2494  rseq(0x71dbb3ef60e0, 0x20, 0, 0x53053053) = 0
2494  mprotect(0x71dbb410e000, 16384, PROT_READ) = 0
2494  mprotect(0x645023386000, 4096, PROT_READ) = 0
2494  mprotect(0x71dbb4163000, 8192, PROT_READ) = 0
2494  prlimit64(0, RLIMIT_STACK, NULL, {rlim_cur=8192*1024, rlim_max=RLIM64_INFINITY}) = 0
2494  munmap(0x71dbb4121000, 29392)     = 0
2494  getrandom("\x3f\x60\x31\xf6\xca\x97\x46\x1d", 8, GRND_NONBLOCK) = 8
2494  brk(NULL)                         = 0x645023e9e000
2494  brk(0x645023ebf000)               = 0x645023ebf000
2494  execve("./fact", ["./fact", "8", "90"], NULL) = 0
2494  brk(NULL)                         = 0x5999c77bd000
2494  arch_prctl(0x3001 /* ARCH_??? */, 0x7ffe7a011170) = -1 EINVAL (Invalid argument)
2494  mmap(NULL, 8192, PROT_READ|PROT_WRITE, MAP_PRIVATE|MAP_ANONYMOUS, -1, 0) = 0x7f199939a000
2494  access("/etc/ld.so.preload", R_OK) = -1 ENOENT (No such file or directory)
2494  openat(AT_FDCWD, "/etc/ld.so.cache", O_RDONLY|O_CLOEXEC) = 3
2494  newfstatat(3, "", {st_mode=S_IFREG|0644, st_size=29392, ...}, AT_EMPTY_PATH) = 0
2494  mmap(NULL, 29392, PROT_READ, MAP_PRIVATE, 3, 0) = 0x7f1999392000
2494  close(3)                          = 0
2494  openat(AT_FDCWD, "/lib/x86_64-linux-gnu/libc.so.6", O_RDONLY|O_CLOEXEC) = 3
2494  read(3, "\177ELF\2\1\1\3\0\0\0\0\0\0\0\0\3\0>\0\1\0\0\0P\237\2\0\0\0\0\0"..., 832) = 832
2494  pread64(3, "\6\0\0\0\4\0\0\0@\0\0\0\0\0\0\0@\0\0\0\0\0\0\0@\0\0\0\0\0\0\0"..., 784, 64) = 784
2494  pread64(3, "\4\0\0\0 \0\0\0\5\0\0\0GNU\0\2\0\0\300\4\0\0\0\3\0\0\0\0\0\0\0"..., 48, 848) = 48
2494  pread64(3, "\4\0\0\0\24\0\0\0\3\0\0\0GNU\0\325\31p\226\367\t\200\30)\261\30\257\33|\366c"..., 68, 896) = 68
2494  newfstatat(3, "", {st_mode=S_IFREG|0755, st_size=2220400, ...}, AT_EMPTY_PATH) = 0
2494  pread64(3, "\6\0\0\0\4\0\0\0@\0\0\0\0\0\0\0@\0\0\0\0\0\0\0@\0\0\0\0\0\0\0"..., 784, 64) = 784
2494  mmap(NULL, 2264656, PROT_READ, MAP_PRIVATE|MAP_DENYWRITE, 3, 0) = 0x7f1999169000
2494  mprotect(0x7f1999191000, 2023424, PROT_NONE) = 0
2494  mmap(0x7f1999191000, 1658880, PROT_READ|PROT_EXEC, MAP_PRIVATE|MAP_FIXED|MAP_DENYWRITE, 3, 0x28000) = 0x7f1999191000
2494  mmap(0x7f1999326000, 360448, PROT_READ, MAP_PRIVATE|MAP_FIXED|MAP_DENYWRITE, 3, 0x1bd000) = 0x7f1999326000
2494  mmap(0x7f199937f000, 24576, PROT_READ|PROT_WRITE, MAP_PRIVATE|MAP_FIXED|MAP_DENYWRITE, 3, 0x215000) = 0x7f199937f000
2494  mmap(0x7f1999385000, 52816, PROT_READ|PROT_WRITE, MAP_PRIVATE|MAP_FIXED|MAP_ANONYMOUS, -1, 0) = 0x7f1999385000
2494  close(3)                          = 0
2494  mmap(NULL, 12288, PROT_READ|PROT_WRITE, MAP_PRIVATE|MAP_ANONYMOUS, -1, 0) = 0x7f1999166000
2494  arch_prctl(ARCH_SET_FS, 0x7f1999166740) = 0
2494  set_tid_address(0x7f1999166a10)   = 2494
2494  set_robust_list(0x7f1999166a20, 24) = 0
2494  rseq(0x7f19991670e0, 0x20, 0, 0x53053053) = 0
2494  mprotect(0x7f199937f000, 16384, PROT_READ) = 0
2494  mprotect(0x5999c6aae000, 4096, PROT_READ) = 0
2494  mprotect(0x7f19993d4000, 8192, PROT_READ) = 0
2494  prlimit64(0, RLIMIT_STACK, NULL, {rlim_cur=8192*1024, rlim_max=RLIM64_INFINITY}) = 0
2494  munmap(0x7f1999392000, 29392)     = 0
2494  getrandom("\x00\x7d\x87\x84\x08\x6f\x94\x5f", 8, GRND_NONBLOCK) = 8
2494  brk(NULL)                         = 0x5999c77bd000
2494  brk(0x5999c77de000)               = 0x5999c77de000
2494  execve("./fact", ["./fact", "7", "720"], NULL) = 0
2494  brk(NULL)                         = 0x5bc020b33000
2494  arch_prctl(0x3001 /* ARCH_??? */, 0x7ffc85e2ff70) = -1 EINVAL (Invalid argument)
2494  mmap(NULL, 8192, PROT_READ|PROT_WRITE, MAP_PRIVATE|MAP_ANONYMOUS, -1, 0) = 0x7dd4c5afa000
2494  access("/etc/ld.so.preload", R_OK) = -1 ENOENT (No such file or directory)
2494  openat(AT_FDCWD, "/etc/ld.so.cache", O_RDONLY|O_CLOEXEC) = 3
2494  newfstatat(3, "", {st_mode=S_IFREG|0644, st_size=29392, ...}, AT_EMPTY_PATH) = 0
2494  mmap(NULL, 29392, PROT_READ, MAP_PRIVATE, 3, 0) = 0x7dd4c5af2000
2494  close(3)                          = 0
2494  openat(AT_FDCWD, "/lib/x86_64-linux-gnu/libc.so.6", O_RDONLY|O_CLOEXEC) = 3
2494  read(3, "\177ELF\2\1\1\3\0\0\0\0\0\0\0\0\3\0>\0\1\0\0\0P\237\2\0\0\0\0\0"..., 832) = 832
2494  pread64(3, "\6\0\0\0\4\0\0\0@\0\0\0\0\0\0\0@\0\0\0\0\0\0\0@\0\0\0\0\0\0\0"..., 784, 64) = 784
2494  pread64(3, "\4\0\0\0 \0\0\0\5\0\0\0GNU\0\2\0\0\300\4\0\0\0\3\0\0\0\0\0\0\0"..., 48, 848) = 48
2494  pread64(3, "\4\0\0\0\24\0\0\0\3\0\0\0GNU\0\325\31p\226\367\t\200\30)\261\30\257\33|\366c"..., 68, 896) = 68
2494  newfstatat(3, "", {st_mode=S_IFREG|0755, st_size=2220400, ...}, AT_EMPTY_PATH) = 0
2494  pread64(3, "\6\0\0\0\4\0\0\0@\0\0\0\0\0\0\0@\0\0\0\0\0\0\0@\0\0\0\0\0\0\0"..., 784, 64) = 784
2494  mmap(NULL, 2264656, PROT_READ, MAP_PRIVATE|MAP_DENYWRITE, 3, 0) = 0x7dd4c58c9000
2494  mprotect(0x7dd4c58f1000, 2023424, PROT_NONE) = 0
2494  mmap(0x7dd4c58f1000, 1658880, PROT_READ|PROT_EXEC, MAP_PRIVATE|MAP_FIXED|MAP_DENYWRITE, 3, 0x28000) = 0x7dd4c58f1000
2494  mmap(0x7dd4c5a86000, 360448, PROT_READ, MAP_PRIVATE|MAP_FIXED|MAP_DENYWRITE, 3, 0x1bd000) = 0x7dd4c5a86000
2494  mmap(0x7dd4c5adf000, 24576, PROT_READ|PROT_WRITE, MAP_PRIVATE|MAP_FIXED|MAP_DENYWRITE, 3, 0x215000) = 0x7dd4c5adf000
2494  mmap(0x7dd4c5ae5000, 52816, PROT_READ|PROT_WRITE, MAP_PRIVATE|MAP_FIXED|MAP_ANONYMOUS, -1, 0) = 0x7dd4c5ae5000
2494  close(3)                          = 0
2494  mmap(NULL, 12288, PROT_READ|PROT_WRITE, MAP_PRIVATE|MAP_ANONYMOUS, -1, 0) = 0x7dd4c58c6000
2494  arch_prctl(ARCH_SET_FS, 0x7dd4c58c6740) = 0
2494  set_tid_address(0x7dd4c58c6a10)   = 2494
2494  set_robust_list(0x7dd4c58c6a20, 24) = 0
2494  rseq(0x7dd4c58c70e0, 0x20, 0, 0x53053053) = 0
2494  mprotect(0x7dd4c5adf000, 16384, PROT_READ) = 0
2494  mprotect(0x5bc01ed1c000, 4096, PROT_READ) = 0
2494  mprotect(0x7dd4c5b34000, 8192, PROT_READ) = 0
2494  prlimit64(0, RLIMIT_STACK, NULL, {rlim_cur=8192*1024, rlim_max=RLIM64_INFINITY}) = 0
2494  munmap(0x7dd4c5af2000, 29392)     = 0
2494  getrandom("\xca\x04\x24\xed\xfa\x74\xfb\x1b", 8, GRND_NONBLOCK) = 8
2494  brk(NULL)                         = 0x5bc020b33000
2494  brk(0x5bc020b54000)               = 0x5bc020b54000
2494  execve("./fact", ["./fact", "6", "5040"], NULL) = 0
2494  brk(NULL)                         = 0x5c6d741b7000
2494  arch_prctl(0x3001 /* ARCH_??? */, 0x7fff685d5000) = -1 EINVAL (Invalid argument)
2494  mmap(NULL, 8192, PROT_READ|PROT_WRITE, MAP_PRIVATE|MAP_ANONYMOUS, -1, 0) = 0x7d19b02ea000
2494  access("/etc/ld.so.preload", R_OK) = -1 ENOENT (No such file or directory)
2494  openat(AT_FDCWD, "/etc/ld.so.cache", O_RDONLY|O_CLOEXEC) = 3
2494  newfstatat(3, "", {st_mode=S_IFREG|0644, st_size=29392, ...}, AT_EMPTY_PATH) = 0
2494  mmap(NULL, 29392, PROT_READ, MAP_PRIVATE, 3, 0) = 0x7d19b02e2000
2494  close(3)                          = 0
2494  openat(AT_FDCWD, "/lib/x86_64-linux-gnu/libc.so.6", O_RDONLY|O_CLOEXEC) = 3
2494  read(3, "\177ELF\2\1\1\3\0\0\0\0\0\0\0\0\3\0>\0\1\0\0\0P\237\2\0\0\0\0\0"..., 832) = 832
2494  pread64(3, "\6\0\0\0\4\0\0\0@\0\0\0\0\0\0\0@\0\0\0\0\0\0\0@\0\0\0\0\0\0\0"..., 784, 64) = 784
2494  pread64(3, "\4\0\0\0 \0\0\0\5\0\0\0GNU\0\2\0\0\300\4\0\0\0\3\0\0\0\0\0\0\0"..., 48, 848) = 48
2494  pread64(3, "\4\0\0\0\24\0\0\0\3\0\0\0GNU\0\325\31p\226\367\t\200\30)\261\30\257\33|\366c"..., 68, 896) = 68
2494  newfstatat(3, "", {st_mode=S_IFREG|0755, st_size=2220400, ...}, AT_EMPTY_PATH) = 0
2494  pread64(3, "\6\0\0\0\4\0\0\0@\0\0\0\0\0\0\0@\0\0\0\0\0\0\0@\0\0\0\0\0\0\0"..., 784, 64) = 784
2494  mmap(NULL, 2264656, PROT_READ, MAP_PRIVATE|MAP_DENYWRITE, 3, 0) = 0x7d19b00b9000
2494  mprotect(0x7d19b00e1000, 2023424, PROT_NONE) = 0
2494  mmap(0x7d19b00e1000, 1658880, PROT_READ|PROT_EXEC, MAP_PRIVATE|MAP_FIXED|MAP_DENYWRITE, 3, 0x28000) = 0x7d19b00e1000
2494  mmap(0x7d19b0276000, 360448, PROT_READ, MAP_PRIVATE|MAP_FIXED|MAP_DENYWRITE, 3, 0x1bd000) = 0x7d19b0276000
2494  mmap(0x7d19b02cf000, 24576, PROT_READ|PROT_WRITE, MAP_PRIVATE|MAP_FIXED|MAP_DENYWRITE, 3, 0x215000) = 0x7d19b02cf000
2494  mmap(0x7d19b02d5000, 52816, PROT_READ|PROT_WRITE, MAP_PRIVATE|MAP_FIXED|MAP_ANONYMOUS, -1, 0) = 0x7d19b02d5000
2494  close(3)                          = 0
2494  mmap(NULL, 12288, PROT_READ|PROT_WRITE, MAP_PRIVATE|MAP_ANONYMOUS, -1, 0) = 0x7d19b00b6000
2494  arch_prctl(ARCH_SET_FS, 0x7d19b00b6740) = 0
2494  set_tid_address(0x7d19b00b6a10)   = 2494
2494  set_robust_list(0x7d19b00b6a20, 24) = 0
2494  rseq(0x7d19b00b70e0, 0x20, 0, 0x53053053) = 0
2494  mprotect(0x7d19b02cf000, 16384, PROT_READ) = 0
2494  mprotect(0x5c6d734fc000, 4096, PROT_READ) = 0
2494  mprotect(0x7d19b0324000, 8192, PROT_READ) = 0
2494  prlimit64(0, RLIMIT_STACK, NULL, {rlim_cur=8192*1024, rlim_max=RLIM64_INFINITY}) = 0
2494  munmap(0x7d19b02e2000, 29392)     = 0
2494  getrandom("\xe3\x16\x88\x58\xe9\x78\x70\xd1", 8, GRND_NONBLOCK) = 8
2494  brk(NULL)                         = 0x5c6d741b7000
2494  brk(0x5c6d741d8000)               = 0x5c6d741d8000
2494  execve("./fact", ["./fact", "5", "30240"], NULL) = 0
2494  brk(NULL)                         = 0x5e0ca9eb1000
2494  arch_prctl(0x3001 /* ARCH_??? */, 0x7ffca5436770) = -1 EINVAL (Invalid argument)
2494  mmap(NULL, 8192, PROT_READ|PROT_WRITE, MAP_PRIVATE|MAP_ANONYMOUS, -1, 0) = 0x7eb3a4e05000
2494  access("/etc/ld.so.preload", R_OK) = -1 ENOENT (No such file or directory)
2494  openat(AT_FDCWD, "/etc/ld.so.cache", O_RDONLY|O_CLOEXEC) = 3
2494  newfstatat(3, "", {st_mode=S_IFREG|0644, st_size=29392, ...}, AT_EMPTY_PATH) = 0
2494  mmap(NULL, 29392, PROT_READ, MAP_PRIVATE, 3, 0) = 0x7eb3a4dfd000
2494  close(3)                          = 0
2494  openat(AT_FDCWD, "/lib/x86_64-linux-gnu/libc.so.6", O_RDONLY|O_CLOEXEC) = 3
2494  read(3, "\177ELF\2\1\1\3\0\0\0\0\0\0\0\0\3\0>\0\1\0\0\0P\237\2\0\0\0\0\0"..., 832) = 832
2494  pread64(3, "\6\0\0\0\4\0\0\0@\0\0\0\0\0\0\0@\0\0\0\0\0\0\0@\0\0\0\0\0\0\0"..., 784, 64) = 784
2494  pread64(3, "\4\0\0\0 \0\0\0\5\0\0\0GNU\0\2\0\0\300\4\0\0\0\3\0\0\0\0\0\0\0"..., 48, 848) = 48
2494  pread64(3, "\4\0\0\0\24\0\0\0\3\0\0\0GNU\0\325\31p\226\367\t\200\30)\261\30\257\33|\366c"..., 68, 896) = 68
2494  newfstatat(3, "", {st_mode=S_IFREG|0755, st_size=2220400, ...}, AT_EMPTY_PATH) = 0
2494  pread64(3, "\6\0\0\0\4\0\0\0@\0\0\0\0\0\0\0@\0\0\0\0\0\0\0@\0\0\0\0\0\0\0"..., 784, 64) = 784
2494  mmap(NULL, 2264656, PROT_READ, MAP_PRIVATE|MAP_DENYWRITE, 3, 0) = 0x7eb3a4bd4000
2494  mprotect(0x7eb3a4bfc000, 2023424, PROT_NONE) = 0
2494  mmap(0x7eb3a4bfc000, 1658880, PROT_READ|PROT_EXEC, MAP_PRIVATE|MAP_FIXED|MAP_DENYWRITE, 3, 0x28000) = 0x7eb3a4bfc000
2494  mmap(0x7eb3a4d91000, 360448, PROT_READ, MAP_PRIVATE|MAP_FIXED|MAP_DENYWRITE, 3, 0x1bd000) = 0x7eb3a4d91000
2494  mmap(0x7eb3a4dea000, 24576, PROT_READ|PROT_WRITE, MAP_PRIVATE|MAP_FIXED|MAP_DENYWRITE, 3, 0x215000) = 0x7eb3a4dea000
2494  mmap(0x7eb3a4df0000, 52816, PROT_READ|PROT_WRITE, MAP_PRIVATE|MAP_FIXED|MAP_ANONYMOUS, -1, 0) = 0x7eb3a4df0000
2494  close(3)                          = 0
2494  mmap(NULL, 12288, PROT_READ|PROT_WRITE, MAP_PRIVATE|MAP_ANONYMOUS, -1, 0) = 0x7eb3a4bd1000
2494  arch_prctl(ARCH_SET_FS, 0x7eb3a4bd1740) = 0
2494  set_tid_address(0x7eb3a4bd1a10)   = 2494
2494  set_robust_list(0x7eb3a4bd1a20, 24) = 0
2494  rseq(0x7eb3a4bd20e0, 0x20, 0, 0x53053053) = 0
2494  mprotect(0x7eb3a4dea000, 16384, PROT_READ) = 0
2494  mprotect(0x5e0ca9926000, 4096, PROT_READ) = 0
2494  mprotect(0x7eb3a4e3f000, 8192, PROT_READ) = 0
2494  prlimit64(0, RLIMIT_STACK, NULL, {rlim_cur=8192*1024, rlim_max=RLIM64_INFINITY}) = 0
2494  munmap(0x7eb3a4dfd000, 29392)     = 0
2494  getrandom("\xc2\x91\x0f\x36\x87\x8d\x61\x6c", 8, GRND_NONBLOCK) = 8
2494  brk(NULL)                         = 0x5e0ca9eb1000
2494  brk(0x5e0ca9ed2000)               = 0x5e0ca9ed2000
2494  execve("./fact", ["./fact", "4", "151200"], NULL) = 0
2494  brk(NULL)                         = 0x64707d7d1000
2494  arch_prctl(0x3001 /* ARCH_??? */, 0x7fffbef09960) = -1 EINVAL (Invalid argument)
2494  mmap(NULL, 8192, PROT_READ|PROT_WRITE, MAP_PRIVATE|MAP_ANONYMOUS, -1, 0) = 0x7ae5f6bd9000
2494  access("/etc/ld.so.preload", R_OK) = -1 ENOENT (No such file or directory)
2494  openat(AT_FDCWD, "/etc/ld.so.cache", O_RDONLY|O_CLOEXEC) = 3
2494  newfstatat(3, "", {st_mode=S_IFREG|0644, st_size=29392, ...}, AT_EMPTY_PATH) = 0
2494  mmap(NULL, 29392, PROT_READ, MAP_PRIVATE, 3, 0) = 0x7ae5f6bd1000
2494  close(3)                          = 0
2494  openat(AT_FDCWD, "/lib/x86_64-linux-gnu/libc.so.6", O_RDONLY|O_CLOEXEC) = 3
2494  read(3, "\177ELF\2\1\1\3\0\0\0\0\0\0\0\0\3\0>\0\1\0\0\0P\237\2\0\0\0\0\0"..., 832) = 832
2494  pread64(3, "\6\0\0\0\4\0\0\0@\0\0\0\0\0\0\0@\0\0\0\0\0\0\0@\0\0\0\0\0\0\0"..., 784, 64) = 784
2494  pread64(3, "\4\0\0\0 \0\0\0\5\0\0\0GNU\0\2\0\0\300\4\0\0\0\3\0\0\0\0\0\0\0"..., 48, 848) = 48
2494  pread64(3, "\4\0\0\0\24\0\0\0\3\0\0\0GNU\0\325\31p\226\367\t\200\30)\261\30\257\33|\366c"..., 68, 896) = 68
2494  newfstatat(3, "", {st_mode=S_IFREG|0755, st_size=2220400, ...}, AT_EMPTY_PATH) = 0
2494  pread64(3, "\6\0\0\0\4\0\0\0@\0\0\0\0\0\0\0@\0\0\0\0\0\0\0@\0\0\0\0\0\0\0"..., 784, 64) = 784
2494  mmap(NULL, 2264656, PROT_READ, MAP_PRIVATE|MAP_DENYWRITE, 3, 0) = 0x7ae5f69a8000
2494  mprotect(0x7ae5f69d0000, 2023424, PROT_NONE) = 0
2494  mmap(0x7ae5f69d0000, 1658880, PROT_READ|PROT_EXEC, MAP_PRIVATE|MAP_FIXED|MAP_DENYWRITE, 3, 0x28000) = 0x7ae5f69d0000
2494  mmap(0x7ae5f6b65000, 360448, PROT_READ, MAP_PRIVATE|MAP_FIXED|MAP_DENYWRITE, 3, 0x1bd000) = 0x7ae5f6b65000
2494  mmap(0x7ae5f6bbe000, 24576, PROT_READ|PROT_WRITE, MAP_PRIVATE|MAP_FIXED|MAP_DENYWRITE, 3, 0x215000) = 0x7ae5f6bbe000
2494  mmap(0x7ae5f6bc4000, 52816, PROT_READ|PROT_WRITE, MAP_PRIVATE|MAP_FIXED|MAP_ANONYMOUS, -1, 0) = 0x7ae5f6bc4000
2494  close(3)                          = 0
2494  mmap(NULL, 12288, PROT_READ|PROT_WRITE, MAP_PRIVATE|MAP_ANONYMOUS, -1, 0) = 0x7ae5f69a5000
2494  arch_prctl(ARCH_SET_FS, 0x7ae5f69a5740) = 0
2494  set_tid_address(0x7ae5f69a5a10)   = 2494
2494  set_robust_list(0x7ae5f69a5a20, 24) = 0
2494  rseq(0x7ae5f69a60e0, 0x20, 0, 0x53053053) = 0
2494  mprotect(0x7ae5f6bbe000, 16384, PROT_READ) = 0
2494  mprotect(0x64707c5d0000, 4096, PROT_READ) = 0
2494  mprotect(0x7ae5f6c13000, 8192, PROT_READ) = 0
2494  prlimit64(0, RLIMIT_STACK, NULL, {rlim_cur=8192*1024, rlim_max=RLIM64_INFINITY}) = 0
2494  munmap(0x7ae5f6bd1000, 29392)     = 0
2494  getrandom("\x35\x3b\xd8\xc5\x4b\x55\x75\xa1", 8, GRND_NONBLOCK) = 8
2494  brk(NULL)                         = 0x64707d7d1000
2494  brk(0x64707d7f2000)               = 0x64707d7f2000
2494  execve("./fact", ["./fact", "3", "604800"], NULL) = 0
2494  brk(NULL)                         = 0x63b532b7e000
2494  arch_prctl(0x3001 /* ARCH_??? */, 0x7ffca7e76840) = -1 EINVAL (Invalid argument)
2494  mmap(NULL, 8192, PROT_READ|PROT_WRITE, MAP_PRIVATE|MAP_ANONYMOUS, -1, 0) = 0x78837858c000
2494  access("/etc/ld.so.preload", R_OK) = -1 ENOENT (No such file or directory)
2494  openat(AT_FDCWD, "/etc/ld.so.cache", O_RDONLY|O_CLOEXEC) = 3
2494  newfstatat(3, "", {st_mode=S_IFREG|0644, st_size=29392, ...}, AT_EMPTY_PATH) = 0
2494  mmap(NULL, 29392, PROT_READ, MAP_PRIVATE, 3, 0) = 0x788378584000
2494  close(3)                          = 0
2494  openat(AT_FDCWD, "/lib/x86_64-linux-gnu/libc.so.6", O_RDONLY|O_CLOEXEC) = 3
2494  read(3, "\177ELF\2\1\1\3\0\0\0\0\0\0\0\0\3\0>\0\1\0\0\0P\237\2\0\0\0\0\0"..., 832) = 832
2494  pread64(3, "\6\0\0\0\4\0\0\0@\0\0\0\0\0\0\0@\0\0\0\0\0\0\0@\0\0\0\0\0\0\0"..., 784, 64) = 784
2494  pread64(3, "\4\0\0\0 \0\0\0\5\0\0\0GNU\0\2\0\0\300\4\0\0\0\3\0\0\0\0\0\0\0"..., 48, 848) = 48
2494  pread64(3, "\4\0\0\0\24\0\0\0\3\0\0\0GNU\0\325\31p\226\367\t\200\30)\261\30\257\33|\366c"..., 68, 896) = 68
2494  newfstatat(3, "", {st_mode=S_IFREG|0755, st_size=2220400, ...}, AT_EMPTY_PATH) = 0
2494  pread64(3, "\6\0\0\0\4\0\0\0@\0\0\0\0\0\0\0@\0\0\0\0\0\0\0@\0\0\0\0\0\0\0"..., 784, 64) = 784
2494  mmap(NULL, 2264656, PROT_READ, MAP_PRIVATE|MAP_DENYWRITE, 3, 0) = 0x78837835b000
2494  mprotect(0x788378383000, 2023424, PROT_NONE) = 0
2494  mmap(0x788378383000, 1658880, PROT_READ|PROT_EXEC, MAP_PRIVATE|MAP_FIXED|MAP_DENYWRITE, 3, 0x28000) = 0x788378383000
2494  mmap(0x788378518000, 360448, PROT_READ, MAP_PRIVATE|MAP_FIXED|MAP_DENYWRITE, 3, 0x1bd000) = 0x788378518000
2494  mmap(0x788378571000, 24576, PROT_READ|PROT_WRITE, MAP_PRIVATE|MAP_FIXED|MAP_DENYWRITE, 3, 0x215000) = 0x788378571000
2494  mmap(0x788378577000, 52816, PROT_READ|PROT_WRITE, MAP_PRIVATE|MAP_FIXED|MAP_ANONYMOUS, -1, 0) = 0x788378577000
2494  close(3)                          = 0
2494  mmap(NULL, 12288, PROT_READ|PROT_WRITE, MAP_PRIVATE|MAP_ANONYMOUS, -1, 0) = 0x788378358000
2494  arch_prctl(ARCH_SET_FS, 0x788378358740) = 0
2494  set_tid_address(0x788378358a10)   = 2494
2494  set_robust_list(0x788378358a20, 24) = 0
2494  rseq(0x7883783590e0, 0x20, 0, 0x53053053) = 0
2494  mprotect(0x788378571000, 16384, PROT_READ) = 0
2494  mprotect(0x63b5311a2000, 4096, PROT_READ) = 0
2494  mprotect(0x7883785c6000, 8192, PROT_READ) = 0
2494  prlimit64(0, RLIMIT_STACK, NULL, {rlim_cur=8192*1024, rlim_max=RLIM64_INFINITY}) = 0
2494  munmap(0x788378584000, 29392)     = 0
2494  getrandom("\x3d\x60\x40\xb8\xf9\x54\xb7\x76", 8, GRND_NONBLOCK) = 8
2494  brk(NULL)                         = 0x63b532b7e000
2494  brk(0x63b532b9f000)               = 0x63b532b9f000
2494  execve("./fact", ["./fact", "2", "1814400"], NULL) = 0
2494  brk(NULL)                         = 0x5cf159193000
2494  arch_prctl(0x3001 /* ARCH_??? */, 0x7ffe3d4ca6f0) = -1 EINVAL (Invalid argument)
2494  mmap(NULL, 8192, PROT_READ|PROT_WRITE, MAP_PRIVATE|MAP_ANONYMOUS, -1, 0) = 0x7b19ad399000
2494  access("/etc/ld.so.preload", R_OK) = -1 ENOENT (No such file or directory)
2494  openat(AT_FDCWD, "/etc/ld.so.cache", O_RDONLY|O_CLOEXEC) = 3
2494  newfstatat(3, "", {st_mode=S_IFREG|0644, st_size=29392, ...}, AT_EMPTY_PATH) = 0
2494  mmap(NULL, 29392, PROT_READ, MAP_PRIVATE, 3, 0) = 0x7b19ad391000
2494  close(3)                          = 0
2494  openat(AT_FDCWD, "/lib/x86_64-linux-gnu/libc.so.6", O_RDONLY|O_CLOEXEC) = 3
2494  read(3, "\177ELF\2\1\1\3\0\0\0\0\0\0\0\0\3\0>\0\1\0\0\0P\237\2\0\0\0\0\0"..., 832) = 832
2494  pread64(3, "\6\0\0\0\4\0\0\0@\0\0\0\0\0\0\0@\0\0\0\0\0\0\0@\0\0\0\0\0\0\0"..., 784, 64) = 784
2494  pread64(3, "\4\0\0\0 \0\0\0\5\0\0\0GNU\0\2\0\0\300\4\0\0\0\3\0\0\0\0\0\0\0"..., 48, 848) = 48
2494  pread64(3, "\4\0\0\0\24\0\0\0\3\0\0\0GNU\0\325\31p\226\367\t\200\30)\261\30\257\33|\366c"..., 68, 896) = 68
2494  newfstatat(3, "", {st_mode=S_IFREG|0755, st_size=2220400, ...}, AT_EMPTY_PATH) = 0
2494  pread64(3, "\6\0\0\0\4\0\0\0@\0\0\0\0\0\0\0@\0\0\0\0\0\0\0@\0\0\0\0\0\0\0"..., 784, 64) = 784
2494  mmap(NULL, 2264656, PROT_READ, MAP_PRIVATE|MAP_DENYWRITE, 3, 0) = 0x7b19ad168000
2494  mprotect(0x7b19ad190000, 2023424, PROT_NONE) = 0
2494  mmap(0x7b19ad190000, 1658880, PROT_READ|PROT_EXEC, MAP_PRIVATE|MAP_FIXED|MAP_DENYWRITE, 3, 0x28000) = 0x7b19ad190000
2494  mmap(0x7b19ad325000, 360448, PROT_READ, MAP_PRIVATE|MAP_FIXED|MAP_DENYWRITE, 3, 0x1bd000) = 0x7b19ad325000
2494  mmap(0x7b19ad37e000, 24576, PROT_READ|PROT_WRITE, MAP_PRIVATE|MAP_FIXED|MAP_DENYWRITE, 3, 0x215000) = 0x7b19ad37e000
2494  mmap(0x7b19ad384000, 52816, PROT_READ|PROT_WRITE, MAP_PRIVATE|MAP_FIXED|MAP_ANONYMOUS, -1, 0) = 0x7b19ad384000
2494  close(3)                          = 0
2494  mmap(NULL, 12288, PROT_READ|PROT_WRITE, MAP_PRIVATE|MAP_ANONYMOUS, -1, 0) = 0x7b19ad165000
2494  arch_prctl(ARCH_SET_FS, 0x7b19ad165740) = 0
2494  set_tid_address(0x7b19ad165a10)   = 2494
2494  set_robust_list(0x7b19ad165a20, 24) = 0
2494  rseq(0x7b19ad1660e0, 0x20, 0, 0x53053053) = 0
2494  mprotect(0x7b19ad37e000, 16384, PROT_READ) = 0
2494  mprotect(0x5cf158326000, 4096, PROT_READ) = 0
2494  mprotect(0x7b19ad3d3000, 8192, PROT_READ) = 0
2494  prlimit64(0, RLIMIT_STACK, NULL, {rlim_cur=8192*1024, rlim_max=RLIM64_INFINITY}) = 0
2494  munmap(0x7b19ad391000, 29392)     = 0
2494  getrandom("\x6e\x84\x83\x6c\xee\xb2\xf5\x76", 8, GRND_NONBLOCK) = 8
2494  brk(NULL)                         = 0x5cf159193000
2494  brk(0x5cf1591b4000)               = 0x5cf1591b4000
2494  newfstatat(1, "", {st_mode=S_IFIFO|0600, st_size=0, ...}, AT_EMPTY_PATH) = 0
2494  write(1, "3628800\n", 8)          = 8
2494  exit_group(0)                     = ?
2494  +++ exited with 0 +++
