2571  execve("./encdrv", ["./encdrv", "testcases/testcase.1", "output/output.1"], 0x7ffc2f80be58 /* 18 vars */) = 0
2571  brk(NULL)                         = 0x5873547e2000
2571  arch_prctl(0x3001 /* ARCH_??? */, 0x7ffef2064d80) = -1 EINVAL (Invalid argument)
2571  mmap(NULL, 8192, PROT_READ|PROT_WRITE, MAP_PRIVATE|MAP_ANONYMOUS, -1, 0) = 0x73e8a8f6a000
2571  access("/etc/ld.so.preload", R_OK) = -1 ENOENT (No such file or directory)
2571  openat(AT_FDCWD, "/etc/ld.so.cache", O_RDONLY|O_CLOEXEC) = 3
2571  newfstatat(3, "", {st_mode=S_IFREG|0644, st_size=29392, ...}, AT_EMPTY_PATH) = 0
2571  mmap(NULL, 29392, PROT_READ, MAP_PRIVATE, 3, 0) = 0x73e8a8f62000
2571  close(3)                          = 0
2571  openat(AT_FDCWD, "/lib/x86_64-linux-gnu/libc.so.6", O_RDONLY|O_CLOEXEC) = 3
2571  read(3, "\177ELF\2\1\1\3\0\0\0\0\0\0\0\0\3\0>\0\1\0\0\0P\237\2\0\0\0\0\0"..., 832) = 832
2571  pread64(3, "\6\0\0\0\4\0\0\0@\0\0\0\0\0\0\0@\0\0\0\0\0\0\0@\0\0\0\0\0\0\0"..., 784, 64) = 784
2571  pread64(3, "\4\0\0\0 \0\0\0\5\0\0\0GNU\0\2\0\0\300\4\0\0\0\3\0\0\0\0\0\0\0"..., 48, 848) = 48
2571  pread64(3, "\4\0\0\0\24\0\0\0\3\0\0\0GNU\0\325\31p\226\367\t\200\30)\261\30\257\33|\366c"..., 68, 896) = 68
2571  newfstatat(3, "", {st_mode=S_IFREG|0755, st_size=2220400, ...}, AT_EMPTY_PATH) = 0
2571  pread64(3, "\6\0\0\0\4\0\0\0@\0\0\0\0\0\0\0@\0\0\0\0\0\0\0@\0\0\0\0\0\0\0"..., 784, 64) = 784
2571  mmap(NULL, 2264656, PROT_READ, MAP_PRIVATE|MAP_DENYWRITE, 3, 0) = 0x73e8a8d39000
2571  mprotect(0x73e8a8d61000, 2023424, PROT_NONE) = 0
2571  mmap(0x73e8a8d61000, 1658880, PROT_READ|PROT_EXEC, MAP_PRIVATE|MAP_FIXED|MAP_DENYWRITE, 3, 0x28000) = 0x73e8a8d61000
2571  mmap(0x73e8a8ef6000, 360448, PROT_READ, MAP_PRIVATE|MAP_FIXED|MAP_DENYWRITE, 3, 0x1bd000) = 0x73e8a8ef6000
2571  mmap(0x73e8a8f4f000, 24576, PROT_READ|PROT_WRITE, MAP_PRIVATE|MAP_FIXED|MAP_DENYWRITE, 3, 0x215000) = 0x73e8a8f4f000
2571  mmap(0x73e8a8f55000, 52816, PROT_READ|PROT_WRITE, MAP_PRIVATE|MAP_FIXED|MAP_ANONYMOUS, -1, 0) = 0x73e8a8f55000
2571  close(3)                          = 0
2571  mmap(NULL, 12288, PROT_READ|PROT_WRITE, MAP_PRIVATE|MAP_ANONYMOUS, -1, 0) = 0x73e8a8d36000
2571  arch_prctl(ARCH_SET_FS, 0x73e8a8d36740) = 0
2571  set_tid_address(0x73e8a8d36a10)   = 2571
2571  set_robust_list(0x73e8a8d36a20, 24) = 0
2571  rseq(0x73e8a8d370e0, 0x20, 0, 0x53053053) = 0
2571  mprotect(0x73e8a8f4f000, 16384, PROT_READ) = 0
2571  mprotect(0x587352c19000, 4096, PROT_READ) = 0
2571  mprotect(0x73e8a8fa4000, 8192, PROT_READ) = 0
2571  prlimit64(0, RLIMIT_STACK, NULL, {rlim_cur=8192*1024, rlim_max=RLIM64_INFINITY}) = 0
2571  munmap(0x73e8a8f62000, 29392)     = 0
2571  openat(AT_FDCWD, "testcases/testcase.1", O_RDONLY) = 3
2571  openat(AT_FDCWD, "output/output.1", O_WRONLY|O_CREAT, 01406) = 4
2571  pipe2([5, 6], 0)                  = 0
2571  read(3, "a", 1)                   = 1
2571  read(3, "l", 1)                   = 1
2571  read(3, "l", 1)                   = 1
2571  read(3, ":", 1)                   = 1
2571  read(3, " ", 1)                   = 1
2571  read(3, "e", 1)                   = 1
2571  read(3, "n", 1)                   = 1
2571  read(3, "c", 1)                   = 1
2571  read(3, "d", 1)                   = 1
2571  read(3, "r", 1)                   = 1
2571  read(3, "v", 1)                   = 1
2571  read(3, " ", 1)                   = 1
2571  read(3, "e", 1)                   = 1
2571  read(3, "n", 1)                   = 1
2571  read(3, "c", 1)                   = 1
2571  read(3, "r", 1)                   = 1
2571  read(3, "y", 1)                   = 1
2571  read(3, "p", 1)                   = 1
2571  read(3, "t", 1)                   = 1
2571  read(3, " ", 1)                   = 1
2571  read(3, "d", 1)                   = 1
2571  read(3, "e", 1)                   = 1
2571  read(3, "c", 1)                   = 1
2571  read(3, "r", 1)                   = 1
2571  read(3, "y", 1)                   = 1
2571  read(3, "p", 1)                   = 1
2571  read(3, "t", 1)                   = 1
2571  read(3, "\n", 1)                  = 1
2571  write(6, "28\n", 3)               = 3
2571  write(6, "all: encdrv encrypt decrypt\n", 28) = 28
2571  read(3, "\n", 1)                  = 1
2571  write(6, "1\n", 2)                = 2
2571  write(6, "\n", 1)                 = 1
2571  read(3, "e", 1)                   = 1
2571  read(3, "n", 1)                   = 1
2571  read(3, "c", 1)                   = 1
2571  read(3, "r", 1)                   = 1
2571  read(3, "y", 1)                   = 1
2571  read(3, "p", 1)                   = 1
2571  read(3, "t", 1)                   = 1
2571  read(3, ":", 1)                   = 1
2571  read(3, "e", 1)                   = 1
2571  read(3, "n", 1)                   = 1
2571  read(3, "c", 1)                   = 1
2571  read(3, "r", 1)                   = 1
2571  read(3, "y", 1)                   = 1
2571  read(3, "p", 1)                   = 1
2571  read(3, "t", 1)                   = 1
2571  read(3, ".", 1)                   = 1
2571  read(3, "c", 1)                   = 1
2571  read(3, "\n", 1)                  = 1
2571  write(6, "18\n", 3)               = 3
2571  write(6, "encrypt:encrypt.c\n", 18) = 18
2571  read(3, "\t", 1)                  = 1
2571  read(3, "g", 1)                   = 1
2571  read(3, "c", 1)                   = 1
2571  read(3, "c", 1)                   = 1
2571  read(3, " ", 1)                   = 1
2571  read(3, "e", 1)                   = 1
2571  read(3, "n", 1)                   = 1
2571  read(3, "c", 1)                   = 1
2571  read(3, "r", 1)                   = 1
2571  read(3, "y", 1)                   = 1
2571  read(3, "p", 1)                   = 1
2571  read(3, "t", 1)                   = 1
2571  read(3, ".", 1)                   = 1
2571  read(3, "c", 1)                   = 1
2571  read(3, " ", 1)                   = 1
2571  read(3, "-", 1)                   = 1
2571  read(3, "o", 1)                   = 1
2571  read(3, " ", 1)                   = 1
2571  read(3, "e", 1)                   = 1
2571  read(3, "n", 1)                   = 1
2571  read(3, "c", 1)                   = 1
2571  read(3, "r", 1)                   = 1
2571  read(3, "y", 1)                   = 1
2571  read(3, "p", 1)                   = 1
2571  read(3, "t", 1)                   = 1
2571  read(3, "\n", 1)                  = 1
2571  write(6, "26\n", 3)               = 3
2571  write(6, "\tgcc encrypt.c -o encrypt\n", 26) = 26
2571  read(3, "\n", 1)                  = 1
2571  write(6, "1\n", 2)                = 2
2571  write(6, "\n", 1)                 = 1
2571  read(3, "d", 1)                   = 1
2571  read(3, "e", 1)                   = 1
2571  read(3, "c", 1)                   = 1
2571  read(3, "r", 1)                   = 1
2571  read(3, "y", 1)                   = 1
2571  read(3, "p", 1)                   = 1
2571  read(3, "t", 1)                   = 1
2571  read(3, ":", 1)                   = 1
2571  read(3, "d", 1)                   = 1
2571  read(3, "e", 1)                   = 1
2571  read(3, "c", 1)                   = 1
2571  read(3, "r", 1)                   = 1
2571  read(3, "y", 1)                   = 1
2571  read(3, "p", 1)                   = 1
2571  read(3, "t", 1)                   = 1
2571  read(3, ".", 1)                   = 1
2571  read(3, "c", 1)                   = 1
2571  read(3, "\n", 1)                  = 1
2571  write(6, "18\n", 3)               = 3
2571  write(6, "decrypt:decrypt.c\n", 18) = 18
2571  read(3, "\t", 1)                  = 1
2571  read(3, "g", 1)                   = 1
2571  read(3, "c", 1)                   = 1
2571  read(3, "c", 1)                   = 1
2571  read(3, " ", 1)                   = 1
2571  read(3, "d", 1)                   = 1
2571  read(3, "e", 1)                   = 1
2571  read(3, "c", 1)                   = 1
2571  read(3, "r", 1)                   = 1
2571  read(3, "y", 1)                   = 1
2571  read(3, "p", 1)                   = 1
2571  read(3, "t", 1)                   = 1
2571  read(3, ".", 1)                   = 1
2571  read(3, "c", 1)                   = 1
2571  read(3, " ", 1)                   = 1
2571  read(3, "-", 1)                   = 1
2571  read(3, "o", 1)                   = 1
2571  read(3, " ", 1)                   = 1
2571  read(3, "d", 1)                   = 1
2571  read(3, "e", 1)                   = 1
2571  read(3, "c", 1)                   = 1
2571  read(3, "r", 1)                   = 1
2571  read(3, "y", 1)                   = 1
2571  read(3, "p", 1)                   = 1
2571  read(3, "t", 1)                   = 1
2571  read(3, "\n", 1)                  = 1
2571  write(6, "26\n", 3)               = 3
2571  write(6, "\tgcc decrypt.c -o decrypt\n", 26) = 26
2571  read(3, "\n", 1)                  = 1
2571  write(6, "1\n", 2)                = 2
2571  write(6, "\n", 1)                 = 1
2571  read(3, "e", 1)                   = 1
2571  read(3, "n", 1)                   = 1
2571  read(3, "c", 1)                   = 1
2571  read(3, "d", 1)                   = 1
2571  read(3, "r", 1)                   = 1
2571  read(3, "v", 1)                   = 1
2571  read(3, ":", 1)                   = 1
2571  read(3, "e", 1)                   = 1
2571  read(3, "n", 1)                   = 1
2571  read(3, "c", 1)                   = 1
2571  read(3, "d", 1)                   = 1
2571  read(3, "r", 1)                   = 1
2571  read(3, "v", 1)                   = 1
2571  read(3, ".", 1)                   = 1
2571  read(3, "c", 1)                   = 1
2571  read(3, "\n", 1)                  = 1
2571  write(6, "16\n", 3)               = 3
2571  write(6, "encdrv:encdrv.c\n", 16) = 16
2571  read(3, "\t", 1)                  = 1
2571  read(3, "g", 1)                   = 1
2571  read(3, "c", 1)                   = 1
2571  read(3, "c", 1)                   = 1
2571  read(3, " ", 1)                   = 1
2571  read(3, "e", 1)                   = 1
2571  read(3, "n", 1)                   = 1
2571  read(3, "c", 1)                   = 1
2571  read(3, "d", 1)                   = 1
2571  read(3, "r", 1)                   = 1
2571  read(3, "v", 1)                   = 1
2571  read(3, ".", 1)                   = 1
2571  read(3, "c", 1)                   = 1
2571  read(3, " ", 1)                   = 1
2571  read(3, "-", 1)                   = 1
2571  read(3, "o", 1)                   = 1
2571  read(3, " ", 1)                   = 1
2571  read(3, "e", 1)                   = 1
2571  read(3, "n", 1)                   = 1
2571  read(3, "c", 1)                   = 1
2571  read(3, "d", 1)                   = 1
2571  read(3, "r", 1)                   = 1
2571  read(3, "v", 1)                   = 1
2571  read(3, "\n", 1)                  = 1
2571  write(6, "24\n", 3)               = 3
2571  write(6, "\tgcc encdrv.c -o encdrv\n", 24) = 24
2571  read(3, "c", 1)                   = 1
2571  read(3, "l", 1)                   = 1
2571  read(3, "e", 1)                   = 1
2571  read(3, "a", 1)                   = 1
2571  read(3, "n", 1)                   = 1
2571  read(3, ":", 1)                   = 1
2571  read(3, "\n", 1)                  = 1
2571  write(6, "7\n", 2)                = 2
2571  write(6, "clean:\n", 7)           = 7
2571  read(3, "\t", 1)                  = 1
2571  read(3, "r", 1)                   = 1
2571  read(3, "m", 1)                   = 1
2571  read(3, " ", 1)                   = 1
2571  read(3, "-", 1)                   = 1
2571  read(3, "f", 1)                   = 1
2571  read(3, " ", 1)                   = 1
2571  read(3, "e", 1)                   = 1
2571  read(3, "n", 1)                   = 1
2571  read(3, "c", 1)                   = 1
2571  read(3, "d", 1)                   = 1
2571  read(3, "r", 1)                   = 1
2571  read(3, "v", 1)                   = 1
2571  read(3, " ", 1)                   = 1
2571  read(3, "e", 1)                   = 1
2571  read(3, "n", 1)                   = 1
2571  read(3, "c", 1)                   = 1
2571  read(3, "r", 1)                   = 1
2571  read(3, "y", 1)                   = 1
2571  read(3, "p", 1)                   = 1
2571  read(3, "t", 1)                   = 1
2571  read(3, " ", 1)                   = 1
2571  read(3, "d", 1)                   = 1
2571  read(3, "e", 1)                   = 1
2571  read(3, "c", 1)                   = 1
2571  read(3, "r", 1)                   = 1
2571  read(3, "y", 1)                   = 1
2571  read(3, "p", 1)                   = 1
2571  read(3, "t", 1)                   = 1
2571  read(3, "\n", 1)                  = 1
2571  write(6, "30\n", 3)               = 3
2571  write(6, "\trm -f encdrv encrypt decrypt\n", 30) = 30
2571  read(3, "", 1)                    = 0
2571  write(6, "", 0)                   = 0
2571  close(1)                          = 0
2571  dup2(4, 1)                        = 1
2571  close(6)                          = 0
2571  clone(child_stack=NULL, flags=CLONE_CHILD_CLEARTID|CLONE_CHILD_SETTID|SIGCHLD, child_tidptr=0x73e8a8d36a10) = 2572
2571  exit_group(0)                     = ?
2571  +++ exited with 0 +++
2572  set_robust_list(0x73e8a8d36a20, 24) = 0
2572  close(0)                          = 0
2572  dup2(5, 0)                        = 0
2572  execve("./encrypt", ["encrypt"], 0x7ffef2064f68 /* 18 vars */) = 0
2572  brk(NULL)                         = 0x64de66586000
2572  arch_prctl(0x3001 /* ARCH_??? */, 0x7ffe32f4a620) = -1 EINVAL (Invalid argument)
2572  mmap(NULL, 8192, PROT_READ|PROT_WRITE, MAP_PRIVATE|MAP_ANONYMOUS, -1, 0) = 0x77273b176000
2572  access("/etc/ld.so.preload", R_OK) = -1 ENOENT (No such file or directory)
2572  openat(AT_FDCWD, "/etc/ld.so.cache", O_RDONLY|O_CLOEXEC) = 6
2572  newfstatat(6, "", {st_mode=S_IFREG|0644, st_size=29392, ...}, AT_EMPTY_PATH) = 0
2572  mmap(NULL, 29392, PROT_READ, MAP_PRIVATE, 6, 0) = 0x77273b16e000
2572  close(6)                          = 0
2572  openat(AT_FDCWD, "/lib/x86_64-linux-gnu/libc.so.6", O_RDONLY|O_CLOEXEC) = 6
2572  read(6, "\177ELF\2\1\1\3\0\0\0\0\0\0\0\0\3\0>\0\1\0\0\0P\237\2\0\0\0\0\0"..., 832) = 832
2572  pread64(6, "\6\0\0\0\4\0\0\0@\0\0\0\0\0\0\0@\0\0\0\0\0\0\0@\0\0\0\0\0\0\0"..., 784, 64) = 784
2572  pread64(6, "\4\0\0\0 \0\0\0\5\0\0\0GNU\0\2\0\0\300\4\0\0\0\3\0\0\0\0\0\0\0"..., 48, 848) = 48
2572  pread64(6, "\4\0\0\0\24\0\0\0\3\0\0\0GNU\0\325\31p\226\367\t\200\30)\261\30\257\33|\366c"..., 68, 896) = 68
2572  newfstatat(6, "", {st_mode=S_IFREG|0755, st_size=2220400, ...}, AT_EMPTY_PATH) = 0
2572  pread64(6, "\6\0\0\0\4\0\0\0@\0\0\0\0\0\0\0@\0\0\0\0\0\0\0@\0\0\0\0\0\0\0"..., 784, 64) = 784
2572  mmap(NULL, 2264656, PROT_READ, MAP_PRIVATE|MAP_DENYWRITE, 6, 0) = 0x77273af45000
2572  mprotect(0x77273af6d000, 2023424, PROT_NONE) = 0
2572  mmap(0x77273af6d000, 1658880, PROT_READ|PROT_EXEC, MAP_PRIVATE|MAP_FIXED|MAP_DENYWRITE, 6, 0x28000) = 0x77273af6d000
2572  mmap(0x77273b102000, 360448, PROT_READ, MAP_PRIVATE|MAP_FIXED|MAP_DENYWRITE, 6, 0x1bd000) = 0x77273b102000
2572  mmap(0x77273b15b000, 24576, PROT_READ|PROT_WRITE, MAP_PRIVATE|MAP_FIXED|MAP_DENYWRITE, 6, 0x215000) = 0x77273b15b000
2572  mmap(0x77273b161000, 52816, PROT_READ|PROT_WRITE, MAP_PRIVATE|MAP_FIXED|MAP_ANONYMOUS, -1, 0) = 0x77273b161000
2572  close(6)                          = 0
2572  mmap(NULL, 12288, PROT_READ|PROT_WRITE, MAP_PRIVATE|MAP_ANONYMOUS, -1, 0) = 0x77273af42000
2572  arch_prctl(ARCH_SET_FS, 0x77273af42740) = 0
2572  set_tid_address(0x77273af42a10)   = 2572
2572  set_robust_list(0x77273af42a20, 24) = 0
2572  rseq(0x77273af430e0, 0x20, 0, 0x53053053) = 0
2572  mprotect(0x77273b15b000, 16384, PROT_READ) = 0
2572  mprotect(0x64de650a5000, 4096, PROT_READ) = 0
2572  mprotect(0x77273b1b0000, 8192, PROT_READ) = 0
2572  prlimit64(0, RLIMIT_STACK, NULL, {rlim_cur=8192*1024, rlim_max=RLIM64_INFINITY}) = 0
2572  munmap(0x77273b16e000, 29392)     = 0
2572  newfstatat(0, "", {st_mode=S_IFIFO|0600, st_size=0, ...}, AT_EMPTY_PATH) = 0
2572  getrandom("\x09\xaf\x10\xa3\x85\x19\xa5\xd0", 8, GRND_NONBLOCK) = 8
2572  brk(NULL)                         = 0x64de66586000
2572  brk(0x64de665a7000)               = 0x64de665a7000
2572  read(0, "28\nall: encdrv encrypt decrypt\n1"..., 4096) = 228
2572  newfstatat(1, "", {st_mode=S_IFREG|S_ISVTX|0404, st_size=0, ...}, AT_EMPTY_PATH) = 0
2572  write(1, "28\n}pp&<yr\177xnj<yr\177nelh<xy\177nelh\26", 31) = 31
2572  write(1, "1\n\v", 3)              = 3
2572  write(1, "18\nw|q`kbf(w|q`kbf<q\30", 21) = 21
2572  write(1, "26\n\23}yy:\177tyhcjn4y:7u:\177tyhcjn\20", 29) = 29
2572  write(1, "1\n\v", 3)              = 3
2572  write(1, "18\nvwq`kbf(vwq`kbf<q\30", 21) = 21
2572  write(1, "26\n\23}yy:~\177yhcjn4y:7u:~\177yhcjn\20", 29) = 29
2572  write(1, "1\n\v", 3)              = 3
2572  write(1, "16\nu~stbf*u~stbf>s\32", 19) = 19
2572  write(1, "24\n\21\177{{8}v{|jn6{85w8}v{|jn\22", 27) = 27
2572  write(1, "7\ndkbfi=\r", 9)        = 9
2572  write(1, "30\n\27ls>3x>{p}zlh>{p}lgnj>z{}lgnj"..., 33) = 33
2572  read(0, "", 4096)                 = 0
2572  exit_group(0)                     = ?
2572  +++ exited with 0 +++
