2593  execve("./encdrv", ["./encdrv", "testcases/testcase.3", "output/output.3"], 0x7ffff9289bd8 /* 18 vars */) = 0
2593  brk(NULL)                         = 0x5ca21f57e000
2593  arch_prctl(0x3001 /* ARCH_??? */, 0x7ffc218e9b20) = -1 EINVAL (Invalid argument)
2593  mmap(NULL, 8192, PROT_READ|PROT_WRITE, MAP_PRIVATE|MAP_ANONYMOUS, -1, 0) = 0x77b9b4402000
2593  access("/etc/ld.so.preload", R_OK) = -1 ENOENT (No such file or directory)
2593  openat(AT_FDCWD, "/etc/ld.so.cache", O_RDONLY|O_CLOEXEC) = 3
2593  newfstatat(3, "", {st_mode=S_IFREG|0644, st_size=29392, ...}, AT_EMPTY_PATH) = 0
2593  mmap(NULL, 29392, PROT_READ, MAP_PRIVATE, 3, 0) = 0x77b9b43fa000
2593  close(3)                          = 0
2593  openat(AT_FDCWD, "/lib/x86_64-linux-gnu/libc.so.6", O_RDONLY|O_CLOEXEC) = 3
2593  read(3, "\177ELF\2\1\1\3\0\0\0\0\0\0\0\0\3\0>\0\1\0\0\0P\237\2\0\0\0\0\0"..., 832) = 832
2593  pread64(3, "\6\0\0\0\4\0\0\0@\0\0\0\0\0\0\0@\0\0\0\0\0\0\0@\0\0\0\0\0\0\0"..., 784, 64) = 784
2593  pread64(3, "\4\0\0\0 \0\0\0\5\0\0\0GNU\0\2\0\0\300\4\0\0\0\3\0\0\0\0\0\0\0"..., 48, 848) = 48
2593  pread64(3, "\4\0\0\0\24\0\0\0\3\0\0\0GNU\0\325\31p\226\367\t\200\30)\261\30\257\33|\366c"..., 68, 896) = 68
2593  newfstatat(3, "", {st_mode=S_IFREG|0755, st_size=2220400, ...}, AT_EMPTY_PATH) = 0
2593  pread64(3, "\6\0\0\0\4\0\0\0@\0\0\0\0\0\0\0@\0\0\0\0\0\0\0@\0\0\0\0\0\0\0"..., 784, 64) = 784
2593  mmap(NULL, 2264656, PROT_READ, MAP_PRIVATE|MAP_DENYWRITE, 3, 0) = 0x77b9b41d1000
2593  mprotect(0x77b9b41f9000, 2023424, PROT_NONE) = 0
2593  mmap(0x77b9b41f9000, 1658880, PROT_READ|PROT_EXEC, MAP_PRIVATE|MAP_FIXED|MAP_DENYWRITE, 3, 0x28000) = 0x77b9b41f9000
2593  mmap(0x77b9b438e000, 360448, PROT_READ, MAP_PRIVATE|MAP_FIXED|MAP_DENYWRITE, 3, 0x1bd000) = 0x77b9b438e000
2593  mmap(0x77b9b43e7000, 24576, PROT_READ|PROT_WRITE, MAP_PRIVATE|MAP_FIXED|MAP_DENYWRITE, 3, 0x215000) = 0x77b9b43e7000
2593  mmap(0x77b9b43ed000, 52816, PROT_READ|PROT_WRITE, MAP_PRIVATE|MAP_FIXED|MAP_ANONYMOUS, -1, 0) = 0x77b9b43ed000
2593  close(3)                          = 0
2593  mmap(NULL, 12288, PROT_READ|PROT_WRITE, MAP_PRIVATE|MAP_ANONYMOUS, -1, 0) = 0x77b9b41ce000
2593  arch_prctl(ARCH_SET_FS, 0x77b9b41ce740) = 0
2593  set_tid_address(0x77b9b41cea10)   = 2593
2593  set_robust_list(0x77b9b41cea20, 24) = 0
2593  rseq(0x77b9b41cf0e0, 0x20, 0, 0x53053053) = 0
2593  mprotect(0x77b9b43e7000, 16384, PROT_READ) = 0
2593  mprotect(0x5ca21ea66000, 4096, PROT_READ) = 0
2593  mprotect(0x77b9b443c000, 8192, PROT_READ) = 0
2593  prlimit64(0, RLIMIT_STACK, NULL, {rlim_cur=8192*1024, rlim_max=RLIM64_INFINITY}) = 0
2593  munmap(0x77b9b43fa000, 29392)     = 0
2593  openat(AT_FDCWD, "testcases/testcase.3", O_RDONLY) = 3
2593  openat(AT_FDCWD, "output/output.3", O_WRONLY|O_CREAT, 01406) = 4
2593  pipe2([5, 6], 0)                  = 0
2593  read(3, "#", 1)                   = 1
2593  read(3, "i", 1)                   = 1
2593  read(3, "n", 1)                   = 1
2593  read(3, "c", 1)                   = 1
2593  read(3, "l", 1)                   = 1
2593  read(3, "u", 1)                   = 1
2593  read(3, "d", 1)                   = 1
2593  read(3, "e", 1)                   = 1
2593  read(3, "<", 1)                   = 1
2593  read(3, "s", 1)                   = 1
2593  read(3, "t", 1)                   = 1
2593  read(3, "d", 1)                   = 1
2593  read(3, "i", 1)                   = 1
2593  read(3, "o", 1)                   = 1
2593  read(3, ".", 1)                   = 1
2593  read(3, "h", 1)                   = 1
2593  read(3, ">", 1)                   = 1
2593  read(3, "\n", 1)                  = 1
2593  write(6, "18\n", 3)               = 3
2593  write(6, "#include<stdio.h>\n", 18) = 18
2593  read(3, "#", 1)                   = 1
2593  read(3, "i", 1)                   = 1
2593  read(3, "n", 1)                   = 1
2593  read(3, "c", 1)                   = 1
2593  read(3, "l", 1)                   = 1
2593  read(3, "u", 1)                   = 1
2593  read(3, "d", 1)                   = 1
2593  read(3, "e", 1)                   = 1
2593  read(3, "<", 1)                   = 1
2593  read(3, "s", 1)                   = 1
2593  read(3, "t", 1)                   = 1
2593  read(3, "d", 1)                   = 1
2593  read(3, "l", 1)                   = 1
2593  read(3, "i", 1)                   = 1
2593  read(3, "b", 1)                   = 1
2593  read(3, ".", 1)                   = 1
2593  read(3, "h", 1)                   = 1
2593  read(3, ">", 1)                   = 1
2593  read(3, "\n", 1)                  = 1
2593  write(6, "19\n", 3)               = 3
2593  write(6, "#include<stdlib.h>\n", 19) = 19
2593  read(3, "#", 1)                   = 1
2593  read(3, "i", 1)                   = 1
2593  read(3, "n", 1)                   = 1
2593  read(3, "c", 1)                   = 1
2593  read(3, "l", 1)                   = 1
2593  read(3, "u", 1)                   = 1
2593  read(3, "d", 1)                   = 1
2593  read(3, "e", 1)                   = 1
2593  read(3, "<", 1)                   = 1
2593  read(3, "a", 1)                   = 1
2593  read(3, "s", 1)                   = 1
2593  read(3, "s", 1)                   = 1
2593  read(3, "e", 1)                   = 1
2593  read(3, "r", 1)                   = 1
2593  read(3, "t", 1)                   = 1
2593  read(3, ".", 1)                   = 1
2593  read(3, "h", 1)                   = 1
2593  read(3, ">", 1)                   = 1
2593  read(3, "\n", 1)                  = 1
2593  write(6, "19\n", 3)               = 3
2593  write(6, "#include<assert.h>\n", 19) = 19
2593  read(3, "\n", 1)                  = 1
2593  write(6, "1\n", 2)                = 2
2593  write(6, "\n", 1)                 = 1
2593  read(3, "#", 1)                   = 1
2593  read(3, "d", 1)                   = 1
2593  read(3, "e", 1)                   = 1
2593  read(3, "f", 1)                   = 1
2593  read(3, "i", 1)                   = 1
2593  read(3, "n", 1)                   = 1
2593  read(3, "e", 1)                   = 1
2593  read(3, " ", 1)                   = 1
2593  read(3, "M", 1)                   = 1
2593  read(3, "A", 1)                   = 1
2593  read(3, "X", 1)                   = 1
2593  read(3, "_", 1)                   = 1
2593  read(3, "C", 1)                   = 1
2593  read(3, "H", 1)                   = 1
2593  read(3, "A", 1)                   = 1
2593  read(3, "R", 1)                   = 1
2593  read(3, "S", 1)                   = 1
2593  read(3, "_", 1)                   = 1
2593  read(3, "I", 1)                   = 1
2593  read(3, "N", 1)                   = 1
2593  read(3, "_", 1)                   = 1
2593  read(3, "L", 1)                   = 1
2593  read(3, "I", 1)                   = 1
2593  read(3, "N", 1)                   = 1
2593  read(3, "E", 1)                   = 1
2593  read(3, " ", 1)                   = 1
2593  read(3, "5", 1)                   = 1
2593  read(3, "0", 1)                   = 1
2593  read(3, "0", 1)                   = 1
2593  read(3, "0", 1)                   = 1
2593  read(3, "\n", 1)                  = 1
2593  write(6, "31\n", 3)               = 3
2593  write(6, "#define MAX_CHARS_IN_LINE 5000\n", 31) = 31
2593  read(3, "\n", 1)                  = 1
2593  write(6, "1\n", 2)                = 2
2593  write(6, "\n", 1)                 = 1
2593  read(3, "i", 1)                   = 1
2593  read(3, "n", 1)                   = 1
2593  read(3, "t", 1)                   = 1
2593  read(3, " ", 1)                   = 1
2593  read(3, "g", 1)                   = 1
2593  read(3, "e", 1)                   = 1
2593  read(3, "t", 1)                   = 1
2593  read(3, "_", 1)                   = 1
2593  read(3, "l", 1)                   = 1
2593  read(3, "e", 1)                   = 1
2593  read(3, "n", 1)                   = 1
2593  read(3, "(", 1)                   = 1
2593  read(3, "F", 1)                   = 1
2593  read(3, "I", 1)                   = 1
2593  read(3, "L", 1)                   = 1
2593  read(3, "E", 1)                   = 1
2593  read(3, " ", 1)                   = 1
2593  read(3, "*", 1)                   = 1
2593  read(3, "f", 1)                   = 1
2593  read(3, "p", 1)                   = 1
2593  read(3, "t", 1)                   = 1
2593  read(3, ")", 1)                   = 1
2593  read(3, "\n", 1)                  = 1
2593  write(6, "23\n", 3)               = 3
2593  write(6, "int get_len(FILE *fpt)\n", 23) = 23
2593  read(3, "{", 1)                   = 1
2593  read(3, "\n", 1)                  = 1
2593  write(6, "2\n", 2)                = 2
2593  write(6, "{\n", 2)                = 2
2593  read(3, " ", 1)                   = 1
2593  read(3, " ", 1)                   = 1
2593  read(3, " ", 1)                   = 1
2593  read(3, "c", 1)                   = 1
2593  read(3, "h", 1)                   = 1
2593  read(3, "a", 1)                   = 1
2593  read(3, "r", 1)                   = 1
2593  read(3, " ", 1)                   = 1
2593  read(3, "b", 1)                   = 1
2593  read(3, "u", 1)                   = 1
2593  read(3, "f", 1)                   = 1
2593  read(3, "[", 1)                   = 1
2593  read(3, "3", 1)                   = 1
2593  read(3, "2", 1)                   = 1
2593  read(3, "]", 1)                   = 1
2593  read(3, ";", 1)                   = 1
2593  read(3, "\n", 1)                  = 1
2593  write(6, "17\n", 3)               = 3
2593  write(6, "   char buf[32];\n", 17) = 17
2593  read(3, " ", 1)                   = 1
2593  read(3, " ", 1)                   = 1
2593  read(3, " ", 1)                   = 1
2593  read(3, "i", 1)                   = 1
2593  read(3, "n", 1)                   = 1
2593  read(3, "t", 1)                   = 1
2593  read(3, " ", 1)                   = 1
2593  read(3, "c", 1)                   = 1
2593  read(3, "t", 1)                   = 1
2593  read(3, "r", 1)                   = 1
2593  read(3, " ", 1)                   = 1
2593  read(3, "=", 1)                   = 1
2593  read(3, " ", 1)                   = 1
2593  read(3, "0", 1)                   = 1
2593  read(3, ";", 1)                   = 1
2593  read(3, " ", 1)                   = 1
2593  read(3, " ", 1)                   = 1
2593  read(3, " ", 1)                   = 1
2593  read(3, "\n", 1)                  = 1
2593  write(6, "19\n", 3)               = 3
2593  write(6, "   int ctr = 0;   \n", 19) = 19
2593  read(3, " ", 1)                   = 1
2593  read(3, " ", 1)                   = 1
2593  read(3, " ", 1)                   = 1
2593  read(3, "w", 1)                   = 1
2593  read(3, "h", 1)                   = 1
2593  read(3, "i", 1)                   = 1
2593  read(3, "l", 1)                   = 1
2593  read(3, "e", 1)                   = 1
2593  read(3, "(", 1)                   = 1
2593  read(3, "!", 1)                   = 1
2593  read(3, "f", 1)                   = 1
2593  read(3, "e", 1)                   = 1
2593  read(3, "o", 1)                   = 1
2593  read(3, "f", 1)                   = 1
2593  read(3, "(", 1)                   = 1
2593  read(3, "f", 1)                   = 1
2593  read(3, "p", 1)                   = 1
2593  read(3, "t", 1)                   = 1
2593  read(3, ")", 1)                   = 1
2593  read(3, ")", 1)                   = 1
2593  read(3, "{", 1)                   = 1
2593  read(3, "\n", 1)                  = 1
2593  write(6, "22\n", 3)               = 3
2593  write(6, "   while(!feof(fpt)){\n", 22) = 22
2593  read(3, "\t", 1)                  = 1
2593  read(3, " ", 1)                   = 1
2593  read(3, " ", 1)                   = 1
2593  read(3, " ", 1)                   = 1
2593  read(3, "i", 1)                   = 1
2593  read(3, "n", 1)                   = 1
2593  read(3, "t", 1)                   = 1
2593  read(3, " ", 1)                   = 1
2593  read(3, "c", 1)                   = 1
2593  read(3, "h", 1)                   = 1
2593  read(3, " ", 1)                   = 1
2593  read(3, "=", 1)                   = 1
2593  read(3, " ", 1)                   = 1
2593  read(3, "f", 1)                   = 1
2593  read(3, "g", 1)                   = 1
2593  read(3, "e", 1)                   = 1
2593  read(3, "t", 1)                   = 1
2593  read(3, "c", 1)                   = 1
2593  read(3, "(", 1)                   = 1
2593  read(3, "f", 1)                   = 1
2593  read(3, "p", 1)                   = 1
2593  read(3, "t", 1)                   = 1
2593  read(3, ")", 1)                   = 1
2593  read(3, ";", 1)                   = 1
2593  read(3, "\n", 1)                  = 1
2593  write(6, "25\n", 3)               = 3
2593  write(6, "\t   int ch = fgetc(fpt);\n", 25) = 25
2593  read(3, "\t", 1)                  = 1
2593  read(3, " ", 1)                   = 1
2593  read(3, " ", 1)                   = 1
2593  read(3, " ", 1)                   = 1
2593  read(3, "i", 1)                   = 1
2593  read(3, "f", 1)                   = 1
2593  read(3, "(", 1)                   = 1
2593  read(3, "f", 1)                   = 1
2593  read(3, "e", 1)                   = 1
2593  read(3, "o", 1)                   = 1
2593  read(3, "f", 1)                   = 1
2593  read(3, "(", 1)                   = 1
2593  read(3, "f", 1)                   = 1
2593  read(3, "p", 1)                   = 1
2593  read(3, "t", 1)                   = 1
2593  read(3, ")", 1)                   = 1
2593  read(3, ")", 1)                   = 1
2593  read(3, "\n", 1)                  = 1
2593  write(6, "18\n", 3)               = 3
2593  write(6, "\t   if(feof(fpt))\n", 18) = 18
2593  read(3, "\t", 1)                  = 1
2593  read(3, "\t", 1)                  = 1
2593  read(3, " ", 1)                   = 1
2593  read(3, "e", 1)                   = 1
2593  read(3, "x", 1)                   = 1
2593  read(3, "i", 1)                   = 1
2593  read(3, "t", 1)                   = 1
2593  read(3, "(", 1)                   = 1
2593  read(3, "0", 1)                   = 1
2593  read(3, ")", 1)                   = 1
2593  read(3, ";", 1)                   = 1
2593  read(3, "\n", 1)                  = 1
2593  write(6, "12\n", 3)               = 3
2593  write(6, "\t\t exit(0);\n", 12)   = 12
2593  read(3, "\t", 1)                  = 1
2593  read(3, " ", 1)                   = 1
2593  read(3, " ", 1)                   = 1
2593  read(3, " ", 1)                   = 1
2593  read(3, "i", 1)                   = 1
2593  read(3, "f", 1)                   = 1
2593  read(3, "(", 1)                   = 1
2593  read(3, "c", 1)                   = 1
2593  read(3, "h", 1)                   = 1
2593  read(3, " ", 1)                   = 1
2593  read(3, "=", 1)                   = 1
2593  read(3, "=", 1)                   = 1
2593  read(3, " ", 1)                   = 1
2593  read(3, "'", 1)                   = 1
2593  read(3, "\\", 1)                  = 1
2593  read(3, "n", 1)                   = 1
2593  read(3, "'", 1)                   = 1
2593  read(3, ")", 1)                   = 1
2593  read(3, "{", 1)                   = 1
2593  read(3, "\n", 1)                  = 1
2593  write(6, "20\n", 3)               = 3
2593  write(6, "\t   if(ch == '\\n'){\n", 20) = 20
2593  read(3, "\t", 1)                  = 1
2593  read(3, "\t", 1)                  = 1
2593  read(3, "b", 1)                   = 1
2593  read(3, "u", 1)                   = 1
2593  read(3, "f", 1)                   = 1
2593  read(3, "[", 1)                   = 1
2593  read(3, "c", 1)                   = 1
2593  read(3, "t", 1)                   = 1
2593  read(3, "r", 1)                   = 1
2593  read(3, "]", 1)                   = 1
2593  read(3, " ", 1)                   = 1
2593  read(3, "=", 1)                   = 1
2593  read(3, " ", 1)                   = 1
2593  read(3, "0", 1)                   = 1
2593  read(3, ";", 1)                   = 1
2593  read(3, "\n", 1)                  = 1
2593  write(6, "16\n", 3)               = 3
2593  write(6, "\t\tbuf[ctr] = 0;\n", 16) = 16
2593  read(3, "\t", 1)                  = 1
2593  read(3, "\t", 1)                  = 1
2593  read(3, "r", 1)                   = 1
2593  read(3, "e", 1)                   = 1
2593  read(3, "t", 1)                   = 1
2593  read(3, "u", 1)                   = 1
2593  read(3, "r", 1)                   = 1
2593  read(3, "n", 1)                   = 1
2593  read(3, " ", 1)                   = 1
2593  read(3, "a", 1)                   = 1
2593  read(3, "t", 1)                   = 1
2593  read(3, "o", 1)                   = 1
2593  read(3, "i", 1)                   = 1
2593  read(3, "(", 1)                   = 1
2593  read(3, "b", 1)                   = 1
2593  read(3, "u", 1)                   = 1
2593  read(3, "f", 1)                   = 1
2593  read(3, ")", 1)                   = 1
2593  read(3, ";", 1)                   = 1
2593  read(3, "\n", 1)                  = 1
2593  write(6, "20\n", 3)               = 3
2593  write(6, "\t\treturn atoi(buf);\n", 20) = 20
2593  read(3, "\t", 1)                  = 1
2593  read(3, " ", 1)                   = 1
2593  read(3, " ", 1)                   = 1
2593  read(3, " ", 1)                   = 1
2593  read(3, "}", 1)                   = 1
2593  read(3, "\n", 1)                  = 1
2593  write(6, "6\n", 2)                = 2
2593  write(6, "\t   }\n", 6)           = 6
2593  read(3, "\t", 1)                  = 1
2593  read(3, " ", 1)                   = 1
2593  read(3, " ", 1)                   = 1
2593  read(3, " ", 1)                   = 1
2593  read(3, "b", 1)                   = 1
2593  read(3, "u", 1)                   = 1
2593  read(3, "f", 1)                   = 1
2593  read(3, "[", 1)                   = 1
2593  read(3, "c", 1)                   = 1
2593  read(3, "t", 1)                   = 1
2593  read(3, "r", 1)                   = 1
2593  read(3, "]", 1)                   = 1
2593  read(3, " ", 1)                   = 1
2593  read(3, "=", 1)                   = 1
2593  read(3, " ", 1)                   = 1
2593  read(3, "c", 1)                   = 1
2593  read(3, "h", 1)                   = 1
2593  read(3, ";", 1)                   = 1
2593  read(3, "\n", 1)                  = 1
2593  write(6, "19\n", 3)               = 3
2593  write(6, "\t   buf[ctr] = ch;\n", 19) = 19
2593  read(3, "\t", 1)                  = 1
2593  read(3, " ", 1)                   = 1
2593  read(3, " ", 1)                   = 1
2593  read(3, " ", 1)                   = 1
2593  read(3, "+", 1)                   = 1
2593  read(3, "+", 1)                   = 1
2593  read(3, "c", 1)                   = 1
2593  read(3, "t", 1)                   = 1
2593  read(3, "r", 1)                   = 1
2593  read(3, ";", 1)                   = 1
2593  read(3, "\n", 1)                  = 1
2593  write(6, "11\n", 3)               = 3
2593  write(6, "\t   ++ctr;\n", 11)     = 11
2593  read(3, "\t", 1)                  = 1
2593  read(3, " ", 1)                   = 1
2593  read(3, " ", 1)                   = 1
2593  read(3, " ", 1)                   = 1
2593  read(3, "i", 1)                   = 1
2593  read(3, "f", 1)                   = 1
2593  read(3, "(", 1)                   = 1
2593  read(3, "c", 1)                   = 1
2593  read(3, "t", 1)                   = 1
2593  read(3, "r", 1)                   = 1
2593  read(3, " ", 1)                   = 1
2593  read(3, ">", 1)                   = 1
2593  read(3, "=", 1)                   = 1
2593  read(3, " ", 1)                   = 1
2593  read(3, "1", 1)                   = 1
2593  read(3, "0", 1)                   = 1
2593  read(3, ")", 1)                   = 1
2593  read(3, "\n", 1)                  = 1
2593  write(6, "18\n", 3)               = 3
2593  write(6, "\t   if(ctr >= 10)\n", 18) = 18
2593  read(3, "\t", 1)                  = 1
2593  read(3, "\t", 1)                  = 1
2593  read(3, " ", 1)                   = 1
2593  read(3, " ", 1)                   = 1
2593  read(3, " ", 1)                   = 1
2593  read(3, "r", 1)                   = 1
2593  read(3, "e", 1)                   = 1
2593  read(3, "t", 1)                   = 1
2593  read(3, "u", 1)                   = 1
2593  read(3, "r", 1)                   = 1
2593  read(3, "n", 1)                   = 1
2593  read(3, " ", 1)                   = 1
2593  read(3, "-", 1)                   = 1
2593  read(3, "1", 1)                   = 1
2593  read(3, ";", 1)                   = 1
2593  read(3, "\n", 1)                  = 1
2593  write(6, "16\n", 3)               = 3
2593  write(6, "\t\t   return -1;\n", 16) = 16
2593  read(3, " ", 1)                   = 1
2593  read(3, " ", 1)                   = 1
2593  read(3, " ", 1)                   = 1
2593  read(3, "}", 1)                   = 1
2593  read(3, "\t", 1)                  = 1
2593  read(3, " ", 1)                   = 1
2593  read(3, " ", 1)                   = 1
2593  read(3, " ", 1)                   = 1
2593  read(3, "\n", 1)                  = 1
2593  write(6, "9\n", 2)                = 2
2593  write(6, "   }\t   \n", 9)        = 9
2593  read(3, " ", 1)                   = 1
2593  read(3, " ", 1)                   = 1
2593  read(3, " ", 1)                   = 1
2593  read(3, "i", 1)                   = 1
2593  read(3, "f", 1)                   = 1
2593  read(3, "(", 1)                   = 1
2593  read(3, "f", 1)                   = 1
2593  read(3, "e", 1)                   = 1
2593  read(3, "o", 1)                   = 1
2593  read(3, "f", 1)                   = 1
2593  read(3, "(", 1)                   = 1
2593  read(3, "f", 1)                   = 1
2593  read(3, "p", 1)                   = 1
2593  read(3, "t", 1)                   = 1
2593  read(3, ")", 1)                   = 1
2593  read(3, ")", 1)                   = 1
2593  read(3, "\n", 1)                  = 1
2593  write(6, "17\n", 3)               = 3
2593  write(6, "   if(feof(fpt))\n", 17) = 17
2593  read(3, "\t", 1)                  = 1
2593  read(3, " ", 1)                   = 1
2593  read(3, " ", 1)                   = 1
2593  read(3, " ", 1)                   = 1
2593  read(3, "e", 1)                   = 1
2593  read(3, "x", 1)                   = 1
2593  read(3, "i", 1)                   = 1
2593  read(3, "t", 1)                   = 1
2593  read(3, "(", 1)                   = 1
2593  read(3, "0", 1)                   = 1
2593  read(3, ")", 1)                   = 1
2593  read(3, ";", 1)                   = 1
2593  read(3, "\n", 1)                  = 1
2593  write(6, "13\n", 3)               = 3
2593  write(6, "\t   exit(0);\n", 13)   = 13
2593  read(3, " ", 1)                   = 1
2593  read(3, " ", 1)                   = 1
2593  read(3, " ", 1)                   = 1
2593  read(3, "r", 1)                   = 1
2593  read(3, "e", 1)                   = 1
2593  read(3, "t", 1)                   = 1
2593  read(3, "u", 1)                   = 1
2593  read(3, "r", 1)                   = 1
2593  read(3, "n", 1)                   = 1
2593  read(3, " ", 1)                   = 1
2593  read(3, "a", 1)                   = 1
2593  read(3, "t", 1)                   = 1
2593  read(3, "o", 1)                   = 1
2593  read(3, "i", 1)                   = 1
2593  read(3, "(", 1)                   = 1
2593  read(3, "b", 1)                   = 1
2593  read(3, "u", 1)                   = 1
2593  read(3, "f", 1)                   = 1
2593  read(3, ")", 1)                   = 1
2593  read(3, ";", 1)                   = 1
2593  read(3, "\n", 1)                  = 1
2593  write(6, "21\n", 3)               = 3
2593  write(6, "   return atoi(buf);\n", 21) = 21
2593  read(3, "}", 1)                   = 1
2593  read(3, "\n", 1)                  = 1
2593  write(6, "2\n", 2)                = 2
2593  write(6, "}\n", 2)                = 2
2593  read(3, "i", 1)                   = 1
2593  read(3, "n", 1)                   = 1
2593  read(3, "t", 1)                   = 1
2593  read(3, " ", 1)                   = 1
2593  read(3, "m", 1)                   = 1
2593  read(3, "a", 1)                   = 1
2593  read(3, "i", 1)                   = 1
2593  read(3, "n", 1)                   = 1
2593  read(3, "(", 1)                   = 1
2593  read(3, "v", 1)                   = 1
2593  read(3, "o", 1)                   = 1
2593  read(3, "i", 1)                   = 1
2593  read(3, "d", 1)                   = 1
2593  read(3, ")", 1)                   = 1
2593  read(3, "\n", 1)                  = 1
2593  write(6, "15\n", 3)               = 3
2593  write(6, "int main(void)\n", 15)  = 15
2593  read(3, "{", 1)                   = 1
2593  read(3, "\n", 1)                  = 1
2593  write(6, "2\n", 2)                = 2
2593  write(6, "{\n", 2)                = 2
2593  read(3, " ", 1)                   = 1
2593  read(3, " ", 1)                   = 1
2593  read(3, " ", 1)                   = 1
2593  read(3, "i", 1)                   = 1
2593  read(3, "n", 1)                   = 1
2593  read(3, "t", 1)                   = 1
2593  read(3, " ", 1)                   = 1
2593  read(3, "n", 1)                   = 1
2593  read(3, "u", 1)                   = 1
2593  read(3, "m", 1)                   = 1
2593  read(3, "_", 1)                   = 1
2593  read(3, "c", 1)                   = 1
2593  read(3, "h", 1)                   = 1
2593  read(3, "a", 1)                   = 1
2593  read(3, "r", 1)                   = 1
2593  read(3, "s", 1)                   = 1
2593  read(3, ";", 1)                   = 1
2593  read(3, "\n", 1)                  = 1
2593  write(6, "18\n", 3)               = 3
2593  write(6, "   int num_chars;\n", 18) = 18
2593  read(3, " ", 1)                   = 1
2593  read(3, " ", 1)                   = 1
2593  read(3, " ", 1)                   = 1
2593  read(3, "c", 1)                   = 1
2593  read(3, "h", 1)                   = 1
2593  read(3, "a", 1)                   = 1
2593  read(3, "r", 1)                   = 1
2593  read(3, " ", 1)                   = 1
2593  read(3, "l", 1)                   = 1
2593  read(3, "i", 1)                   = 1
2593  read(3, "n", 1)                   = 1
2593  read(3, "e", 1)                   = 1
2593  read(3, "[", 1)                   = 1
2593  read(3, "M", 1)                   = 1
2593  read(3, "A", 1)                   = 1
2593  read(3, "X", 1)                   = 1
2593  read(3, "_", 1)                   = 1
2593  read(3, "C", 1)                   = 1
2593  read(3, "H", 1)                   = 1
2593  read(3, "A", 1)                   = 1
2593  read(3, "R", 1)                   = 1
2593  read(3, "S", 1)                   = 1
2593  read(3, "_", 1)                   = 1
2593  read(3, "I", 1)                   = 1
2593  read(3, "N", 1)                   = 1
2593  read(3, "_", 1)                   = 1
2593  read(3, "L", 1)                   = 1
2593  read(3, "I", 1)                   = 1
2593  read(3, "N", 1)                   = 1
2593  read(3, "E", 1)                   = 1
2593  read(3, "]", 1)                   = 1
2593  read(3, ";", 1)                   = 1
2593  read(3, "\n", 1)                  = 1
2593  write(6, "33\n", 3)               = 3
2593  write(6, "   char line[MAX_CHARS_IN_LINE];"..., 33) = 33
2593  read(3, "\n", 1)                  = 1
2593  write(6, "1\n", 2)                = 2
2593  write(6, "\n", 1)                 = 1
2593  read(3, " ", 1)                   = 1
2593  read(3, " ", 1)                   = 1
2593  read(3, " ", 1)                   = 1
2593  read(3, "w", 1)                   = 1
2593  read(3, "h", 1)                   = 1
2593  read(3, "i", 1)                   = 1
2593  read(3, "l", 1)                   = 1
2593  read(3, "e", 1)                   = 1
2593  read(3, "(", 1)                   = 1
2593  read(3, "1", 1)                   = 1
2593  read(3, ")", 1)                   = 1
2593  read(3, "{", 1)                   = 1
2593  read(3, "\n", 1)                  = 1
2593  write(6, "13\n", 3)               = 3
2593  write(6, "   while(1){\n", 13)    = 13
2593  read(3, " ", 1)                   = 1
2593  read(3, " ", 1)                   = 1
2593  read(3, " ", 1)                   = 1
2593  read(3, " ", 1)                   = 1
2593  read(3, " ", 1)                   = 1
2593  read(3, " ", 1)                   = 1
2593  read(3, " ", 1)                   = 1
2593  read(3, "n", 1)                   = 1
2593  read(3, "u", 1)                   = 1
2593  read(3, "m", 1)                   = 1
2593  read(3, "_", 1)                   = 1
2593  read(3, "c", 1)                   = 1
2593  read(3, "h", 1)                   = 1
2593  read(3, "a", 1)                   = 1
2593  read(3, "r", 1)                   = 1
2593  read(3, "s", 1)                   = 1
2593  read(3, " ", 1)                   = 1
2593  read(3, "=", 1)                   = 1
2593  read(3, " ", 1)                   = 1
2593  read(3, "g", 1)                   = 1
2593  read(3, "e", 1)                   = 1
2593  read(3, "t", 1)                   = 1
2593  read(3, "_", 1)                   = 1
2593  read(3, "l", 1)                   = 1
2593  read(3, "e", 1)                   = 1
2593  read(3, "n", 1)                   = 1
2593  read(3, "(", 1)                   = 1
2593  read(3, "s", 1)                   = 1
2593  read(3, "t", 1)                   = 1
2593  read(3, "d", 1)                   = 1
2593  read(3, "i", 1)                   = 1
2593  read(3, "n", 1)                   = 1
2593  read(3, ")", 1)                   = 1
2593  read(3, ";", 1)                   = 1
2593  read(3, "\n", 1)                  = 1
2593  write(6, "35\n", 3)               = 3
2593  write(6, "       num_chars = get_len(stdin"..., 35) = 35
2593  read(3, " ", 1)                   = 1
2593  read(3, " ", 1)                   = 1
2593  read(3, " ", 1)                   = 1
2593  read(3, " ", 1)                   = 1
2593  read(3, " ", 1)                   = 1
2593  read(3, " ", 1)                   = 1
2593  read(3, " ", 1)                   = 1
2593  read(3, "i", 1)                   = 1
2593  read(3, "f", 1)                   = 1
2593  read(3, "(", 1)                   = 1
2593  read(3, "n", 1)                   = 1
2593  read(3, "u", 1)                   = 1
2593  read(3, "m", 1)                   = 1
2593  read(3, "_", 1)                   = 1
2593  read(3, "c", 1)                   = 1
2593  read(3, "h", 1)                   = 1
2593  read(3, "a", 1)                   = 1
2593  read(3, "r", 1)                   = 1
2593  read(3, "s", 1)                   = 1
2593  read(3, " ", 1)                   = 1
2593  read(3, "<", 1)                   = 1
2593  read(3, " ", 1)                   = 1
2593  read(3, "0", 1)                   = 1
2593  read(3, " ", 1)                   = 1
2593  read(3, "|", 1)                   = 1
2593  read(3, "|", 1)                   = 1
2593  read(3, " ", 1)                   = 1
2593  read(3, "n", 1)                   = 1
2593  read(3, "u", 1)                   = 1
2593  read(3, "m", 1)                   = 1
2593  read(3, "_", 1)                   = 1
2593  read(3, "c", 1)                   = 1
2593  read(3, "h", 1)                   = 1
2593  read(3, "a", 1)                   = 1
2593  read(3, "r", 1)                   = 1
2593  read(3, "s", 1)                   = 1
2593  read(3, " ", 1)                   = 1
2593  read(3, ">", 1)                   = 1
2593  read(3, " ", 1)                   = 1
2593  read(3, "M", 1)                   = 1
2593  read(3, "A", 1)                   = 1
2593  read(3, "X", 1)                   = 1
2593  read(3, "_", 1)                   = 1
2593  read(3, "C", 1)                   = 1
2593  read(3, "H", 1)                   = 1
2593  read(3, "A", 1)                   = 1
2593  read(3, "R", 1)                   = 1
2593  read(3, "S", 1)                   = 1
2593  read(3, "_", 1)                   = 1
2593  read(3, "I", 1)                   = 1
2593  read(3, "N", 1)                   = 1
2593  read(3, "_", 1)                   = 1
2593  read(3, "L", 1)                   = 1
2593  read(3, "I", 1)                   = 1
2593  read(3, "N", 1)                   = 1
2593  read(3, "E", 1)                   = 1
2593  read(3, ")", 1)                   = 1
2593  read(3, "\n", 1)                  = 1
2593  write(6, "58\n", 3)               = 3
2593  write(6, "       if(num_chars < 0 || num_c"..., 58) = 58
2593  read(3, "\t", 1)                  = 1
2593  read(3, " ", 1)                   = 1
2593  read(3, " ", 1)                   = 1
2593  read(3, " ", 1)                   = 1
2593  read(3, " ", 1)                   = 1
2593  read(3, " ", 1)                   = 1
2593  read(3, " ", 1)                   = 1
2593  read(3, "r", 1)                   = 1
2593  read(3, "e", 1)                   = 1
2593  read(3, "t", 1)                   = 1
2593  read(3, "u", 1)                   = 1
2593  read(3, "r", 1)                   = 1
2593  read(3, "n", 1)                   = 1
2593  read(3, " ", 1)                   = 1
2593  read(3, "-", 1)                   = 1
2593  read(3, "1", 1)                   = 1
2593  read(3, ";", 1)                   = 1
2593  read(3, "\n", 1)                  = 1
2593  write(6, "18\n", 3)               = 3
2593  write(6, "\t      return -1;\n", 18) = 18
2593  read(3, " ", 1)                   = 1
2593  read(3, " ", 1)                   = 1
2593  read(3, " ", 1)                   = 1
2593  read(3, " ", 1)                   = 1
2593  read(3, " ", 1)                   = 1
2593  read(3, " ", 1)                   = 1
2593  read(3, " ", 1)                   = 1
2593  read(3, "/", 1)                   = 1
2593  read(3, "/", 1)                   = 1
2593  read(3, "f", 1)                   = 1
2593  read(3, "p", 1)                   = 1
2593  read(3, "r", 1)                   = 1
2593  read(3, "i", 1)                   = 1
2593  read(3, "n", 1)                   = 1
2593  read(3, "t", 1)                   = 1
2593  read(3, "f", 1)                   = 1
2593  read(3, "(", 1)                   = 1
2593  read(3, "s", 1)                   = 1
2593  read(3, "t", 1)                   = 1
2593  read(3, "d", 1)                   = 1
2593  read(3, "e", 1)                   = 1
2593  read(3, "r", 1)                   = 1
2593  read(3, "r", 1)                   = 1
2593  read(3, ",", 1)                   = 1
2593  read(3, " ", 1)                   = 1
2593  read(3, "\"", 1)                  = 1
2593  read(3, "n", 1)                   = 1
2593  read(3, "u", 1)                   = 1
2593  read(3, "m", 1)                   = 1
2593  read(3, " ", 1)                   = 1
2593  read(3, "c", 1)                   = 1
2593  read(3, "h", 1)                   = 1
2593  read(3, "a", 1)                   = 1
2593  read(3, "r", 1)                   = 1
2593  read(3, "s", 1)                   = 1
2593  read(3, " ", 1)                   = 1
2593  read(3, "%", 1)                   = 1
2593  read(3, "d", 1)                   = 1
2593  read(3, "\\", 1)                  = 1
2593  read(3, "n", 1)                   = 1
2593  read(3, "\"", 1)                  = 1
2593  read(3, ",", 1)                   = 1
2593  read(3, " ", 1)                   = 1
2593  read(3, "n", 1)                   = 1
2593  read(3, "u", 1)                   = 1
2593  read(3, "m", 1)                   = 1
2593  read(3, "_", 1)                   = 1
2593  read(3, "c", 1)                   = 1
2593  read(3, "h", 1)                   = 1
2593  read(3, "a", 1)                   = 1
2593  read(3, "r", 1)                   = 1
2593  read(3, "s", 1)                   = 1
2593  read(3, ")", 1)                   = 1
2593  read(3, ";", 1)                   = 1
2593  read(3, "\n", 1)                  = 1
2593  write(6, "55\n", 3)               = 3
2593  write(6, "       //fprintf(stderr, \"num ch"..., 55) = 55
2593  read(3, " ", 1)                   = 1
2593  read(3, " ", 1)                   = 1
2593  read(3, " ", 1)                   = 1
2593  read(3, " ", 1)                   = 1
2593  read(3, " ", 1)                   = 1
2593  read(3, " ", 1)                   = 1
2593  read(3, " ", 1)                   = 1
2593  read(3, "p", 1)                   = 1
2593  read(3, "r", 1)                   = 1
2593  read(3, "i", 1)                   = 1
2593  read(3, "n", 1)                   = 1
2593  read(3, "t", 1)                   = 1
2593  read(3, "f", 1)                   = 1
2593  read(3, "(", 1)                   = 1
2593  read(3, "\"", 1)                  = 1
2593  read(3, "%", 1)                   = 1
2593  read(3, "d", 1)                   = 1
2593  read(3, "\\", 1)                  = 1
2593  read(3, "n", 1)                   = 1
2593  read(3, "\"", 1)                  = 1
2593  read(3, ",", 1)                   = 1
2593  read(3, " ", 1)                   = 1
2593  read(3, "n", 1)                   = 1
2593  read(3, "u", 1)                   = 1
2593  read(3, "m", 1)                   = 1
2593  read(3, "_", 1)                   = 1
2593  read(3, "c", 1)                   = 1
2593  read(3, "h", 1)                   = 1
2593  read(3, "a", 1)                   = 1
2593  read(3, "r", 1)                   = 1
2593  read(3, "s", 1)                   = 1
2593  read(3, ")", 1)                   = 1
2593  read(3, ";", 1)                   = 1
2593  read(3, "\n", 1)                  = 1
2593  write(6, "34\n", 3)               = 3
2593  write(6, "       printf(\"%d\\n\", num_chars)"..., 34) = 34
2593  read(3, "\n", 1)                  = 1
2593  write(6, "1\n", 2)                = 2
2593  write(6, "\n", 1)                 = 1
2593  read(3, " ", 1)                   = 1
2593  read(3, " ", 1)                   = 1
2593  read(3, " ", 1)                   = 1
2593  read(3, " ", 1)                   = 1
2593  read(3, " ", 1)                   = 1
2593  read(3, " ", 1)                   = 1
2593  read(3, " ", 1)                   = 1
2593  read(3, "i", 1)                   = 1
2593  read(3, "f", 1)                   = 1
2593  read(3, "(", 1)                   = 1
2593  read(3, "f", 1)                   = 1
2593  read(3, "r", 1)                   = 1
2593  read(3, "e", 1)                   = 1
2593  read(3, "a", 1)                   = 1
2593  read(3, "d", 1)                   = 1
2593  read(3, "(", 1)                   = 1
2593  read(3, "l", 1)                   = 1
2593  read(3, "i", 1)                   = 1
2593  read(3, "n", 1)                   = 1
2593  read(3, "e", 1)                   = 1
2593  read(3, ",", 1)                   = 1
2593  read(3, " ", 1)                   = 1
2593  read(3, "1", 1)                   = 1
2593  read(3, ",", 1)                   = 1
2593  read(3, " ", 1)                   = 1
2593  read(3, "n", 1)                   = 1
2593  read(3, "u", 1)                   = 1
2593  read(3, "m", 1)                   = 1
2593  read(3, "_", 1)                   = 1
2593  read(3, "c", 1)                   = 1
2593  read(3, "h", 1)                   = 1
2593  read(3, "a", 1)                   = 1
2593  read(3, "r", 1)                   = 1
2593  read(3, "s", 1)                   = 1
2593  read(3, ",", 1)                   = 1
2593  read(3, " ", 1)                   = 1
2593  read(3, "s", 1)                   = 1
2593  read(3, "t", 1)                   = 1
2593  read(3, "d", 1)                   = 1
2593  read(3, "i", 1)                   = 1
2593  read(3, "n", 1)                   = 1
2593  read(3, ")", 1)                   = 1
2593  read(3, " ", 1)                   = 1
2593  read(3, "!", 1)                   = 1
2593  read(3, "=", 1)                   = 1
2593  read(3, " ", 1)                   = 1
2593  read(3, "n", 1)                   = 1
2593  read(3, "u", 1)                   = 1
2593  read(3, "m", 1)                   = 1
2593  read(3, "_", 1)                   = 1
2593  read(3, "c", 1)                   = 1
2593  read(3, "h", 1)                   = 1
2593  read(3, "a", 1)                   = 1
2593  read(3, "r", 1)                   = 1
2593  read(3, "s", 1)                   = 1
2593  read(3, ")", 1)                   = 1
2593  read(3, "\n", 1)                  = 1
2593  write(6, "57\n", 3)               = 3
2593  write(6, "       if(fread(line, 1, num_cha"..., 57) = 57
2593  read(3, "\t", 1)                  = 1
2593  read(3, " ", 1)                   = 1
2593  read(3, " ", 1)                   = 1
2593  read(3, " ", 1)                   = 1
2593  read(3, " ", 1)                   = 1
2593  read(3, " ", 1)                   = 1
2593  read(3, " ", 1)                   = 1
2593  read(3, " ", 1)                   = 1
2593  read(3, "r", 1)                   = 1
2593  read(3, "e", 1)                   = 1
2593  read(3, "t", 1)                   = 1
2593  read(3, "u", 1)                   = 1
2593  read(3, "r", 1)                   = 1
2593  read(3, "n", 1)                   = 1
2593  read(3, " ", 1)                   = 1
2593  read(3, "0", 1)                   = 1
2593  read(3, ";", 1)                   = 1
2593  read(3, "\n", 1)                  = 1
2593  write(6, "18\n", 3)               = 3
2593  write(6, "\t       return 0;\n", 18) = 18
2593  read(3, " ", 1)                   = 1
2593  read(3, " ", 1)                   = 1
2593  read(3, " ", 1)                   = 1
2593  read(3, " ", 1)                   = 1
2593  read(3, " ", 1)                   = 1
2593  read(3, " ", 1)                   = 1
2593  read(3, " ", 1)                   = 1
2593  read(3, "f", 1)                   = 1
2593  read(3, "o", 1)                   = 1
2593  read(3, "r", 1)                   = 1
2593  read(3, "(", 1)                   = 1
2593  read(3, "i", 1)                   = 1
2593  read(3, "n", 1)                   = 1
2593  read(3, "t", 1)                   = 1
2593  read(3, " ", 1)                   = 1
2593  read(3, "i", 1)                   = 1
2593  read(3, "=", 1)                   = 1
2593  read(3, "0", 1)                   = 1
2593  read(3, ";", 1)                   = 1
2593  read(3, " ", 1)                   = 1
2593  read(3, "i", 1)                   = 1
2593  read(3, "<", 1)                   = 1
2593  read(3, "n", 1)                   = 1
2593  read(3, "u", 1)                   = 1
2593  read(3, "m", 1)                   = 1
2593  read(3, "_", 1)                   = 1
2593  read(3, "c", 1)                   = 1
2593  read(3, "h", 1)                   = 1
2593  read(3, "a", 1)                   = 1
2593  read(3, "r", 1)                   = 1
2593  read(3, "s", 1)                   = 1
2593  read(3, ";", 1)                   = 1
2593  read(3, " ", 1)                   = 1
2593  read(3, "+", 1)                   = 1
2593  read(3, "+", 1)                   = 1
2593  read(3, "i", 1)                   = 1
2593  read(3, ")", 1)                   = 1
2593  read(3, "{", 1)                   = 1
2593  read(3, "\n", 1)                  = 1
2593  write(6, "39\n", 3)               = 3
2593  write(6, "       for(int i=0; i<num_chars;"..., 39) = 39
2593  read(3, "\t", 1)                  = 1
2593  read(3, " ", 1)                   = 1
2593  read(3, " ", 1)                   = 1
2593  read(3, " ", 1)                   = 1
2593  read(3, " ", 1)                   = 1
2593  read(3, " ", 1)                   = 1
2593  read(3, "p", 1)                   = 1
2593  read(3, "u", 1)                   = 1
2593  read(3, "t", 1)                   = 1
2593  read(3, "c", 1)                   = 1
2593  read(3, "h", 1)                   = 1
2593  read(3, "a", 1)                   = 1
2593  read(3, "r", 1)                   = 1
2593  read(3, "(", 1)                   = 1
2593  read(3, "l", 1)                   = 1
2593  read(3, "i", 1)                   = 1
2593  read(3, "n", 1)                   = 1
2593  read(3, "e", 1)                   = 1
2593  read(3, "[", 1)                   = 1
2593  read(3, "i", 1)                   = 1
2593  read(3, "]", 1)                   = 1
2593  read(3, " ", 1)                   = 1
2593  read(3, "^", 1)                   = 1
2593  read(3, " ", 1)                   = 1
2593  read(3, "(", 1)                   = 1
2593  read(3, "n", 1)                   = 1
2593  read(3, "u", 1)                   = 1
2593  read(3, "m", 1)                   = 1
2593  read(3, "_", 1)                   = 1
2593  read(3, "c", 1)                   = 1
2593  read(3, "h", 1)                   = 1
2593  read(3, "a", 1)                   = 1
2593  read(3, "r", 1)                   = 1
2593  read(3, "s", 1)                   = 1
2593  read(3, "%", 1)                   = 1
2593  read(3, "2", 1)                   = 1
2593  read(3, "5", 1)                   = 1
2593  read(3, "6", 1)                   = 1
2593  read(3, ")", 1)                   = 1
2593  read(3, ")", 1)                   = 1
2593  read(3, ";", 1)                   = 1
2593  read(3, "\n", 1)                  = 1
2593  write(6, "42\n", 3)               = 3
2593  write(6, "\t     putchar(line[i] ^ (num_cha"..., 42) = 42
2593  read(3, " ", 1)                   = 1
2593  read(3, " ", 1)                   = 1
2593  read(3, " ", 1)                   = 1
2593  read(3, " ", 1)                   = 1
2593  read(3, " ", 1)                   = 1
2593  read(3, " ", 1)                   = 1
2593  read(3, " ", 1)                   = 1
2593  read(3, "}", 1)                   = 1
2593  read(3, "\n", 1)                  = 1
2593  write(6, "9\n", 2)                = 2
2593  write(6, "       }\n", 9)         = 9
2593  read(3, " ", 1)                   = 1
2593  read(3, " ", 1)                   = 1
2593  read(3, " ", 1)                   = 1
2593  read(3, " ", 1)                   = 1
2593  read(3, " ", 1)                   = 1
2593  read(3, " ", 1)                   = 1
2593  read(3, " ", 1)                   = 1
2593  read(3, "f", 1)                   = 1
2593  read(3, "f", 1)                   = 1
2593  read(3, "l", 1)                   = 1
2593  read(3, "u", 1)                   = 1
2593  read(3, "s", 1)                   = 1
2593  read(3, "h", 1)                   = 1
2593  read(3, "(", 1)                   = 1
2593  read(3, "s", 1)                   = 1
2593  read(3, "t", 1)                   = 1
2593  read(3, "d", 1)                   = 1
2593  read(3, "o", 1)                   = 1
2593  read(3, "u", 1)                   = 1
2593  read(3, "t", 1)                   = 1
2593  read(3, ")", 1)                   = 1
2593  read(3, ";", 1)                   = 1
2593  read(3, "\n", 1)                  = 1
2593  write(6, "23\n", 3)               = 3
2593  write(6, "       fflush(stdout);\n", 23) = 23
2593  read(3, " ", 1)                   = 1
2593  read(3, " ", 1)                   = 1
2593  read(3, " ", 1)                   = 1
2593  read(3, "}", 1)                   = 1
2593  read(3, "\n", 1)                  = 1
2593  write(6, "5\n", 2)                = 2
2593  write(6, "   }\n", 5)             = 5
2593  read(3, " ", 1)                   = 1
2593  read(3, " ", 1)                   = 1
2593  read(3, " ", 1)                   = 1
2593  read(3, "r", 1)                   = 1
2593  read(3, "e", 1)                   = 1
2593  read(3, "t", 1)                   = 1
2593  read(3, "u", 1)                   = 1
2593  read(3, "r", 1)                   = 1
2593  read(3, "n", 1)                   = 1
2593  read(3, " ", 1)                   = 1
2593  read(3, "0", 1)                   = 1
2593  read(3, ";", 1)                   = 1
2593  read(3, " ", 1)                   = 1
2593  read(3, " ", 1)                   = 1
2593  read(3, "\n", 1)                  = 1
2593  write(6, "15\n", 3)               = 3
2593  write(6, "   return 0;  \n", 15)  = 15
2593  read(3, "}", 1)                   = 1
2593  read(3, "\n", 1)                  = 1
2593  write(6, "2\n", 2)                = 2
2593  write(6, "}\n", 2)                = 2
2593  read(3, "", 1)                    = 0
2593  write(6, "", 0)                   = 0
2593  close(1)                          = 0
2593  dup2(4, 1)                        = 1
2593  close(6)                          = 0
2593  clone(child_stack=NULL, flags=CLONE_CHILD_CLEARTID|CLONE_CHILD_SETTID|SIGCHLD, child_tidptr=0x77b9b41cea10) = 2594
2594  set_robust_list(0x77b9b41cea20, 24) = 0
2593  exit_group(0)                     = ?
2594  close(0)                          = 0
2594  dup2(5, 0)                        = 0
2594  execve("./encrypt", ["encrypt"], 0x7ffc218e9d08 /* 18 vars */ <unfinished ...>
2593  +++ exited with 0 +++
2594  <... execve resumed>)             = 0
2594  brk(NULL)                         = 0x5cfdad6bc000
2594  arch_prctl(0x3001 /* ARCH_??? */, 0x7ffeea2759f0) = -1 EINVAL (Invalid argument)
2594  mmap(NULL, 8192, PROT_READ|PROT_WRITE, MAP_PRIVATE|MAP_ANONYMOUS, -1, 0) = 0x729161359000
2594  access("/etc/ld.so.preload", R_OK) = -1 ENOENT (No such file or directory)
2594  openat(AT_FDCWD, "/etc/ld.so.cache", O_RDONLY|O_CLOEXEC) = 6
2594  newfstatat(6, "", {st_mode=S_IFREG|0644, st_size=29392, ...}, AT_EMPTY_PATH) = 0
2594  mmap(NULL, 29392, PROT_READ, MAP_PRIVATE, 6, 0) = 0x729161351000
2594  close(6)                          = 0
2594  openat(AT_FDCWD, "/lib/x86_64-linux-gnu/libc.so.6", O_RDONLY|O_CLOEXEC) = 6
2594  read(6, "\177ELF\2\1\1\3\0\0\0\0\0\0\0\0\3\0>\0\1\0\0\0P\237\2\0\0\0\0\0"..., 832) = 832
2594  pread64(6, "\6\0\0\0\4\0\0\0@\0\0\0\0\0\0\0@\0\0\0\0\0\0\0@\0\0\0\0\0\0\0"..., 784, 64) = 784
2594  pread64(6, "\4\0\0\0 \0\0\0\5\0\0\0GNU\0\2\0\0\300\4\0\0\0\3\0\0\0\0\0\0\0"..., 48, 848) = 48
2594  pread64(6, "\4\0\0\0\24\0\0\0\3\0\0\0GNU\0\325\31p\226\367\t\200\30)\261\30\257\33|\366c"..., 68, 896) = 68
2594  newfstatat(6, "", {st_mode=S_IFREG|0755, st_size=2220400, ...}, AT_EMPTY_PATH) = 0
2594  pread64(6, "\6\0\0\0\4\0\0\0@\0\0\0\0\0\0\0@\0\0\0\0\0\0\0@\0\0\0\0\0\0\0"..., 784, 64) = 784
2594  mmap(NULL, 2264656, PROT_READ, MAP_PRIVATE|MAP_DENYWRITE, 6, 0) = 0x729161128000
2594  mprotect(0x729161150000, 2023424, PROT_NONE) = 0
2594  mmap(0x729161150000, 1658880, PROT_READ|PROT_EXEC, MAP_PRIVATE|MAP_FIXED|MAP_DENYWRITE, 6, 0x28000) = 0x729161150000
2594  mmap(0x7291612e5000, 360448, PROT_READ, MAP_PRIVATE|MAP_FIXED|MAP_DENYWRITE, 6, 0x1bd000) = 0x7291612e5000
2594  mmap(0x72916133e000, 24576, PROT_READ|PROT_WRITE, MAP_PRIVATE|MAP_FIXED|MAP_DENYWRITE, 6, 0x215000) = 0x72916133e000
2594  mmap(0x729161344000, 52816, PROT_READ|PROT_WRITE, MAP_PRIVATE|MAP_FIXED|MAP_ANONYMOUS, -1, 0) = 0x729161344000
2594  close(6)                          = 0
2594  mmap(NULL, 12288, PROT_READ|PROT_WRITE, MAP_PRIVATE|MAP_ANONYMOUS, -1, 0) = 0x729161125000
2594  arch_prctl(ARCH_SET_FS, 0x729161125740) = 0
2594  set_tid_address(0x729161125a10)   = 2594
2594  set_robust_list(0x729161125a20, 24) = 0
2594  rseq(0x7291611260e0, 0x20, 0, 0x53053053) = 0
2594  mprotect(0x72916133e000, 16384, PROT_READ) = 0
2594  mprotect(0x5cfdad49a000, 4096, PROT_READ) = 0
2594  mprotect(0x729161393000, 8192, PROT_READ) = 0
2594  prlimit64(0, RLIMIT_STACK, NULL, {rlim_cur=8192*1024, rlim_max=RLIM64_INFINITY}) = 0
2594  munmap(0x729161351000, 29392)     = 0
2594  newfstatat(0, "", {st_mode=S_IFIFO|0600, st_size=0, ...}, AT_EMPTY_PATH) = 0
2594  getrandom("\x6f\xc7\x32\xb1\x8d\xee\x19\x30", 8, GRND_NONBLOCK) = 8
2594  brk(NULL)                         = 0x5cfdad6bc000
2594  brk(0x5cfdad6dd000)               = 0x5cfdad6dd000
2594  read(0, "18\n#include<stdio.h>\n19\n#include"..., 4096) = 1040
2594  newfstatat(1, "", {st_mode=S_IFREG|S_ISVTX|0404, st_size=0, ...}, AT_EMPTY_PATH) = 0
2594  write(1, "18\n1{|q~gvw.afv{}<z,\30", 21) = 21
2594  write(1, "19\n0z}p\177fwv/`gw\177zq={-\31", 22) = 22
2594  write(1, "19\n0z}p\177fwv/r``vag={-\31", 22) = 22
2594  write(1, "1\n\v", 3)              = 3
2594  write(1, "31\n<{zyvqz?R^G@\\W^ML@VQ@SVQZ?*//"..., 34) = 34
2594  write(1, "1\n\v", 3)              = 3
2594  write(1, "23\n~yc7prcH{ry?Q^[R7=qgc>\35", 26) = 26
2594  write(1, "2\ny\10", 4)            = 4
2594  write(1, "17\n111rypc1sdwJ\"#L*\33", 20) = 20
2594  write(1, "19\n333z}g3pga3.3#(333\31", 22) = 22
2594  write(1, "22\n666a~\177zs>7psyp>pfb??m\34", 25) = 25
2594  write(1, "25\n\20999pwm9zq9$9\177~|mz1\177im0\"\23", 28) = 28
2594  write(1, "18\n\033222{t:tw}t:tbf;;\30", 21) = 21
2594  write(1, "12\n\5\5,itex$<%7\6", 15) = 15
2594  write(1, "20\n\035444}r<w|4))43Hz3=o\36", 23) = 23
2594  write(1, "16\n\31\31revKsdbM0-0 +\32", 19) = 19
2594  write(1, "20\n\35\35fq`afz4u`{}<var=/\36", 23) = 23
2594  write(1, "6\n\17&&&{\f", 8)       = 8
2594  write(1, "19\n\032333qfuHpgaN3.3p{(\31", 22) = 22
2594  write(1, "11\n\2+++  h\177y0\1", 14) = 14
2594  write(1, "18\n\033222{t:qf`2,/2#\";\30", 21) = 21
2594  write(1, "16\n\31\031000budeb~0=!+\32", 19) = 19
2594  write(1, "9\n)))t\0)))\3", 11)    = 11
2594  write(1, "17\n111xw9wt~w9wae88\33", 20) = 20
2594  write(1, "13\n\4---hudy%=$6\7", 16) = 16
2594  write(1, "21\n555gpa`g{5taz|=w`s<.\37", 24) = 24
2594  write(1, "2\n\177\10", 4)         = 4
2594  write(1, "15\nfa{/bnfa'y`fk&\5", 18) = 18
2594  write(1, "2\ny\10", 4)            = 4
2594  write(1, "18\n222{|f2|g\177Mqzs`a)\30", 21) = 21
2594  write(1, "33\n\1\1\1BI@S\1MHODzl`y~bi`sr~ho~mho"..., 36) = 36
2594  write(1, "1\n\v", 3)              = 3
2594  write(1, "13\n---zedah%<$v\7", 16) = 16
2594  write(1, "35\n\3\3\3\3\3\3\3MVN|@KBQP\3\36\3DFW|OFM\vPW"..., 38) = 38
2594  write(1, "58\n\32\32\32\32\32\32\32S\\\22TOWeYR[HI\32\6\32\n\32FF\32TO"..., 61) = 61
2594  write(1, "18\n\033222222`wfg`|2?#)\30", 21) = 21
2594  write(1, "55\n\27\27\27\27\27\27\27\30\30QGE^YCQ\37DCSREE\33\27\25YBZ"..., 58) = 58
2594  write(1, "34\n\2\2\2\2\2\2\2RPKLVD\n\0\7F~L\0\16\2LWO}AJC"..., 37) = 37
2594  write(1, "1\n\v", 3)              = 3
2594  write(1, "57\n\31\31\31\31\31\31\31P_\21_K\\X]\21UPW\\\25\31\10\25\31WLTf"..., 60) = 60
2594  write(1, "18\n\0332222222`wfg`|2\")\30", 21) = 21
2594  write(1, "39\n\7\7\7\7\7\7\7AHU\17NIS\7N\32\27\34\7N\33IRJxDOF"..., 42) = 42
2594  write(1, "42\n#\n\n\n\n\nZ_^IBKX\2FCDOqCw\nt\n\2D_Gu"..., 45) = 45
2594  write(1, "9\n)))))))t\3", 11)     = 11
2594  write(1, "23\n7777777qq{bd\177?dcsxbc>,\35", 26) = 26
2594  write(1, "5\n%%%x\17", 7)         = 7
2594  write(1, "15\n///}j{z}a/?4//\5", 18) = 18
2594  write(1, "2\n\177\10", 4)         = 4
2594  read(0, "", 4096)                 = 0
2594  exit_group(0)                     = ?
2594  +++ exited with 0 +++
