2604  execve("./encdrv", ["./encdrv", "testcases/testcase.4", "output/output.4"], 0x7ffe9bf71078 /* 18 vars */) = 0
2604  brk(NULL)                         = 0x5e687672f000
2604  arch_prctl(0x3001 /* ARCH_??? */, 0x7ffca27a8760) = -1 EINVAL (Invalid argument)
2604  mmap(NULL, 8192, PROT_READ|PROT_WRITE, MAP_PRIVATE|MAP_ANONYMOUS, -1, 0) = 0x7b4c6cb59000
2604  access("/etc/ld.so.preload", R_OK) = -1 ENOENT (No such file or directory)
2604  openat(AT_FDCWD, "/etc/ld.so.cache", O_RDONLY|O_CLOEXEC) = 3
2604  newfstatat(3, "", {st_mode=S_IFREG|0644, st_size=29392, ...}, AT_EMPTY_PATH) = 0
2604  mmap(NULL, 29392, PROT_READ, MAP_PRIVATE, 3, 0) = 0x7b4c6cb51000
2604  close(3)                          = 0
2604  openat(AT_FDCWD, "/lib/x86_64-linux-gnu/libc.so.6", O_RDONLY|O_CLOEXEC) = 3
2604  read(3, "\177ELF\2\1\1\3\0\0\0\0\0\0\0\0\3\0>\0\1\0\0\0P\237\2\0\0\0\0\0"..., 832) = 832
2604  pread64(3, "\6\0\0\0\4\0\0\0@\0\0\0\0\0\0\0@\0\0\0\0\0\0\0@\0\0\0\0\0\0\0"..., 784, 64) = 784
2604  pread64(3, "\4\0\0\0 \0\0\0\5\0\0\0GNU\0\2\0\0\300\4\0\0\0\3\0\0\0\0\0\0\0"..., 48, 848) = 48
2604  pread64(3, "\4\0\0\0\24\0\0\0\3\0\0\0GNU\0\325\31p\226\367\t\200\30)\261\30\257\33|\366c"..., 68, 896) = 68
2604  newfstatat(3, "", {st_mode=S_IFREG|0755, st_size=2220400, ...}, AT_EMPTY_PATH) = 0
2604  pread64(3, "\6\0\0\0\4\0\0\0@\0\0\0\0\0\0\0@\0\0\0\0\0\0\0@\0\0\0\0\0\0\0"..., 784, 64) = 784
2604  mmap(NULL, 2264656, PROT_READ, MAP_PRIVATE|MAP_DENYWRITE, 3, 0) = 0x7b4c6c928000
2604  mprotect(0x7b4c6c950000, 2023424, PROT_NONE) = 0
2604  mmap(0x7b4c6c950000, 1658880, PROT_READ|PROT_EXEC, MAP_PRIVATE|MAP_FIXED|MAP_DENYWRITE, 3, 0x28000) = 0x7b4c6c950000
2604  mmap(0x7b4c6cae5000, 360448, PROT_READ, MAP_PRIVATE|MAP_FIXED|MAP_DENYWRITE, 3, 0x1bd000) = 0x7b4c6cae5000
2604  mmap(0x7b4c6cb3e000, 24576, PROT_READ|PROT_WRITE, MAP_PRIVATE|MAP_FIXED|MAP_DENYWRITE, 3, 0x215000) = 0x7b4c6cb3e000
2604  mmap(0x7b4c6cb44000, 52816, PROT_READ|PROT_WRITE, MAP_PRIVATE|MAP_FIXED|MAP_ANONYMOUS, -1, 0) = 0x7b4c6cb44000
2604  close(3)                          = 0
2604  mmap(NULL, 12288, PROT_READ|PROT_WRITE, MAP_PRIVATE|MAP_ANONYMOUS, -1, 0) = 0x7b4c6c925000
2604  arch_prctl(ARCH_SET_FS, 0x7b4c6c925740) = 0
2604  set_tid_address(0x7b4c6c925a10)   = 2604
2604  set_robust_list(0x7b4c6c925a20, 24) = 0
2604  rseq(0x7b4c6c9260e0, 0x20, 0, 0x53053053) = 0
2604  mprotect(0x7b4c6cb3e000, 16384, PROT_READ) = 0
2604  mprotect(0x5e687623e000, 4096, PROT_READ) = 0
2604  mprotect(0x7b4c6cb93000, 8192, PROT_READ) = 0
2604  prlimit64(0, RLIMIT_STACK, NULL, {rlim_cur=8192*1024, rlim_max=RLIM64_INFINITY}) = 0
2604  munmap(0x7b4c6cb51000, 29392)     = 0
2604  openat(AT_FDCWD, "testcases/testcase.4", O_RDONLY) = 3
2604  openat(AT_FDCWD, "output/output.4", O_WRONLY|O_CREAT, 01406) = 4
2604  pipe2([5, 6], 0)                  = 0
2604  read(3, "a", 1)                   = 1
2604  read(3, "l", 1)                   = 1
2604  read(3, "l", 1)                   = 1
2604  read(3, ":", 1)                   = 1
2604  read(3, " ", 1)                   = 1
2604  read(3, "e", 1)                   = 1
2604  read(3, "n", 1)                   = 1
2604  read(3, "c", 1)                   = 1
2604  read(3, "d", 1)                   = 1
2604  read(3, "r", 1)                   = 1
2604  read(3, "v", 1)                   = 1
2604  read(3, " ", 1)                   = 1
2604  read(3, "e", 1)                   = 1
2604  read(3, "n", 1)                   = 1
2604  read(3, "c", 1)                   = 1
2604  read(3, "r", 1)                   = 1
2604  read(3, "y", 1)                   = 1
2604  read(3, "p", 1)                   = 1
2604  read(3, "t", 1)                   = 1
2604  read(3, " ", 1)                   = 1
2604  read(3, "d", 1)                   = 1
2604  read(3, "e", 1)                   = 1
2604  read(3, "c", 1)                   = 1
2604  read(3, "r", 1)                   = 1
2604  read(3, "y", 1)                   = 1
2604  read(3, "p", 1)                   = 1
2604  read(3, "t", 1)                   = 1
2604  read(3, "\n", 1)                  = 1
2604  write(6, "28\n", 3)               = 3
2604  write(6, "all: encdrv encrypt decrypt\n", 28) = 28
2604  read(3, "\n", 1)                  = 1
2604  write(6, "1\n", 2)                = 2
2604  write(6, "\n", 1)                 = 1
2604  read(3, "e", 1)                   = 1
2604  read(3, "n", 1)                   = 1
2604  read(3, "c", 1)                   = 1
2604  read(3, "r", 1)                   = 1
2604  read(3, "y", 1)                   = 1
2604  read(3, "p", 1)                   = 1
2604  read(3, "t", 1)                   = 1
2604  read(3, ":", 1)                   = 1
2604  read(3, "e", 1)                   = 1
2604  read(3, "n", 1)                   = 1
2604  read(3, "c", 1)                   = 1
2604  read(3, "r", 1)                   = 1
2604  read(3, "y", 1)                   = 1
2604  read(3, "p", 1)                   = 1
2604  read(3, "t", 1)                   = 1
2604  read(3, ".", 1)                   = 1
2604  read(3, "c", 1)                   = 1
2604  read(3, "\n", 1)                  = 1
2604  write(6, "18\n", 3)               = 3
2604  write(6, "encrypt:encrypt.c\n", 18) = 18
2604  read(3, "\t", 1)                  = 1
2604  read(3, "g", 1)                   = 1
2604  read(3, "c", 1)                   = 1
2604  read(3, "c", 1)                   = 1
2604  read(3, " ", 1)                   = 1
2604  read(3, "e", 1)                   = 1
2604  read(3, "n", 1)                   = 1
2604  read(3, "c", 1)                   = 1
2604  read(3, "r", 1)                   = 1
2604  read(3, "y", 1)                   = 1
2604  read(3, "p", 1)                   = 1
2604  read(3, "t", 1)                   = 1
2604  read(3, ".", 1)                   = 1
2604  read(3, "c", 1)                   = 1
2604  read(3, " ", 1)                   = 1
2604  read(3, "-", 1)                   = 1
2604  read(3, "o", 1)                   = 1
2604  read(3, " ", 1)                   = 1
2604  read(3, "e", 1)                   = 1
2604  read(3, "n", 1)                   = 1
2604  read(3, "c", 1)                   = 1
2604  read(3, "r", 1)                   = 1
2604  read(3, "y", 1)                   = 1
2604  read(3, "p", 1)                   = 1
2604  read(3, "t", 1)                   = 1
2604  read(3, "\n", 1)                  = 1
2604  write(6, "26\n", 3)               = 3
2604  write(6, "\tgcc encrypt.c -o encrypt\n", 26) = 26
2604  read(3, "\n", 1)                  = 1
2604  write(6, "1\n", 2)                = 2
2604  write(6, "\n", 1)                 = 1
2604  read(3, "d", 1)                   = 1
2604  read(3, "e", 1)                   = 1
2604  read(3, "c", 1)                   = 1
2604  read(3, "r", 1)                   = 1
2604  read(3, "y", 1)                   = 1
2604  read(3, "p", 1)                   = 1
2604  read(3, "t", 1)                   = 1
2604  read(3, ":", 1)                   = 1
2604  read(3, "d", 1)                   = 1
2604  read(3, "e", 1)                   = 1
2604  read(3, "c", 1)                   = 1
2604  read(3, "r", 1)                   = 1
2604  read(3, "y", 1)                   = 1
2604  read(3, "p", 1)                   = 1
2604  read(3, "t", 1)                   = 1
2604  read(3, ".", 1)                   = 1
2604  read(3, "c", 1)                   = 1
2604  read(3, "\n", 1)                  = 1
2604  write(6, "18\n", 3)               = 3
2604  write(6, "decrypt:decrypt.c\n", 18) = 18
2604  read(3, "\t", 1)                  = 1
2604  read(3, "g", 1)                   = 1
2604  read(3, "c", 1)                   = 1
2604  read(3, "c", 1)                   = 1
2604  read(3, " ", 1)                   = 1
2604  read(3, "d", 1)                   = 1
2604  read(3, "e", 1)                   = 1
2604  read(3, "c", 1)                   = 1
2604  read(3, "r", 1)                   = 1
2604  read(3, "y", 1)                   = 1
2604  read(3, "p", 1)                   = 1
2604  read(3, "t", 1)                   = 1
2604  read(3, ".", 1)                   = 1
2604  read(3, "c", 1)                   = 1
2604  read(3, " ", 1)                   = 1
2604  read(3, "-", 1)                   = 1
2604  read(3, "o", 1)                   = 1
2604  read(3, " ", 1)                   = 1
2604  read(3, "d", 1)                   = 1
2604  read(3, "e", 1)                   = 1
2604  read(3, "c", 1)                   = 1
2604  read(3, "r", 1)                   = 1
2604  read(3, "y", 1)                   = 1
2604  read(3, "p", 1)                   = 1
2604  read(3, "t", 1)                   = 1
2604  read(3, "\n", 1)                  = 1
2604  write(6, "26\n", 3)               = 3
2604  write(6, "\tgcc decrypt.c -o decrypt\n", 26) = 26
2604  read(3, "\n", 1)                  = 1
2604  write(6, "1\n", 2)                = 2
2604  write(6, "\n", 1)                 = 1
2604  read(3, "e", 1)                   = 1
2604  read(3, "n", 1)                   = 1
2604  read(3, "c", 1)                   = 1
2604  read(3, "d", 1)                   = 1
2604  read(3, "r", 1)                   = 1
2604  read(3, "v", 1)                   = 1
2604  read(3, ":", 1)                   = 1
2604  read(3, "e", 1)                   = 1
2604  read(3, "n", 1)                   = 1
2604  read(3, "c", 1)                   = 1
2604  read(3, "d", 1)                   = 1
2604  read(3, "r", 1)                   = 1
2604  read(3, "v", 1)                   = 1
2604  read(3, ".", 1)                   = 1
2604  read(3, "c", 1)                   = 1
2604  read(3, "\n", 1)                  = 1
2604  write(6, "16\n", 3)               = 3
2604  write(6, "encdrv:encdrv.c\n", 16) = 16
2604  read(3, "\t", 1)                  = 1
2604  read(3, "g", 1)                   = 1
2604  read(3, "c", 1)                   = 1
2604  read(3, "c", 1)                   = 1
2604  read(3, " ", 1)                   = 1
2604  read(3, "e", 1)                   = 1
2604  read(3, "n", 1)                   = 1
2604  read(3, "c", 1)                   = 1
2604  read(3, "d", 1)                   = 1
2604  read(3, "r", 1)                   = 1
2604  read(3, "v", 1)                   = 1
2604  read(3, ".", 1)                   = 1
2604  read(3, "c", 1)                   = 1
2604  read(3, " ", 1)                   = 1
2604  read(3, "-", 1)                   = 1
2604  read(3, "o", 1)                   = 1
2604  read(3, " ", 1)                   = 1
2604  read(3, "e", 1)                   = 1
2604  read(3, "n", 1)                   = 1
2604  read(3, "c", 1)                   = 1
2604  read(3, "d", 1)                   = 1
2604  read(3, "r", 1)                   = 1
2604  read(3, "v", 1)                   = 1
2604  read(3, "\n", 1)                  = 1
2604  write(6, "24\n", 3)               = 3
2604  write(6, "\tgcc encdrv.c -o encdrv\n", 24) = 24
2604  read(3, "c", 1)                   = 1
2604  read(3, "l", 1)                   = 1
2604  read(3, "e", 1)                   = 1
2604  read(3, "a", 1)                   = 1
2604  read(3, "n", 1)                   = 1
2604  read(3, ":", 1)                   = 1
2604  read(3, "\n", 1)                  = 1
2604  write(6, "7\n", 2)                = 2
2604  write(6, "clean:\n", 7)           = 7
2604  read(3, "\t", 1)                  = 1
2604  read(3, "r", 1)                   = 1
2604  read(3, "m", 1)                   = 1
2604  read(3, " ", 1)                   = 1
2604  read(3, "-", 1)                   = 1
2604  read(3, "f", 1)                   = 1
2604  read(3, " ", 1)                   = 1
2604  read(3, "e", 1)                   = 1
2604  read(3, "n", 1)                   = 1
2604  read(3, "c", 1)                   = 1
2604  read(3, "d", 1)                   = 1
2604  read(3, "r", 1)                   = 1
2604  read(3, "v", 1)                   = 1
2604  read(3, " ", 1)                   = 1
2604  read(3, "e", 1)                   = 1
2604  read(3, "n", 1)                   = 1
2604  read(3, "c", 1)                   = 1
2604  read(3, "r", 1)                   = 1
2604  read(3, "y", 1)                   = 1
2604  read(3, "p", 1)                   = 1
2604  read(3, "t", 1)                   = 1
2604  read(3, " ", 1)                   = 1
2604  read(3, "d", 1)                   = 1
2604  read(3, "e", 1)                   = 1
2604  read(3, "c", 1)                   = 1
2604  read(3, "r", 1)                   = 1
2604  read(3, "y", 1)                   = 1
2604  read(3, "p", 1)                   = 1
2604  read(3, "t", 1)                   = 1
2604  read(3, "\n", 1)                  = 1
2604  write(6, "30\n", 3)               = 3
2604  write(6, "\trm -f encdrv encrypt decrypt\n", 30) = 30
2604  read(3, "\n", 1)                  = 1
2604  write(6, "1\n", 2)                = 2
2604  write(6, "\n", 1)                 = 1
2604  read(3, "\t", 1)                  = 1
2604  read(3, "\t", 1)                  = 1
2604  read(3, "\t", 1)                  = 1
2604  read(3, "\t", 1)                  = 1
2604  read(3, "\n", 1)                  = 1
2604  write(6, "5\n", 2)                = 2
2604  write(6, "\t\t\t\t\n", 5)         = 5
2604  read(3, "\n", 1)                  = 1
2604  write(6, "1\n", 2)                = 2
2604  write(6, "\n", 1)                 = 1
2604  read(3, "\n", 1)                  = 1
2604  write(6, "1\n", 2)                = 2
2604  write(6, "\n", 1)                 = 1
2604  read(3, "\n", 1)                  = 1
2604  write(6, "1\n", 2)                = 2
2604  write(6, "\n", 1)                 = 1
2604  read(3, "\t", 1)                  = 1
2604  read(3, "\t", 1)                  = 1
2604  read(3, "\t", 1)                  = 1
2604  read(3, "\n", 1)                  = 1
2604  write(6, "4\n", 2)                = 2
2604  write(6, "\t\t\t\n", 4)           = 4
2604  read(3, "\n", 1)                  = 1
2604  write(6, "1\n", 2)                = 2
2604  write(6, "\n", 1)                 = 1
2604  read(3, "\n", 1)                  = 1
2604  write(6, "1\n", 2)                = 2
2604  write(6, "\n", 1)                 = 1
2604  read(3, "\n", 1)                  = 1
2604  write(6, "1\n", 2)                = 2
2604  write(6, "\n", 1)                 = 1
2604  read(3, "", 1)                    = 0
2604  write(6, "", 0)                   = 0
2604  close(1)                          = 0
2604  dup2(4, 1)                        = 1
2604  close(6)                          = 0
2604  clone(child_stack=NULL, flags=CLONE_CHILD_CLEARTID|CLONE_CHILD_SETTID|SIGCHLD, child_tidptr=0x7b4c6c925a10) = 2605
2605  set_robust_list(0x7b4c6c925a20, 24) = 0
2604  exit_group(0)                     = ?
2605  close(0)                          = 0
2605  dup2(5, 0)                        = 0
2605  execve("./encrypt", ["encrypt"], 0x7ffca27a8948 /* 18 vars */ <unfinished ...>
2604  +++ exited with 0 +++
2605  <... execve resumed>)             = 0
2605  brk(NULL)                         = 0x648fc9a0e000
2605  arch_prctl(0x3001 /* ARCH_??? */, 0x7ffd50b6edc0) = -1 EINVAL (Invalid argument)
2605  mmap(NULL, 8192, PROT_READ|PROT_WRITE, MAP_PRIVATE|MAP_ANONYMOUS, -1, 0) = 0x71aa5c8fd000
2605  access("/etc/ld.so.preload", R_OK) = -1 ENOENT (No such file or directory)
2605  openat(AT_FDCWD, "/etc/ld.so.cache", O_RDONLY|O_CLOEXEC) = 6
2605  newfstatat(6, "", {st_mode=S_IFREG|0644, st_size=29392, ...}, AT_EMPTY_PATH) = 0
2605  mmap(NULL, 29392, PROT_READ, MAP_PRIVATE, 6, 0) = 0x71aa5c8f5000
2605  close(6)                          = 0
2605  openat(AT_FDCWD, "/lib/x86_64-linux-gnu/libc.so.6", O_RDONLY|O_CLOEXEC) = 6
2605  read(6, "\177ELF\2\1\1\3\0\0\0\0\0\0\0\0\3\0>\0\1\0\0\0P\237\2\0\0\0\0\0"..., 832) = 832
2605  pread64(6, "\6\0\0\0\4\0\0\0@\0\0\0\0\0\0\0@\0\0\0\0\0\0\0@\0\0\0\0\0\0\0"..., 784, 64) = 784
2605  pread64(6, "\4\0\0\0 \0\0\0\5\0\0\0GNU\0\2\0\0\300\4\0\0\0\3\0\0\0\0\0\0\0"..., 48, 848) = 48
2605  pread64(6, "\4\0\0\0\24\0\0\0\3\0\0\0GNU\0\325\31p\226\367\t\200\30)\261\30\257\33|\366c"..., 68, 896) = 68
2605  newfstatat(6, "", {st_mode=S_IFREG|0755, st_size=2220400, ...}, AT_EMPTY_PATH) = 0
2605  pread64(6, "\6\0\0\0\4\0\0\0@\0\0\0\0\0\0\0@\0\0\0\0\0\0\0@\0\0\0\0\0\0\0"..., 784, 64) = 784
2605  mmap(NULL, 2264656, PROT_READ, MAP_PRIVATE|MAP_DENYWRITE, 6, 0) = 0x71aa5c6cc000
2605  mprotect(0x71aa5c6f4000, 2023424, PROT_NONE) = 0
2605  mmap(0x71aa5c6f4000, 1658880, PROT_READ|PROT_EXEC, MAP_PRIVATE|MAP_FIXED|MAP_DENYWRITE, 6, 0x28000) = 0x71aa5c6f4000
2605  mmap(0x71aa5c889000, 360448, PROT_READ, MAP_PRIVATE|MAP_FIXED|MAP_DENYWRITE, 6, 0x1bd000) = 0x71aa5c889000
2605  mmap(0x71aa5c8e2000, 24576, PROT_READ|PROT_WRITE, MAP_PRIVATE|MAP_FIXED|MAP_DENYWRITE, 6, 0x215000) = 0x71aa5c8e2000
2605  mmap(0x71aa5c8e8000, 52816, PROT_READ|PROT_WRITE, MAP_PRIVATE|MAP_FIXED|MAP_ANONYMOUS, -1, 0) = 0x71aa5c8e8000
2605  close(6)                          = 0
2605  mmap(NULL, 12288, PROT_READ|PROT_WRITE, MAP_PRIVATE|MAP_ANONYMOUS, -1, 0) = 0x71aa5c6c9000
2605  arch_prctl(ARCH_SET_FS, 0x71aa5c6c9740) = 0
2605  set_tid_address(0x71aa5c6c9a10)   = 2605
2605  set_robust_list(0x71aa5c6c9a20, 24) = 0
2605  rseq(0x71aa5c6ca0e0, 0x20, 0, 0x53053053) = 0
2605  mprotect(0x71aa5c8e2000, 16384, PROT_READ) = 0
2605  mprotect(0x648fc7a98000, 4096, PROT_READ) = 0
2605  mprotect(0x71aa5c937000, 8192, PROT_READ) = 0
2605  prlimit64(0, RLIMIT_STACK, NULL, {rlim_cur=8192*1024, rlim_max=RLIM64_INFINITY}) = 0
2605  munmap(0x71aa5c8f5000, 29392)     = 0
2605  newfstatat(0, "", {st_mode=S_IFIFO|0600, st_size=0, ...}, AT_EMPTY_PATH) = 0
2605  getrandom("\xec\xcd\xf9\xcc\x4f\x8f\x49\x3d", 8, GRND_NONBLOCK) = 8
2605  brk(NULL)                         = 0x648fc9a0e000
2605  brk(0x648fc9a2f000)               = 0x648fc9a2f000
2605  read(0, "28\nall: encdrv encrypt decrypt\n1"..., 4096) = 262
2605  newfstatat(1, "", {st_mode=S_IFREG|S_ISVTX|0404, st_size=0, ...}, AT_EMPTY_PATH) = 0
2605  write(1, "28\n}pp&<yr\177xnj<yr\177nelh<xy\177nelh\26", 31) = 31
2605  write(1, "1\n\v", 3)              = 3
2605  write(1, "18\nw|q`kbf(w|q`kbf<q\30", 21) = 21
2605  write(1, "26\n\23}yy:\177tyhcjn4y:7u:\177tyhcjn\20", 29) = 29
2605  write(1, "1\n\v", 3)              = 3
2605  write(1, "18\nvwq`kbf(vwq`kbf<q\30", 21) = 21
2605  write(1, "26\n\23}yy:~\177yhcjn4y:7u:~\177yhcjn\20", 29) = 29
2605  write(1, "1\n\v", 3)              = 3
2605  write(1, "16\nu~stbf*u~stbf>s\32", 19) = 19
2605  write(1, "24\n\21\177{{8}v{|jn6{85w8}v{|jn\22", 27) = 27
2605  write(1, "7\ndkbfi=\r", 9)        = 9
2605  write(1, "30\n\27ls>3x>{p}zlh>{p}lgnj>z{}lgnj"..., 33) = 33
2605  write(1, "1\n\v", 3)              = 3
2605  write(1, "5\n\f\f\f\f\17", 7)     = 7
2605  write(1, "1\n\v", 3)              = 3
2605  write(1, "1\n\v", 3)              = 3
2605  write(1, "1\n\v", 3)              = 3
2605  write(1, "4\n\r\r\r\16", 6)       = 6
2605  write(1, "1\n\v", 3)              = 3
2605  write(1, "1\n\v", 3)              = 3
2605  write(1, "1\n\v", 3)              = 3
2605  read(0, "", 4096)                 = 0
2605  exit_group(0)                     = ?
2605  +++ exited with 0 +++
