2660  execve("./cprime", ["./cprime", "500000", "4", "2"], 0x7ffc8615b5e0 /* 18 vars */) = 0
2660  brk(NULL)                         = 0x61f950223000
2660  arch_prctl(0x3001 /* ARCH_??? */, 0x7ffffa7b4bd0) = -1 EINVAL (Invalid argument)
2660  mmap(NULL, 8192, PROT_READ|PROT_WRITE, MAP_PRIVATE|MAP_ANONYMOUS, -1, 0) = 0x725b61918000
2660  access("/etc/ld.so.preload", R_OK) = -1 ENOENT (No such file or directory)
2660  openat(AT_FDCWD, "/etc/ld.so.cache", O_RDONLY|O_CLOEXEC) = 3
2660  newfstatat(3, "", {st_mode=S_IFREG|0644, st_size=29392, ...}, AT_EMPTY_PATH) = 0
2660  mmap(NULL, 29392, PROT_READ, MAP_PRIVATE, 3, 0) = 0x725b61910000
2660  close(3)                          = 0
2660  openat(AT_FDCWD, "/lib/x86_64-linux-gnu/libm.so.6", O_RDONLY|O_CLOEXEC) = 3
2660  read(3, "\177ELF\2\1\1\3\0\0\0\0\0\0\0\0\3\0>\0\1\0\0\0\0\0\0\0\0\0\0\0"..., 832) = 832
2660  newfstatat(3, "", {st_mode=S_IFREG|0644, st_size=940560, ...}, AT_EMPTY_PATH) = 0
2660  mmap(NULL, 942344, PROT_READ, MAP_PRIVATE|MAP_DENYWRITE, 3, 0) = 0x725b61829000
2660  mmap(0x725b61837000, 507904, PROT_READ|PROT_EXEC, MAP_PRIVATE|MAP_FIXED|MAP_DENYWRITE, 3, 0xe000) = 0x725b61837000
2660  mmap(0x725b618b3000, 372736, PROT_READ, MAP_PRIVATE|MAP_FIXED|MAP_DENYWRITE, 3, 0x8a000) = 0x725b618b3000
2660  mmap(0x725b6190e000, 8192, PROT_READ|PROT_WRITE, MAP_PRIVATE|MAP_FIXED|MAP_DENYWRITE, 3, 0xe4000) = 0x725b6190e000
2660  close(3)                          = 0
2660  openat(AT_FDCWD, "/lib/x86_64-linux-gnu/libc.so.6", O_RDONLY|O_CLOEXEC) = 3
2660  read(3, "\177ELF\2\1\1\3\0\0\0\0\0\0\0\0\3\0>\0\1\0\0\0P\237\2\0\0\0\0\0"..., 832) = 832
2660  pread64(3, "\6\0\0\0\4\0\0\0@\0\0\0\0\0\0\0@\0\0\0\0\0\0\0@\0\0\0\0\0\0\0"..., 784, 64) = 784
2660  pread64(3, "\4\0\0\0 \0\0\0\5\0\0\0GNU\0\2\0\0\300\4\0\0\0\3\0\0\0\0\0\0\0"..., 48, 848) = 48
2660  pread64(3, "\4\0\0\0\24\0\0\0\3\0\0\0GNU\0\325\31p\226\367\t\200\30)\261\30\257\33|\366c"..., 68, 896) = 68
2660  newfstatat(3, "", {st_mode=S_IFREG|0755, st_size=2220400, ...}, AT_EMPTY_PATH) = 0
2660  pread64(3, "\6\0\0\0\4\0\0\0@\0\0\0\0\0\0\0@\0\0\0\0\0\0\0@\0\0\0\0\0\0\0"..., 784, 64) = 784
2660  mmap(NULL, 2264656, PROT_READ, MAP_PRIVATE|MAP_DENYWRITE, 3, 0) = 0x725b61600000
2660  mprotect(0x725b61628000, 2023424, PROT_NONE) = 0
2660  mmap(0x725b61628000, 1658880, PROT_READ|PROT_EXEC, MAP_PRIVATE|MAP_FIXED|MAP_DENYWRITE, 3, 0x28000) = 0x725b61628000
2660  mmap(0x725b617bd000, 360448, PROT_READ, MAP_PRIVATE|MAP_FIXED|MAP_DENYWRITE, 3, 0x1bd000) = 0x725b617bd000
2660  mmap(0x725b61816000, 24576, PROT_READ|PROT_WRITE, MAP_PRIVATE|MAP_FIXED|MAP_DENYWRITE, 3, 0x215000) = 0x725b61816000
2660  mmap(0x725b6181c000, 52816, PROT_READ|PROT_WRITE, MAP_PRIVATE|MAP_FIXED|MAP_ANONYMOUS, -1, 0) = 0x725b6181c000
2660  close(3)                          = 0
2660  mmap(NULL, 12288, PROT_READ|PROT_WRITE, MAP_PRIVATE|MAP_ANONYMOUS, -1, 0) = 0x725b615fd000
2660  arch_prctl(ARCH_SET_FS, 0x725b615fd740) = 0
2660  set_tid_address(0x725b615fda10)   = 2660
2660  set_robust_list(0x725b615fda20, 24) = 0
2660  rseq(0x725b615fe0e0, 0x20, 0, 0x53053053) = 0
2660  mprotect(0x725b61816000, 16384, PROT_READ) = 0
2660  mprotect(0x725b6190e000, 4096, PROT_READ) = 0
2660  mprotect(0x61f94f622000, 4096, PROT_READ) = 0
2660  mprotect(0x725b61952000, 8192, PROT_READ) = 0
2660  prlimit64(0, RLIMIT_STACK, NULL, {rlim_cur=8192*1024, rlim_max=RLIM64_INFINITY}) = 0
2660  munmap(0x725b61910000, 29392)     = 0
2660  getrandom("\x80\x04\x0e\xdf\xf0\x46\x43\x8e", 8, GRND_NONBLOCK) = 8
2660  brk(NULL)                         = 0x61f950223000
2660  brk(0x61f950244000)               = 0x61f950244000
2660  pipe([3, 4])                      = 0
2660  clone(child_stack=NULL, flags=CLONE_CHILD_CLEARTID|CLONE_CHILD_SETTID|SIGCHLD, child_tidptr=0x725b615fda10) = 2661
2660  pipe([5, 6])                      = 0
2660  clone(child_stack=NULL, flags=CLONE_CHILD_CLEARTID|CLONE_CHILD_SETTID|SIGCHLD, child_tidptr=0x725b615fda10) = 2662
2660  pipe([7, 8])                      = 0
2660  clone(child_stack=NULL, flags=CLONE_CHILD_CLEARTID|CLONE_CHILD_SETTID|SIGCHLD, child_tidptr=0x725b615fda10) = 2663
2661  set_robust_list(0x725b615fda20, 24 <unfinished ...>
2660  pipe([9, 10])                     = 0
2660  clone(child_stack=NULL, flags=CLONE_CHILD_CLEARTID|CLONE_CHILD_SETTID|SIGCHLD, child_tidptr=0x725b615fda10) = 2664
2662  set_robust_list(0x725b615fda20, 24 <unfinished ...>
2660  wait4(-1,  <unfinished ...>
2662  <... set_robust_list resumed>)    = 0
2661  <... set_robust_list resumed>)    = 0
2663  set_robust_list(0x725b615fda20, 24) = 0
2664  set_robust_list(0x725b615fda20, 24) = 0
2661  write(4, "11734\n", 6)            = 6
2661  exit_group(0)                     = ?
2661  +++ exited with 0 +++
2660  <... wait4 resumed>NULL, 0, NULL) = 2661
2660  --- SIGCHLD {si_signo=SIGCHLD, si_code=CLD_EXITED, si_pid=2661, si_uid=1000, si_status=0, si_utime=0, si_stime=0} ---
2660  wait4(-1,  <unfinished ...>
2662  write(6, "10310\n", 6)            = 6
2662  exit_group(0)                     = ?
2662  +++ exited with 0 +++
2660  <... wait4 resumed>NULL, 0, NULL) = 2662
2660  --- SIGCHLD {si_signo=SIGCHLD, si_code=CLD_EXITED, si_pid=2662, si_uid=1000, si_status=0, si_utime=1, si_stime=0} ---
2660  wait4(-1,  <unfinished ...>
2663  write(8, "9860\n", 5)             = 5
2663  exit_group(0)                     = ?
2663  +++ exited with 0 +++
2660  <... wait4 resumed>NULL, 0, NULL) = 2663
2660  --- SIGCHLD {si_signo=SIGCHLD, si_code=CLD_EXITED, si_pid=2663, si_uid=1000, si_status=0, si_utime=1, si_stime=0} ---
2660  wait4(-1,  <unfinished ...>
2664  write(10, "9634\n", 5)            = 5
2664  exit_group(0)                     = ?
2664  +++ exited with 0 +++
2660  <... wait4 resumed>NULL, 0, NULL) = 2664
2660  --- SIGCHLD {si_signo=SIGCHLD, si_code=CLD_EXITED, si_pid=2664, si_uid=1000, si_status=0, si_utime=1, si_stime=0} ---
2660  read(3, "1", 1)                   = 1
2660  read(3, "1", 1)                   = 1
2660  read(3, "7", 1)                   = 1
2660  read(3, "3", 1)                   = 1
2660  read(3, "4", 1)                   = 1
2660  read(3, "\n", 1)                  = 1
2660  read(5, "1", 1)                   = 1
2660  read(5, "0", 1)                   = 1
2660  read(5, "3", 1)                   = 1
2660  read(5, "1", 1)                   = 1
2660  read(5, "0", 1)                   = 1
2660  read(5, "\n", 1)                  = 1
2660  read(7, "9", 1)                   = 1
2660  read(7, "8", 1)                   = 1
2660  read(7, "6", 1)                   = 1
2660  read(7, "0", 1)                   = 1
2660  read(7, "\n", 1)                  = 1
2660  read(9, "9", 1)                   = 1
2660  read(9, "6", 1)                   = 1
2660  read(9, "3", 1)                   = 1
2660  read(9, "4", 1)                   = 1
2660  read(9, "\n", 1)                  = 1
2660  newfstatat(1, "", {st_mode=S_IFREG|0664, st_size=89, ...}, AT_EMPTY_PATH) = 0
2660  write(1, "Testcase: 2 numP: 4 Expected: 41"..., 89) = 89
2660  exit_group(0)                     = ?
2660  +++ exited with 0 +++
