2677  execve("./cprime", ["./cprime", "500000", "8", "3"], 0x7ffca85e1ce0 /* 18 vars */) = 0
2677  brk(NULL)                         = 0x580ef8d92000
2677  arch_prctl(0x3001 /* ARCH_??? */, 0x7ffd4fabf840) = -1 EINVAL (Invalid argument)
2677  mmap(NULL, 8192, PROT_READ|PROT_WRITE, MAP_PRIVATE|MAP_ANONYMOUS, -1, 0) = 0x7b6bcb92a000
2677  access("/etc/ld.so.preload", R_OK) = -1 ENOENT (No such file or directory)
2677  openat(AT_FDCWD, "/etc/ld.so.cache", O_RDONLY|O_CLOEXEC) = 3
2677  newfstatat(3, "", {st_mode=S_IFREG|0644, st_size=29392, ...}, AT_EMPTY_PATH) = 0
2677  mmap(NULL, 29392, PROT_READ, MAP_PRIVATE, 3, 0) = 0x7b6bcb922000
2677  close(3)                          = 0
2677  openat(AT_FDCWD, "/lib/x86_64-linux-gnu/libm.so.6", O_RDONLY|O_CLOEXEC) = 3
2677  read(3, "\177ELF\2\1\1\3\0\0\0\0\0\0\0\0\3\0>\0\1\0\0\0\0\0\0\0\0\0\0\0"..., 832) = 832
2677  newfstatat(3, "", {st_mode=S_IFREG|0644, st_size=940560, ...}, AT_EMPTY_PATH) = 0
2677  mmap(NULL, 942344, PROT_READ, MAP_PRIVATE|MAP_DENYWRITE, 3, 0) = 0x7b6bcb83b000
2677  mmap(0x7b6bcb849000, 507904, PROT_READ|PROT_EXEC, MAP_PRIVATE|MAP_FIXED|MAP_DENYWRITE, 3, 0xe000) = 0x7b6bcb849000
2677  mmap(0x7b6bcb8c5000, 372736, PROT_READ, MAP_PRIVATE|MAP_FIXED|MAP_DENYWRITE, 3, 0x8a000) = 0x7b6bcb8c5000
2677  mmap(0x7b6bcb920000, 8192, PROT_READ|PROT_WRITE, MAP_PRIVATE|MAP_FIXED|MAP_DENYWRITE, 3, 0xe4000) = 0x7b6bcb920000
2677  close(3)                          = 0
2677  openat(AT_FDCWD, "/lib/x86_64-linux-gnu/libc.so.6", O_RDONLY|O_CLOEXEC) = 3
2677  read(3, "\177ELF\2\1\1\3\0\0\0\0\0\0\0\0\3\0>\0\1\0\0\0P\237\2\0\0\0\0\0"..., 832) = 832
2677  pread64(3, "\6\0\0\0\4\0\0\0@\0\0\0\0\0\0\0@\0\0\0\0\0\0\0@\0\0\0\0\0\0\0"..., 784, 64) = 784
2677  pread64(3, "\4\0\0\0 \0\0\0\5\0\0\0GNU\0\2\0\0\300\4\0\0\0\3\0\0\0\0\0\0\0"..., 48, 848) = 48
2677  pread64(3, "\4\0\0\0\24\0\0\0\3\0\0\0GNU\0\325\31p\226\367\t\200\30)\261\30\257\33|\366c"..., 68, 896) = 68
2677  newfstatat(3, "", {st_mode=S_IFREG|0755, st_size=2220400, ...}, AT_EMPTY_PATH) = 0
2677  pread64(3, "\6\0\0\0\4\0\0\0@\0\0\0\0\0\0\0@\0\0\0\0\0\0\0@\0\0\0\0\0\0\0"..., 784, 64) = 784
2677  mmap(NULL, 2264656, PROT_READ, MAP_PRIVATE|MAP_DENYWRITE, 3, 0) = 0x7b6bcb612000
2677  mprotect(0x7b6bcb63a000, 2023424, PROT_NONE) = 0
2677  mmap(0x7b6bcb63a000, 1658880, PROT_READ|PROT_EXEC, MAP_PRIVATE|MAP_FIXED|MAP_DENYWRITE, 3, 0x28000) = 0x7b6bcb63a000
2677  mmap(0x7b6bcb7cf000, 360448, PROT_READ, MAP_PRIVATE|MAP_FIXED|MAP_DENYWRITE, 3, 0x1bd000) = 0x7b6bcb7cf000
2677  mmap(0x7b6bcb828000, 24576, PROT_READ|PROT_WRITE, MAP_PRIVATE|MAP_FIXED|MAP_DENYWRITE, 3, 0x215000) = 0x7b6bcb828000
2677  mmap(0x7b6bcb82e000, 52816, PROT_READ|PROT_WRITE, MAP_PRIVATE|MAP_FIXED|MAP_ANONYMOUS, -1, 0) = 0x7b6bcb82e000
2677  close(3)                          = 0
2677  mmap(NULL, 12288, PROT_READ|PROT_WRITE, MAP_PRIVATE|MAP_ANONYMOUS, -1, 0) = 0x7b6bcb60f000
2677  arch_prctl(ARCH_SET_FS, 0x7b6bcb60f740) = 0
2677  set_tid_address(0x7b6bcb60fa10)   = 2677
2677  set_robust_list(0x7b6bcb60fa20, 24) = 0
2677  rseq(0x7b6bcb6100e0, 0x20, 0, 0x53053053) = 0
2677  mprotect(0x7b6bcb828000, 16384, PROT_READ) = 0
2677  mprotect(0x7b6bcb920000, 4096, PROT_READ) = 0
2677  mprotect(0x580ef7c50000, 4096, PROT_READ) = 0
2677  mprotect(0x7b6bcb964000, 8192, PROT_READ) = 0
2677  prlimit64(0, RLIMIT_STACK, NULL, {rlim_cur=8192*1024, rlim_max=RLIM64_INFINITY}) = 0
2677  munmap(0x7b6bcb922000, 29392)     = 0
2677  getrandom("\x97\xe2\xf0\x26\xe1\x9d\xfa\x69", 8, GRND_NONBLOCK) = 8
2677  brk(NULL)                         = 0x580ef8d92000
2677  brk(0x580ef8db3000)               = 0x580ef8db3000
2677  pipe([3, 4])                      = 0
2677  clone(child_stack=NULL, flags=CLONE_CHILD_CLEARTID|CLONE_CHILD_SETTID|SIGCHLD, child_tidptr=0x7b6bcb60fa10) = 2678
2677  pipe([5, 6])                      = 0
2677  clone(child_stack=NULL, flags=CLONE_CHILD_CLEARTID|CLONE_CHILD_SETTID|SIGCHLD, child_tidptr=0x7b6bcb60fa10) = 2679
2677  pipe([7, 8])                      = 0
2677  clone(child_stack=NULL, flags=CLONE_CHILD_CLEARTID|CLONE_CHILD_SETTID|SIGCHLD, child_tidptr=0x7b6bcb60fa10) = 2680
2678  set_robust_list(0x7b6bcb60fa20, 24 <unfinished ...>
2677  pipe([9, 10])                     = 0
2677  clone(child_stack=NULL, flags=CLONE_CHILD_CLEARTID|CLONE_CHILD_SETTID|SIGCHLD <unfinished ...>
2679  set_robust_list(0x7b6bcb60fa20, 24 <unfinished ...>
2677  <... clone resumed>, child_tidptr=0x7b6bcb60fa10) = 2681
2679  <... set_robust_list resumed>)    = 0
2677  pipe([11, 12])                    = 0
2677  clone(child_stack=NULL, flags=CLONE_CHILD_CLEARTID|CLONE_CHILD_SETTID|SIGCHLD <unfinished ...>
2678  <... set_robust_list resumed>)    = 0
2680  set_robust_list(0x7b6bcb60fa20, 24 <unfinished ...>
2677  <... clone resumed>, child_tidptr=0x7b6bcb60fa10) = 2682
2680  <... set_robust_list resumed>)    = 0
2677  pipe([13, 14])                    = 0
2677  clone(child_stack=NULL, flags=CLONE_CHILD_CLEARTID|CLONE_CHILD_SETTID|SIGCHLD <unfinished ...>
2682  set_robust_list(0x7b6bcb60fa20, 24) = 0
2677  <... clone resumed>, child_tidptr=0x7b6bcb60fa10) = 2683
2683  set_robust_list(0x7b6bcb60fa20, 24 <unfinished ...>
2677  pipe( <unfinished ...>
2683  <... set_robust_list resumed>)    = 0
2677  <... pipe resumed>[15, 16])       = 0
2677  clone(child_stack=NULL, flags=CLONE_CHILD_CLEARTID|CLONE_CHILD_SETTID|SIGCHLD <unfinished ...>
2681  set_robust_list(0x7b6bcb60fa20, 24 <unfinished ...>
2677  <... clone resumed>, child_tidptr=0x7b6bcb60fa10) = 2684
2681  <... set_robust_list resumed>)    = 0
2677  pipe([17, 18])                    = 0
2677  clone(child_stack=NULL, flags=CLONE_CHILD_CLEARTID|CLONE_CHILD_SETTID|SIGCHLD <unfinished ...>
2684  set_robust_list(0x7b6bcb60fa20, 24) = 0
2677  <... clone resumed>, child_tidptr=0x7b6bcb60fa10) = 2685
2685  set_robust_list(0x7b6bcb60fa20, 24 <unfinished ...>
2677  wait4(-1,  <unfinished ...>
2685  <... set_robust_list resumed>)    = 0
2678  write(4, "6275\n", 5)             = 5
2678  exit_group(0)                     = ?
2678  +++ exited with 0 +++
2677  <... wait4 resumed>NULL, 0, NULL) = 2678
2677  --- SIGCHLD {si_signo=SIGCHLD, si_code=CLD_EXITED, si_pid=2678, si_uid=1000, si_status=0, si_utime=0, si_stime=0} ---
2677  wait4(-1,  <unfinished ...>
2679  write(6, "5459\n", 5)             = 5
2679  exit_group(0)                     = ?
2679  +++ exited with 0 +++
2677  <... wait4 resumed>NULL, 0, NULL) = 2679
2677  --- SIGCHLD {si_signo=SIGCHLD, si_code=CLD_EXITED, si_pid=2679, si_uid=1000, si_status=0, si_utime=0, si_stime=0} ---
2677  wait4(-1,  <unfinished ...>
2680  write(8, "5230\n", 5)             = 5
2680  exit_group(0)                     = ?
2680  +++ exited with 0 +++
2677  <... wait4 resumed>NULL, 0, NULL) = 2680
2677  --- SIGCHLD {si_signo=SIGCHLD, si_code=CLD_EXITED, si_pid=2680, si_uid=1000, si_status=0, si_utime=0, si_stime=0} ---
2677  wait4(-1,  <unfinished ...>
2682  write(12, "4948\n", 5)            = 5
2682  exit_group(0)                     = ?
2682  +++ exited with 0 +++
2677  <... wait4 resumed>NULL, 0, NULL) = 2682
2677  --- SIGCHLD {si_signo=SIGCHLD, si_code=CLD_EXITED, si_pid=2682, si_uid=1000, si_status=0, si_utime=0, si_stime=0} ---
2677  wait4(-1,  <unfinished ...>
2683  write(14, "4912\n", 5)            = 5
2683  exit_group(0)                     = ?
2683  +++ exited with 0 +++
2677  <... wait4 resumed>NULL, 0, NULL) = 2683
2677  --- SIGCHLD {si_signo=SIGCHLD, si_code=CLD_EXITED, si_pid=2683, si_uid=1000, si_status=0, si_utime=0, si_stime=0} ---
2677  wait4(-1,  <unfinished ...>
2681  write(10, "5080\n", 5)            = 5
2681  exit_group(0)                     = ?
2681  +++ exited with 0 +++
2677  <... wait4 resumed>NULL, 0, NULL) = 2681
2677  --- SIGCHLD {si_signo=SIGCHLD, si_code=CLD_EXITED, si_pid=2681, si_uid=1000, si_status=0, si_utime=0, si_stime=0} ---
2677  wait4(-1,  <unfinished ...>
2684  write(16, "4852\n", 5)            = 5
2684  exit_group(0)                     = ?
2684  +++ exited with 0 +++
2677  <... wait4 resumed>NULL, 0, NULL) = 2684
2677  --- SIGCHLD {si_signo=SIGCHLD, si_code=CLD_EXITED, si_pid=2684, si_uid=1000, si_status=0, si_utime=0, si_stime=0} ---
2677  wait4(-1,  <unfinished ...>
2685  write(18, "4782\n", 5)            = 5
2685  exit_group(0)                     = ?
2685  +++ exited with 0 +++
2677  <... wait4 resumed>NULL, 0, NULL) = 2685
2677  --- SIGCHLD {si_signo=SIGCHLD, si_code=CLD_EXITED, si_pid=2685, si_uid=1000, si_status=0, si_utime=0, si_stime=0} ---
2677  read(3, "6", 1)                   = 1
2677  read(3, "2", 1)                   = 1
2677  read(3, "7", 1)                   = 1
2677  read(3, "5", 1)                   = 1
2677  read(3, "\n", 1)                  = 1
2677  read(5, "5", 1)                   = 1
2677  read(5, "4", 1)                   = 1
2677  read(5, "5", 1)                   = 1
2677  read(5, "9", 1)                   = 1
2677  read(5, "\n", 1)                  = 1
2677  read(7, "5", 1)                   = 1
2677  read(7, "2", 1)                   = 1
2677  read(7, "3", 1)                   = 1
2677  read(7, "0", 1)                   = 1
2677  read(7, "\n", 1)                  = 1
2677  read(9, "5", 1)                   = 1
2677  read(9, "0", 1)                   = 1
2677  read(9, "8", 1)                   = 1
2677  read(9, "0", 1)                   = 1
2677  read(9, "\n", 1)                  = 1
2677  read(11, "4", 1)                  = 1
2677  read(11, "9", 1)                  = 1
2677  read(11, "4", 1)                  = 1
2677  read(11, "8", 1)                  = 1
2677  read(11, "\n", 1)                 = 1
2677  read(13, "4", 1)                  = 1
2677  read(13, "9", 1)                  = 1
2677  read(13, "1", 1)                  = 1
2677  read(13, "2", 1)                  = 1
2677  read(13, "\n", 1)                 = 1
2677  read(15, "4", 1)                  = 1
2677  read(15, "8", 1)                  = 1
2677  read(15, "5", 1)                  = 1
2677  read(15, "2", 1)                  = 1
2677  read(15, "\n", 1)                 = 1
2677  read(17, "4", 1)                  = 1
2677  read(17, "7", 1)                  = 1
2677  read(17, "8", 1)                  = 1
2677  read(17, "2", 1)                  = 1
2677  read(17, "\n", 1)                 = 1
2677  newfstatat(1, "", {st_mode=S_IFREG|0664, st_size=178, ...}, AT_EMPTY_PATH) = 0
2677  write(1, "Testcase: 3 numP: 8 Expected: 41"..., 89) = 89
2677  exit_group(0)                     = ?
2677  +++ exited with 0 +++
