2698  execve("./cprime", ["./cprime", "5000000", "4", "4"], 0x7ffcc9c9ca90 /* 18 vars */) = 0
2698  brk(NULL)                         = 0x5cd22f86f000
2698  arch_prctl(0x3001 /* ARCH_??? */, 0x7ffe2cd26030) = -1 EINVAL (Invalid argument)
2698  mmap(NULL, 8192, PROT_READ|PROT_WRITE, MAP_PRIVATE|MAP_ANONYMOUS, -1, 0) = 0x7572fdddb000
2698  access("/etc/ld.so.preload", R_OK) = -1 ENOENT (No such file or directory)
2698  openat(AT_FDCWD, "/etc/ld.so.cache", O_RDONLY|O_CLOEXEC) = 3
2698  newfstatat(3, "", {st_mode=S_IFREG|0644, st_size=29392, ...}, AT_EMPTY_PATH) = 0
2698  mmap(NULL, 29392, PROT_READ, MAP_PRIVATE, 3, 0) = 0x7572fddd3000
2698  close(3)                          = 0
2698  openat(AT_FDCWD, "/lib/x86_64-linux-gnu/libm.so.6", O_RDONLY|O_CLOEXEC) = 3
2698  read(3, "\177ELF\2\1\1\3\0\0\0\0\0\0\0\0\3\0>\0\1\0\0\0\0\0\0\0\0\0\0\0"..., 832) = 832
2698  newfstatat(3, "", {st_mode=S_IFREG|0644, st_size=940560, ...}, AT_EMPTY_PATH) = 0
2698  mmap(NULL, 942344, PROT_READ, MAP_PRIVATE|MAP_DENYWRITE, 3, 0) = 0x7572fdcec000
2698  mmap(0x7572fdcfa000, 507904, PROT_READ|PROT_EXEC, MAP_PRIVATE|MAP_FIXED|MAP_DENYWRITE, 3, 0xe000) = 0x7572fdcfa000
2698  mmap(0x7572fdd76000, 372736, PROT_READ, MAP_PRIVATE|MAP_FIXED|MAP_DENYWRITE, 3, 0x8a000) = 0x7572fdd76000
2698  mmap(0x7572fddd1000, 8192, PROT_READ|PROT_WRITE, MAP_PRIVATE|MAP_FIXED|MAP_DENYWRITE, 3, 0xe4000) = 0x7572fddd1000
2698  close(3)                          = 0
2698  openat(AT_FDCWD, "/lib/x86_64-linux-gnu/libc.so.6", O_RDONLY|O_CLOEXEC) = 3
2698  read(3, "\177ELF\2\1\1\3\0\0\0\0\0\0\0\0\3\0>\0\1\0\0\0P\237\2\0\0\0\0\0"..., 832) = 832
2698  pread64(3, "\6\0\0\0\4\0\0\0@\0\0\0\0\0\0\0@\0\0\0\0\0\0\0@\0\0\0\0\0\0\0"..., 784, 64) = 784
2698  pread64(3, "\4\0\0\0 \0\0\0\5\0\0\0GNU\0\2\0\0\300\4\0\0\0\3\0\0\0\0\0\0\0"..., 48, 848) = 48
2698  pread64(3, "\4\0\0\0\24\0\0\0\3\0\0\0GNU\0\325\31p\226\367\t\200\30)\261\30\257\33|\366c"..., 68, 896) = 68
2698  newfstatat(3, "", {st_mode=S_IFREG|0755, st_size=2220400, ...}, AT_EMPTY_PATH) = 0
2698  pread64(3, "\6\0\0\0\4\0\0\0@\0\0\0\0\0\0\0@\0\0\0\0\0\0\0@\0\0\0\0\0\0\0"..., 784, 64) = 784
2698  mmap(NULL, 2264656, PROT_READ, MAP_PRIVATE|MAP_DENYWRITE, 3, 0) = 0x7572fdac3000
2698  mprotect(0x7572fdaeb000, 2023424, PROT_NONE) = 0
2698  mmap(0x7572fdaeb000, 1658880, PROT_READ|PROT_EXEC, MAP_PRIVATE|MAP_FIXED|MAP_DENYWRITE, 3, 0x28000) = 0x7572fdaeb000
2698  mmap(0x7572fdc80000, 360448, PROT_READ, MAP_PRIVATE|MAP_FIXED|MAP_DENYWRITE, 3, 0x1bd000) = 0x7572fdc80000
2698  mmap(0x7572fdcd9000, 24576, PROT_READ|PROT_WRITE, MAP_PRIVATE|MAP_FIXED|MAP_DENYWRITE, 3, 0x215000) = 0x7572fdcd9000
2698  mmap(0x7572fdcdf000, 52816, PROT_READ|PROT_WRITE, MAP_PRIVATE|MAP_FIXED|MAP_ANONYMOUS, -1, 0) = 0x7572fdcdf000
2698  close(3)                          = 0
2698  mmap(NULL, 12288, PROT_READ|PROT_WRITE, MAP_PRIVATE|MAP_ANONYMOUS, -1, 0) = 0x7572fdac0000
2698  arch_prctl(ARCH_SET_FS, 0x7572fdac0740) = 0
2698  set_tid_address(0x7572fdac0a10)   = 2698
2698  set_robust_list(0x7572fdac0a20, 24) = 0
2698  rseq(0x7572fdac10e0, 0x20, 0, 0x53053053) = 0
2698  mprotect(0x7572fdcd9000, 16384, PROT_READ) = 0
2698  mprotect(0x7572fddd1000, 4096, PROT_READ) = 0
2698  mprotect(0x5cd22f020000, 4096, PROT_READ) = 0
2698  mprotect(0x7572fde15000, 8192, PROT_READ) = 0
2698  prlimit64(0, RLIMIT_STACK, NULL, {rlim_cur=8192*1024, rlim_max=RLIM64_INFINITY}) = 0
2698  munmap(0x7572fddd3000, 29392)     = 0
2698  getrandom("\x5a\xf9\xe7\xb7\x17\xaa\x1c\x15", 8, GRND_NONBLOCK) = 8
2698  brk(NULL)                         = 0x5cd22f86f000
2698  brk(0x5cd22f890000)               = 0x5cd22f890000
2698  pipe([3, 4])                      = 0
2698  clone(child_stack=NULL, flags=CLONE_CHILD_CLEARTID|CLONE_CHILD_SETTID|SIGCHLD, child_tidptr=0x7572fdac0a10) = 2699
2698  pipe([5, 6])                      = 0
2698  clone(child_stack=NULL, flags=CLONE_CHILD_CLEARTID|CLONE_CHILD_SETTID|SIGCHLD, child_tidptr=0x7572fdac0a10) = 2700
2698  pipe([7, 8])                      = 0
2698  clone(child_stack=NULL, flags=CLONE_CHILD_CLEARTID|CLONE_CHILD_SETTID|SIGCHLD, child_tidptr=0x7572fdac0a10) = 2701
2699  set_robust_list(0x7572fdac0a20, 24 <unfinished ...>
2698  pipe([9, 10])                     = 0
2698  clone(child_stack=NULL, flags=CLONE_CHILD_CLEARTID|CLONE_CHILD_SETTID|SIGCHLD <unfinished ...>
2700  set_robust_list(0x7572fdac0a20, 24 <unfinished ...>
2701  set_robust_list(0x7572fdac0a20, 24 <unfinished ...>
2700  <... set_robust_list resumed>)    = 0
2698  <... clone resumed>, child_tidptr=0x7572fdac0a10) = 2702
2701  <... set_robust_list resumed>)    = 0
2698  wait4(-1,  <unfinished ...>
2699  <... set_robust_list resumed>)    = 0
2702  set_robust_list(0x7572fdac0a20, 24) = 0
2699  write(4, "96469\n", 6)            = 6
2699  exit_group(0)                     = ?
2699  +++ exited with 0 +++
2698  <... wait4 resumed>NULL, 0, NULL) = 2699
2698  --- SIGCHLD {si_signo=SIGCHLD, si_code=CLD_EXITED, si_pid=2699, si_uid=1000, si_status=0, si_utime=18, si_stime=0} ---
2698  wait4(-1,  <unfinished ...>
2700  write(6, "86603\n", 6)            = 6
2700  exit_group(0)                     = ?
2700  +++ exited with 0 +++
2698  <... wait4 resumed>NULL, 0, NULL) = 2700
2698  --- SIGCHLD {si_signo=SIGCHLD, si_code=CLD_EXITED, si_pid=2700, si_uid=1000, si_status=0, si_utime=30, si_stime=0} ---
2698  wait4(-1,  <unfinished ...>
2701  write(8, "83645\n", 6)            = 6
2701  exit_group(0)                     = ?
2701  +++ exited with 0 +++
2698  <... wait4 resumed>NULL, 0, NULL) = 2701
2698  --- SIGCHLD {si_signo=SIGCHLD, si_code=CLD_EXITED, si_pid=2701, si_uid=1000, si_status=0, si_utime=38, si_stime=0} ---
2698  wait4(-1,  <unfinished ...>
2702  write(10, "81796\n", 6)           = 6
2702  exit_group(0)                     = ?
2702  +++ exited with 0 +++
2698  <... wait4 resumed>NULL, 0, NULL) = 2702
2698  --- SIGCHLD {si_signo=SIGCHLD, si_code=CLD_EXITED, si_pid=2702, si_uid=1000, si_status=0, si_utime=43, si_stime=0} ---
2698  read(3, "9", 1)                   = 1
2698  read(3, "6", 1)                   = 1
2698  read(3, "4", 1)                   = 1
2698  read(3, "6", 1)                   = 1
2698  read(3, "9", 1)                   = 1
2698  read(3, "\n", 1)                  = 1
2698  read(5, "8", 1)                   = 1
2698  read(5, "6", 1)                   = 1
2698  read(5, "6", 1)                   = 1
2698  read(5, "0", 1)                   = 1
2698  read(5, "3", 1)                   = 1
2698  read(5, "\n", 1)                  = 1
2698  read(7, "8", 1)                   = 1
2698  read(7, "3", 1)                   = 1
2698  read(7, "6", 1)                   = 1
2698  read(7, "4", 1)                   = 1
2698  read(7, "5", 1)                   = 1
2698  read(7, "\n", 1)                  = 1
2698  read(9, "8", 1)                   = 1
2698  read(9, "1", 1)                   = 1
2698  read(9, "7", 1)                   = 1
2698  read(9, "9", 1)                   = 1
2698  read(9, "6", 1)                   = 1
2698  read(9, "\n", 1)                  = 1
2698  newfstatat(1, "", {st_mode=S_IFREG|0664, st_size=267, ...}, AT_EMPTY_PATH) = 0
2698  write(1, "Testcase: 4 numP: 4 Expected: 34"..., 94) = 94
2698  exit_group(0)                     = ?
2698  +++ exited with 0 +++
