2715  execve("./cprime", ["./cprime", "5000000", "8", "5"], 0x7ffcd167b1a0 /* 18 vars */) = 0
2715  brk(NULL)                         = 0x5dfa81f8f000
2715  arch_prctl(0x3001 /* ARCH_??? */, 0x7ffdc9fc2e60) = -1 EINVAL (Invalid argument)
2715  mmap(NULL, 8192, PROT_READ|PROT_WRITE, MAP_PRIVATE|MAP_ANONYMOUS, -1, 0) = 0x784431e0d000
2715  access("/etc/ld.so.preload", R_OK) = -1 ENOENT (No such file or directory)
2715  openat(AT_FDCWD, "/etc/ld.so.cache", O_RDONLY|O_CLOEXEC) = 3
2715  newfstatat(3, "", {st_mode=S_IFREG|0644, st_size=29392, ...}, AT_EMPTY_PATH) = 0
2715  mmap(NULL, 29392, PROT_READ, MAP_PRIVATE, 3, 0) = 0x784431e05000
2715  close(3)                          = 0
2715  openat(AT_FDCWD, "/lib/x86_64-linux-gnu/libm.so.6", O_RDONLY|O_CLOEXEC) = 3
2715  read(3, "\177ELF\2\1\1\3\0\0\0\0\0\0\0\0\3\0>\0\1\0\0\0\0\0\0\0\0\0\0\0"..., 832) = 832
2715  newfstatat(3, "", {st_mode=S_IFREG|0644, st_size=940560, ...}, AT_EMPTY_PATH) = 0
2715  mmap(NULL, 942344, PROT_READ, MAP_PRIVATE|MAP_DENYWRITE, 3, 0) = 0x784431d1e000
2715  mmap(0x784431d2c000, 507904, PROT_READ|PROT_EXEC, MAP_PRIVATE|MAP_FIXED|MAP_DENYWRITE, 3, 0xe000) = 0x784431d2c000
2715  mmap(0x784431da8000, 372736, PROT_READ, MAP_PRIVATE|MAP_FIXED|MAP_DENYWRITE, 3, 0x8a000) = 0x784431da8000
2715  mmap(0x784431e03000, 8192, PROT_READ|PROT_WRITE, MAP_PRIVATE|MAP_FIXED|MAP_DENYWRITE, 3, 0xe4000) = 0x784431e03000
2715  close(3)                          = 0
2715  openat(AT_FDCWD, "/lib/x86_64-linux-gnu/libc.so.6", O_RDONLY|O_CLOEXEC) = 3
2715  read(3, "\177ELF\2\1\1\3\0\0\0\0\0\0\0\0\3\0>\0\1\0\0\0P\237\2\0\0\0\0\0"..., 832) = 832
2715  pread64(3, "\6\0\0\0\4\0\0\0@\0\0\0\0\0\0\0@\0\0\0\0\0\0\0@\0\0\0\0\0\0\0"..., 784, 64) = 784
2715  pread64(3, "\4\0\0\0 \0\0\0\5\0\0\0GNU\0\2\0\0\300\4\0\0\0\3\0\0\0\0\0\0\0"..., 48, 848) = 48
2715  pread64(3, "\4\0\0\0\24\0\0\0\3\0\0\0GNU\0\325\31p\226\367\t\200\30)\261\30\257\33|\366c"..., 68, 896) = 68
2715  newfstatat(3, "", {st_mode=S_IFREG|0755, st_size=2220400, ...}, AT_EMPTY_PATH) = 0
2715  pread64(3, "\6\0\0\0\4\0\0\0@\0\0\0\0\0\0\0@\0\0\0\0\0\0\0@\0\0\0\0\0\0\0"..., 784, 64) = 784
2715  mmap(NULL, 2264656, PROT_READ, MAP_PRIVATE|MAP_DENYWRITE, 3, 0) = 0x784431af5000
2715  mprotect(0x784431b1d000, 2023424, PROT_NONE) = 0
2715  mmap(0x784431b1d000, 1658880, PROT_READ|PROT_EXEC, MAP_PRIVATE|MAP_FIXED|MAP_DENYWRITE, 3, 0x28000) = 0x784431b1d000
2715  mmap(0x784431cb2000, 360448, PROT_READ, MAP_PRIVATE|MAP_FIXED|MAP_DENYWRITE, 3, 0x1bd000) = 0x784431cb2000
2715  mmap(0x784431d0b000, 24576, PROT_READ|PROT_WRITE, MAP_PRIVATE|MAP_FIXED|MAP_DENYWRITE, 3, 0x215000) = 0x784431d0b000
2715  mmap(0x784431d11000, 52816, PROT_READ|PROT_WRITE, MAP_PRIVATE|MAP_FIXED|MAP_ANONYMOUS, -1, 0) = 0x784431d11000
2715  close(3)                          = 0
2715  mmap(NULL, 12288, PROT_READ|PROT_WRITE, MAP_PRIVATE|MAP_ANONYMOUS, -1, 0) = 0x784431af2000
2715  arch_prctl(ARCH_SET_FS, 0x784431af2740) = 0
2715  set_tid_address(0x784431af2a10)   = 2715
2715  set_robust_list(0x784431af2a20, 24) = 0
2715  rseq(0x784431af30e0, 0x20, 0, 0x53053053) = 0
2715  mprotect(0x784431d0b000, 16384, PROT_READ) = 0
2715  mprotect(0x784431e03000, 4096, PROT_READ) = 0
2715  mprotect(0x5dfa80741000, 4096, PROT_READ) = 0
2715  mprotect(0x784431e47000, 8192, PROT_READ) = 0
2715  prlimit64(0, RLIMIT_STACK, NULL, {rlim_cur=8192*1024, rlim_max=RLIM64_INFINITY}) = 0
2715  munmap(0x784431e05000, 29392)     = 0
2715  getrandom("\x1e\xac\xe2\xb2\x04\xb3\x3c\x78", 8, GRND_NONBLOCK) = 8
2715  brk(NULL)                         = 0x5dfa81f8f000
2715  brk(0x5dfa81fb0000)               = 0x5dfa81fb0000
2715  pipe([3, 4])                      = 0
2715  clone(child_stack=NULL, flags=CLONE_CHILD_CLEARTID|CLONE_CHILD_SETTID|SIGCHLD, child_tidptr=0x784431af2a10) = 2716
2715  pipe([5, 6])                      = 0
2715  clone(child_stack=NULL, flags=CLONE_CHILD_CLEARTID|CLONE_CHILD_SETTID|SIGCHLD, child_tidptr=0x784431af2a10) = 2717
2715  pipe([7, 8])                      = 0
2715  clone(child_stack=NULL, flags=CLONE_CHILD_CLEARTID|CLONE_CHILD_SETTID|SIGCHLD, child_tidptr=0x784431af2a10) = 2718
2716  set_robust_list(0x784431af2a20, 24 <unfinished ...>
2715  pipe([9, 10])                     = 0
2715  clone(child_stack=NULL, flags=CLONE_CHILD_CLEARTID|CLONE_CHILD_SETTID|SIGCHLD <unfinished ...>
2717  set_robust_list(0x784431af2a20, 24 <unfinished ...>
2715  <... clone resumed>, child_tidptr=0x784431af2a10) = 2719
2717  <... set_robust_list resumed>)    = 0
2715  pipe([11, 12])                    = 0
2715  clone(child_stack=NULL, flags=CLONE_CHILD_CLEARTID|CLONE_CHILD_SETTID|SIGCHLD <unfinished ...>
2716  <... set_robust_list resumed>)    = 0
2718  set_robust_list(0x784431af2a20, 24 <unfinished ...>
2715  <... clone resumed>, child_tidptr=0x784431af2a10) = 2720
2718  <... set_robust_list resumed>)    = 0
2715  pipe([13, 14])                    = 0
2715  clone(child_stack=NULL, flags=CLONE_CHILD_CLEARTID|CLONE_CHILD_SETTID|SIGCHLD, child_tidptr=0x784431af2a10) = 2721
2715  pipe([15, 16])                    = 0
2715  clone(child_stack=NULL, flags=CLONE_CHILD_CLEARTID|CLONE_CHILD_SETTID|SIGCHLD <unfinished ...>
2721  set_robust_list(0x784431af2a20, 24 <unfinished ...>
2719  set_robust_list(0x784431af2a20, 24 <unfinished ...>
2721  <... set_robust_list resumed>)    = 0
2715  <... clone resumed>, child_tidptr=0x784431af2a10) = 2722
2719  <... set_robust_list resumed>)    = 0
2715  pipe( <unfinished ...>
2720  set_robust_list(0x784431af2a20, 24 <unfinished ...>
2715  <... pipe resumed>[17, 18])       = 0
2715  clone(child_stack=NULL, flags=CLONE_CHILD_CLEARTID|CLONE_CHILD_SETTID|SIGCHLD <unfinished ...>
2722  set_robust_list(0x784431af2a20, 24 <unfinished ...>
2720  <... set_robust_list resumed>)    = 0
2715  <... clone resumed>, child_tidptr=0x784431af2a10) = 2723
2723  set_robust_list(0x784431af2a20, 24 <unfinished ...>
2715  wait4(-1,  <unfinished ...>
2723  <... set_robust_list resumed>)    = 0
2722  <... set_robust_list resumed>)    = 0
2716  write(4, "50986\n", 6)            = 6
2716  exit_group(0)                     = ?
2716  +++ exited with 0 +++
2715  <... wait4 resumed>NULL, 0, NULL) = 2716
2715  --- SIGCHLD {si_signo=SIGCHLD, si_code=CLD_EXITED, si_pid=2716, si_uid=1000, si_status=0, si_utime=7, si_stime=0} ---
2715  wait4(-1,  <unfinished ...>
2717  write(6, "45483\n", 6)            = 6
2717  exit_group(0)                     = ?
2717  +++ exited with 0 +++
2715  <... wait4 resumed>NULL, 0, NULL) = 2717
2715  --- SIGCHLD {si_signo=SIGCHLD, si_code=CLD_EXITED, si_pid=2717, si_uid=1000, si_status=0, si_utime=11, si_stime=0} ---
2715  wait4(-1,  <unfinished ...>
2718  write(8, "43822\n", 6)            = 6
2718  exit_group(0)                     = ?
2718  +++ exited with 0 +++
2715  <... wait4 resumed>NULL, 0, NULL) = 2718
2715  --- SIGCHLD {si_signo=SIGCHLD, si_code=CLD_EXITED, si_pid=2718, si_uid=1000, si_status=0, si_utime=14, si_stime=0} ---
2715  wait4(-1,  <unfinished ...>
2719  write(10, "42781\n", 6)           = 6
2719  exit_group(0)                     = ?
2719  +++ exited with 0 +++
2715  <... wait4 resumed>NULL, 0, NULL) = 2719
2715  --- SIGCHLD {si_signo=SIGCHLD, si_code=CLD_EXITED, si_pid=2719, si_uid=1000, si_status=0, si_utime=16, si_stime=0} ---
2715  wait4(-1,  <unfinished ...>
2720  write(12, "42103\n", 6)           = 6
2720  exit_group(0)                     = ?
2720  +++ exited with 0 +++
2715  <... wait4 resumed>NULL, 0, NULL) = 2720
2715  --- SIGCHLD {si_signo=SIGCHLD, si_code=CLD_EXITED, si_pid=2720, si_uid=1000, si_status=0, si_utime=18, si_stime=0} ---
2715  wait4(-1,  <unfinished ...>
2721  write(14, "41542\n", 6)           = 6
2721  exit_group(0)                     = ?
2721  +++ exited with 0 +++
2715  <... wait4 resumed>NULL, 0, NULL) = 2721
2715  --- SIGCHLD {si_signo=SIGCHLD, si_code=CLD_EXITED, si_pid=2721, si_uid=1000, si_status=0, si_utime=19, si_stime=0} ---
2715  wait4(-1,  <unfinished ...>
2722  write(16, "41010\n", 6)           = 6
2722  exit_group(0)                     = ?
2722  +++ exited with 0 +++
2715  <... wait4 resumed>NULL, 0, NULL) = 2722
2715  --- SIGCHLD {si_signo=SIGCHLD, si_code=CLD_EXITED, si_pid=2722, si_uid=1000, si_status=0, si_utime=21, si_stime=0} ---
2715  wait4(-1,  <unfinished ...>
2723  write(18, "40786\n", 6)           = 6
2723  exit_group(0)                     = ?
2723  +++ exited with 0 +++
2715  <... wait4 resumed>NULL, 0, NULL) = 2723
2715  --- SIGCHLD {si_signo=SIGCHLD, si_code=CLD_EXITED, si_pid=2723, si_uid=1000, si_status=0, si_utime=22, si_stime=0} ---
2715  read(3, "5", 1)                   = 1
2715  read(3, "0", 1)                   = 1
2715  read(3, "9", 1)                   = 1
2715  read(3, "8", 1)                   = 1
2715  read(3, "6", 1)                   = 1
2715  read(3, "\n", 1)                  = 1
2715  read(5, "4", 1)                   = 1
2715  read(5, "5", 1)                   = 1
2715  read(5, "4", 1)                   = 1
2715  read(5, "8", 1)                   = 1
2715  read(5, "3", 1)                   = 1
2715  read(5, "\n", 1)                  = 1
2715  read(7, "4", 1)                   = 1
2715  read(7, "3", 1)                   = 1
2715  read(7, "8", 1)                   = 1
2715  read(7, "2", 1)                   = 1
2715  read(7, "2", 1)                   = 1
2715  read(7, "\n", 1)                  = 1
2715  read(9, "4", 1)                   = 1
2715  read(9, "2", 1)                   = 1
2715  read(9, "7", 1)                   = 1
2715  read(9, "8", 1)                   = 1
2715  read(9, "1", 1)                   = 1
2715  read(9, "\n", 1)                  = 1
2715  read(11, "4", 1)                  = 1
2715  read(11, "2", 1)                  = 1
2715  read(11, "1", 1)                  = 1
2715  read(11, "0", 1)                  = 1
2715  read(11, "3", 1)                  = 1
2715  read(11, "\n", 1)                 = 1
2715  read(13, "4", 1)                  = 1
2715  read(13, "1", 1)                  = 1
2715  read(13, "5", 1)                  = 1
2715  read(13, "4", 1)                  = 1
2715  read(13, "2", 1)                  = 1
2715  read(13, "\n", 1)                 = 1
2715  read(15, "4", 1)                  = 1
2715  read(15, "1", 1)                  = 1
2715  read(15, "0", 1)                  = 1
2715  read(15, "1", 1)                  = 1
2715  read(15, "0", 1)                  = 1
2715  read(15, "\n", 1)                 = 1
2715  read(17, "4", 1)                  = 1
2715  read(17, "0", 1)                  = 1
2715  read(17, "7", 1)                  = 1
2715  read(17, "8", 1)                  = 1
2715  read(17, "6", 1)                  = 1
2715  read(17, "\n", 1)                 = 1
2715  newfstatat(1, "", {st_mode=S_IFREG|0664, st_size=361, ...}, AT_EMPTY_PATH) = 0
2715  write(1, "Testcase: 5 numP: 8 Expected: 34"..., 94) = 94
2715  exit_group(0)                     = ?
2715  +++ exited with 0 +++
